Archive member included to satisfy reference by file (symbol)

.build/obj_crkbd_rev1_r2g/i2c_master.a(i2c_master.o)
                              .build/obj_crkbd_rev1_r2g/oled_driver.o (symbol from plugin) (i2c_init)
.build/obj_crkbd_rev1_r2g/serial.a(serial.o)
                              .build/obj_crkbd_rev1_r2g/quantum/split_common/transport.o (symbol from plugin) (soft_serial_initiator_init)
c:/qmk_msys/mingw64/bin/../lib/gcc/avr/12.2.0/avr5\libgcc.a(_udivmodhi4.o)
                              .build/obj_crkbd_rev1_r2g/i2c_master.a(i2c_master.o) (__udivmodhi4)
c:/qmk_msys/mingw64/bin/../lib/gcc/avr/12.2.0/avr5\libgcc.a(_exit.o)
                              c:/qmk_msys/mingw64/bin/../lib/gcc/avr/12.2.0/../../../../avr/lib/avr5/crtatmega32u4.o (exit)
c:/qmk_msys/mingw64/bin/../lib/gcc/avr/12.2.0/avr5\libgcc.a(_prologue.o)
                              .build/obj_crkbd_rev1_r2g/i2c_master.a(i2c_master.o) (__prologue_saves__)
c:/qmk_msys/mingw64/bin/../lib/gcc/avr/12.2.0/avr5\libgcc.a(_epilogue.o)
                              .build/obj_crkbd_rev1_r2g/i2c_master.a(i2c_master.o) (__epilogue_restores__)
c:/qmk_msys/mingw64/bin/../lib/gcc/avr/12.2.0/../../../../avr/lib/avr5\libc.a(memcpy_P.o)
                              .build/obj_crkbd_rev1_r2g/oled_driver.o (symbol from plugin) (memcpy_P)
c:/qmk_msys/mingw64/bin/../lib/gcc/avr/12.2.0/../../../../avr/lib/avr5\libatmega32u4.a(eerd_block.o)
                              .build/obj_crkbd_rev1_r2g/quantum/rgb_matrix/rgb_matrix.o (symbol from plugin) (eeprom_read_block)
c:/qmk_msys/mingw64/bin/../lib/gcc/avr/12.2.0/../../../../avr/lib/avr5\libatmega32u4.a(eerd_byte.o)
                              .build/obj_crkbd_rev1_r2g/quantum/eeconfig.o (symbol from plugin) (eeprom_read_byte)
c:/qmk_msys/mingw64/bin/../lib/gcc/avr/12.2.0/../../../../avr/lib/avr5\libatmega32u4.a(eerd_dword.o)
                              .build/obj_crkbd_rev1_r2g/quantum/eeconfig.o (symbol from plugin) (eeprom_read_dword)
c:/qmk_msys/mingw64/bin/../lib/gcc/avr/12.2.0/../../../../avr/lib/avr5\libatmega32u4.a(eerd_word.o)
                              .build/obj_crkbd_rev1_r2g/quantum/eeconfig.o (symbol from plugin) (eeprom_read_word)
c:/qmk_msys/mingw64/bin/../lib/gcc/avr/12.2.0/../../../../avr/lib/avr5\libatmega32u4.a(eeupd_block.o)
                              .build/obj_crkbd_rev1_r2g/quantum/eeconfig.o (symbol from plugin) (eeprom_update_block)
c:/qmk_msys/mingw64/bin/../lib/gcc/avr/12.2.0/../../../../avr/lib/avr5\libatmega32u4.a(eeupd_byte.o)
                              .build/obj_crkbd_rev1_r2g/quantum/eeconfig.o (symbol from plugin) (eeprom_update_byte)
c:/qmk_msys/mingw64/bin/../lib/gcc/avr/12.2.0/../../../../avr/lib/avr5\libatmega32u4.a(eeupd_dword.o)
                              .build/obj_crkbd_rev1_r2g/quantum/eeconfig.o (symbol from plugin) (eeprom_update_dword)
c:/qmk_msys/mingw64/bin/../lib/gcc/avr/12.2.0/../../../../avr/lib/avr5\libatmega32u4.a(eeupd_word.o)
                              .build/obj_crkbd_rev1_r2g/quantum/eeconfig.o (symbol from plugin) (eeprom_update_word)
c:/qmk_msys/mingw64/bin/../lib/gcc/avr/12.2.0/avr5\libgcc.a(_udivmodqi4.o)
                              C:\QMK_MSYS\tmp\ccN6c06K.ltrans0.ltrans.o (__udivmodqi4)
c:/qmk_msys/mingw64/bin/../lib/gcc/avr/12.2.0/avr5\libgcc.a(_divmodhi4.o)
                              C:\QMK_MSYS\tmp\ccN6c06K.ltrans0.ltrans.o (__divmodhi4)
c:/qmk_msys/mingw64/bin/../lib/gcc/avr/12.2.0/avr5\libgcc.a(_tablejump2.o)
                              C:\QMK_MSYS\tmp\ccN6c06K.ltrans0.ltrans.o (__tablejump2__)
c:/qmk_msys/mingw64/bin/../lib/gcc/avr/12.2.0/avr5\libgcc.a(_copy_data.o)
                              C:\QMK_MSYS\tmp\ccN6c06K.ltrans0.ltrans.o (__do_copy_data)
c:/qmk_msys/mingw64/bin/../lib/gcc/avr/12.2.0/avr5\libgcc.a(_clear_bss.o)
                              C:\QMK_MSYS\tmp\ccN6c06K.ltrans0.ltrans.o (__do_clear_bss)
c:/qmk_msys/mingw64/bin/../lib/gcc/avr/12.2.0/../../../../avr/lib/avr5\libc.a(memcmp.o)
                              C:\QMK_MSYS\tmp\ccN6c06K.ltrans0.ltrans.o (memcmp)
c:/qmk_msys/mingw64/bin/../lib/gcc/avr/12.2.0/../../../../avr/lib/avr5\libc.a(memcpy.o)
                              C:\QMK_MSYS\tmp\ccN6c06K.ltrans0.ltrans.o (memcpy)

Allocating common symbols
Common symbol       size              file

unicode_saved_led_state
                    0x1               .build/obj_crkbd_rev1_r2g/quantum/unicode/unicode.o (symbol from plugin)
rgb_matrix_config   0x8               .build/obj_crkbd_rev1_r2g/quantum/rgb_matrix/rgb_matrix.o (symbol from plugin)
USB_IsInitialized   0x1               .build/obj_crkbd_rev1_r2g/lib/lufa/LUFA/Drivers/USB/Core/USBTask.o (symbol from plugin)
keymap_config       0x2               .build/obj_crkbd_rev1_r2g/quantum/bootmagic/magic.o (symbol from plugin)
thatHand            0x1               .build/obj_crkbd_rev1_r2g/quantum/matrix_common.o (symbol from plugin)
[...]
Memory Configuration

Name             Origin             Length             Attributes
text             0x00000000         0x00020000         xr
data             0x00800060         0x0000ffa0         rw!x
eeprom           0x00810000         0x00010000         rw!x
fuse             0x00820000         0x00000003         rw!x
lock             0x00830000         0x00000400         rw!x
signature        0x00840000         0x00000400         rw!x
user_signatures  0x00850000         0x00000400         rw!x
*default*        0x00000000         0xffffffff

Linker script and memory map

Address of section .data set to 0x800100
LOAD c:/qmk_msys/mingw64/bin/../lib/gcc/avr/12.2.0/../../../../avr/lib/avr5/crtatmega32u4.o
LOAD .build/obj_crkbd_rev1_r2g/keyboards/crkbd/crkbd.o
LOAD C:\QMK_MSYS\tmp\ccN6c06K.ltrans0.ltrans.o
LOAD C:\QMK_MSYS\tmp\ccCNXeYB.debug.temp.o
LOAD C:\QMK_MSYS\tmp\ccIga3ZR.debug.temp.o
LOAD C:\QMK_MSYS\tmp\ccw20877.debug.temp.o
LOAD C:\QMK_MSYS\tmp\cc85lqpo.debug.temp.o
LOAD C:\QMK_MSYS\tmp\cc4b9dFD.debug.temp.o
LOAD C:\QMK_MSYS\tmp\ccGLEe3S.debug.temp.o
LOAD C:\QMK_MSYS\tmp\ccCt92A8.debug.temp.o
LOAD C:\QMK_MSYS\tmp\cc836sho.debug.temp.o
LOAD C:\QMK_MSYS\tmp\ccGNCMWC.debug.temp.o
LOAD C:\QMK_MSYS\tmp\cc6OhJOR.debug.temp.o
LOAD C:\QMK_MSYS\tmp\cccqAu26.debug.temp.o
LOAD C:\QMK_MSYS\tmp\ccarAgfl.debug.temp.o
LOAD C:\QMK_MSYS\tmp\cc6mMhAz.debug.temp.o
LOAD C:\QMK_MSYS\tmp\cckUGIWN.debug.temp.o
LOAD C:\QMK_MSYS\tmp\ccUwYow2.debug.temp.o
LOAD C:\QMK_MSYS\tmp\ccIcqxHk.debug.temp.o
LOAD C:\QMK_MSYS\tmp\ccm9wj1C.debug.temp.o
LOAD C:\QMK_MSYS\tmp\ccOth6uV.debug.temp.o
LOAD C:\QMK_MSYS\tmp\cc4h4Yde.debug.temp.o
LOAD C:\QMK_MSYS\tmp\cce9rzWv.debug.temp.o
LOAD C:\QMK_MSYS\tmp\ccmZRGJN.debug.temp.o
LOAD C:\QMK_MSYS\tmp\ccurd2B5.debug.temp.o
LOAD C:\QMK_MSYS\tmp\ccogYEEn.debug.temp.o
LOAD C:\QMK_MSYS\tmp\ccIosbLE.debug.temp.o
LOAD C:\QMK_MSYS\tmp\ccu9WtVV.debug.temp.o
LOAD C:\QMK_MSYS\tmp\ccscCked.debug.temp.o
LOAD C:\QMK_MSYS\tmp\cckS8hMu.debug.temp.o
LOAD C:\QMK_MSYS\tmp\cc4vWFjL.debug.temp.o
LOAD C:\QMK_MSYS\tmp\ccqTVKT1.debug.temp.o
LOAD C:\QMK_MSYS\tmp\ccOL8WBi.debug.temp.o
LOAD C:\QMK_MSYS\tmp\ccsCGotz.debug.temp.o
LOAD C:\QMK_MSYS\tmp\ccShe5ZT.debug.temp.o
LOAD C:\QMK_MSYS\tmp\ccUi9WIe.debug.temp.o
LOAD C:\QMK_MSYS\tmp\cceV2uxz.debug.temp.o
LOAD C:\QMK_MSYS\tmp\ccMYwqvU.debug.temp.o
LOAD C:\QMK_MSYS\tmp\ccMO8ise.debug.temp.o
LOAD C:\QMK_MSYS\tmp\ccEUAhxy.debug.temp.o
LOAD C:\QMK_MSYS\tmp\ccSBGnLS.debug.temp.o
LOAD C:\QMK_MSYS\tmp\ccYGOF8c.debug.temp.o
LOAD C:\QMK_MSYS\tmp\cckWrFAw.debug.temp.o
LOAD C:\QMK_MSYS\tmp\ccwqrL6P.debug.temp.o
LOAD C:\QMK_MSYS\tmp\ccYmfYL9.debug.temp.o
LOAD C:\QMK_MSYS\tmp\cckKmnAt.debug.temp.o
LOAD C:\QMK_MSYS\tmp\ccIcW7mM.debug.temp.o
LOAD C:\QMK_MSYS\tmp\ccyF6Wg5.debug.temp.o
LOAD C:\QMK_MSYS\tmp\ccY22Uno.debug.temp.o
LOAD C:\QMK_MSYS\tmp\ccGT1IDH.debug.temp.o
LOAD C:\QMK_MSYS\tmp\ccO9Uyv4.debug.temp.o
LOAD C:\QMK_MSYS\tmp\ccw4blyr.debug.temp.o
LOAD C:\QMK_MSYS\tmp\ccosHALO.debug.temp.o
LOAD C:\QMK_MSYS\tmp\ccAusw4b.debug.temp.o
LOAD C:\QMK_MSYS\tmp\ccUg1Wly.debug.temp.o
LOAD C:\QMK_MSYS\tmp\ccqRg4LU.debug.temp.o
LOAD C:\QMK_MSYS\tmp\ccCv7kph.debug.temp.o
LOAD C:\QMK_MSYS\tmp\ccsiYk8D.debug.temp.o
LOAD C:\QMK_MSYS\tmp\ccOt1qQZ.debug.temp.o
LOAD C:\QMK_MSYS\tmp\ccyLpfHl.debug.temp.o
LOAD C:\QMK_MSYS\tmp\cc8v1BMH.debug.temp.o
LOAD C:\QMK_MSYS\tmp\cc0bQ8V3.debug.temp.o
LOAD C:\QMK_MSYS\tmp\cckY062o.debug.temp.o
LOAD C:\QMK_MSYS\tmp\cckGA8lK.debug.temp.o
LOAD C:\QMK_MSYS\tmp\ccSdmLN5.debug.temp.o
LOAD C:\QMK_MSYS\tmp\ccOvV4kr.debug.temp.o
LOAD C:\QMK_MSYS\tmp\ccKn3eBQ.debug.temp.o
LOAD C:\QMK_MSYS\tmp\ccKhVacg.debug.temp.o
LOAD C:\QMK_MSYS\tmp\cccYwJJF.debug.temp.o
LOAD C:\QMK_MSYS\tmp\cc0TuEr5.debug.temp.o
LOAD C:\QMK_MSYS\tmp\ccEgJR4t.debug.temp.o
LOAD C:\QMK_MSYS\tmp\ccsOK4PS.debug.temp.o
LOAD C:\QMK_MSYS\tmp\ccyN16Nh.debug.temp.o
LOAD C:\QMK_MSYS\tmp\ccAiWCVG.debug.temp.o
LOAD C:\QMK_MSYS\tmp\ccm1bSX4.debug.temp.o
LOAD C:\QMK_MSYS\tmp\ccGBGZ8s.debug.temp.o
LOAD C:\QMK_MSYS\tmp\cc2ysovR.debug.temp.o
LOAD C:\QMK_MSYS\tmp\cck4Ux1f.debug.temp.o
LOAD .build/obj_crkbd_rev1_r2g/.build/obj_crkbd_rev1_r2g/src/default_keyboard.o
LOAD .build/obj_crkbd_rev1_r2g/quantum/keymap_introspection.o
LOAD .build/obj_crkbd_rev1_r2g/quantum/quantum.o
LOAD .build/obj_crkbd_rev1_r2g/quantum/bitwise.o
LOAD .build/obj_crkbd_rev1_r2g/quantum/led.o
LOAD .build/obj_crkbd_rev1_r2g/quantum/action.o
LOAD .build/obj_crkbd_rev1_r2g/quantum/action_layer.o
LOAD .build/obj_crkbd_rev1_r2g/quantum/action_tapping.o
LOAD .build/obj_crkbd_rev1_r2g/quantum/action_util.o
LOAD .build/obj_crkbd_rev1_r2g/quantum/eeconfig.o
LOAD .build/obj_crkbd_rev1_r2g/quantum/keyboard.o
LOAD .build/obj_crkbd_rev1_r2g/quantum/keymap_common.o
LOAD .build/obj_crkbd_rev1_r2g/quantum/keycode_config.o
LOAD .build/obj_crkbd_rev1_r2g/quantum/sync_timer.o
LOAD .build/obj_crkbd_rev1_r2g/quantum/logging/debug.o
LOAD .build/obj_crkbd_rev1_r2g/quantum/logging/sendchar.o
LOAD .build/obj_crkbd_rev1_r2g/quantum/bootmagic/bootmagic_lite.o
LOAD .build/obj_crkbd_rev1_r2g/quantum/bootmagic/magic.o
LOAD .build/obj_crkbd_rev1_r2g/quantum/matrix_common.o
LOAD .build/obj_crkbd_rev1_r2g/quantum/matrix.o
LOAD .build/obj_crkbd_rev1_r2g/quantum/debounce/sym_defer_g.o
LOAD .build/obj_crkbd_rev1_r2g/quantum/split_common/split_util.o
LOAD .build/obj_crkbd_rev1_r2g/quantum/split_common/transport.o
LOAD .build/obj_crkbd_rev1_r2g/quantum/split_common/transactions.o
LOAD .build/obj_crkbd_rev1_r2g/quantum/main.o
LOAD .build/obj_crkbd_rev1_r2g/platforms/avr/xprintf.o
LOAD .build/obj_crkbd_rev1_r2g/platforms/avr/printf.o
LOAD .build/obj_crkbd_rev1_r2g/quantum/color.o
LOAD .build/obj_crkbd_rev1_r2g/quantum/rgb_matrix/rgb_matrix.o
LOAD .build/obj_crkbd_rev1_r2g/quantum/rgb_matrix/rgb_matrix_drivers.o
LOAD .build/obj_crkbd_rev1_r2g/quantum/process_keycode/process_rgb.o
LOAD .build/obj_crkbd_rev1_r2g/quantum/led_tables.o
LOAD .build/obj_crkbd_rev1_r2g/lib/lib8tion/lib8tion.o
LOAD .build/obj_crkbd_rev1_r2g/oled_driver.o
LOAD .build/obj_crkbd_rev1_r2g/quantum/process_keycode/process_unicodemap.o
LOAD .build/obj_crkbd_rev1_r2g/quantum/unicode/unicodemap.o
LOAD .build/obj_crkbd_rev1_r2g/quantum/process_keycode/process_unicode_common.o
LOAD .build/obj_crkbd_rev1_r2g/quantum/unicode/unicode.o
LOAD .build/obj_crkbd_rev1_r2g/quantum/unicode/utf8.o
LOAD .build/obj_crkbd_rev1_r2g/ws2812_bitbang.o
LOAD .build/obj_crkbd_rev1_r2g/quantum/crc.o
LOAD .build/obj_crkbd_rev1_r2g/quantum/process_keycode/process_grave_esc.o
LOAD .build/obj_crkbd_rev1_r2g/quantum/process_keycode/process_magic.o
LOAD .build/obj_crkbd_rev1_r2g/quantum/send_string/send_string.o
LOAD .build/obj_crkbd_rev1_r2g/quantum/process_keycode/process_space_cadet.o
LOAD .build/obj_crkbd_rev1_r2g/quantum/process_keycode/process_tap_dance.o
LOAD .build/obj_crkbd_rev1_r2g/protocol/host.o
LOAD .build/obj_crkbd_rev1_r2g/protocol/report.o
LOAD .build/obj_crkbd_rev1_r2g/protocol/usb_device_state.o
LOAD .build/obj_crkbd_rev1_r2g/protocol/usb_util.o
LOAD .build/obj_crkbd_rev1_r2g/platforms/suspend.o
LOAD .build/obj_crkbd_rev1_r2g/platforms/synchronization_util.o
LOAD .build/obj_crkbd_rev1_r2g/platforms/timer.o
LOAD .build/obj_crkbd_rev1_r2g/platforms/avr/hardware_id.o
LOAD .build/obj_crkbd_rev1_r2g/platforms/avr/platform.o
LOAD .build/obj_crkbd_rev1_r2g/platforms/avr/suspend.o
LOAD .build/obj_crkbd_rev1_r2g/platforms/avr/timer.o
LOAD .build/obj_crkbd_rev1_r2g/platforms/avr/bootloaders/caterina.o
LOAD .build/obj_crkbd_rev1_r2g/i2c_master.a
LOAD .build/obj_crkbd_rev1_r2g/i2c_slave.a
LOAD .build/obj_crkbd_rev1_r2g/serial.a
LOAD .build/obj_crkbd_rev1_r2g/lufa.o
LOAD .build/obj_crkbd_rev1_r2g/usb_descriptor.o
LOAD .build/obj_crkbd_rev1_r2g/lib/lufa/LUFA/Drivers/USB/Class/Common/HIDParser.o
LOAD .build/obj_crkbd_rev1_r2g/lib/lufa/LUFA/Drivers/USB/Core/AVR8/Device_AVR8.o
LOAD .build/obj_crkbd_rev1_r2g/lib/lufa/LUFA/Drivers/USB/Core/AVR8/EndpointStream_AVR8.o
LOAD .build/obj_crkbd_rev1_r2g/lib/lufa/LUFA/Drivers/USB/Core/AVR8/Endpoint_AVR8.o
LOAD .build/obj_crkbd_rev1_r2g/lib/lufa/LUFA/Drivers/USB/Core/AVR8/Host_AVR8.o
LOAD .build/obj_crkbd_rev1_r2g/lib/lufa/LUFA/Drivers/USB/Core/AVR8/PipeStream_AVR8.o
LOAD .build/obj_crkbd_rev1_r2g/lib/lufa/LUFA/Drivers/USB/Core/AVR8/Pipe_AVR8.o
LOAD .build/obj_crkbd_rev1_r2g/lib/lufa/LUFA/Drivers/USB/Core/AVR8/USBController_AVR8.o
LOAD .build/obj_crkbd_rev1_r2g/lib/lufa/LUFA/Drivers/USB/Core/AVR8/USBInterrupt_AVR8.o
LOAD .build/obj_crkbd_rev1_r2g/lib/lufa/LUFA/Drivers/USB/Core/ConfigDescriptors.o
LOAD .build/obj_crkbd_rev1_r2g/lib/lufa/LUFA/Drivers/USB/Core/DeviceStandardReq.o
LOAD .build/obj_crkbd_rev1_r2g/lib/lufa/LUFA/Drivers/USB/Core/Events.o
LOAD .build/obj_crkbd_rev1_r2g/lib/lufa/LUFA/Drivers/USB/Core/HostStandardReq.o
LOAD .build/obj_crkbd_rev1_r2g/lib/lufa/LUFA/Drivers/USB/Core/USBTask.o
LOAD .build/obj_crkbd_rev1_r2g/protocol/lufa/usb_util.o
LOAD c:/qmk_msys/mingw64/bin/../lib/gcc/avr/12.2.0/../../../../avr/lib/avr5\libm.a
START GROUP
LOAD c:/qmk_msys/mingw64/bin/../lib/gcc/avr/12.2.0/avr5\libgcc.a
LOAD c:/qmk_msys/mingw64/bin/../lib/gcc/avr/12.2.0/../../../../avr/lib/avr5\libm.a
LOAD c:/qmk_msys/mingw64/bin/../lib/gcc/avr/12.2.0/../../../../avr/lib/avr5\libc.a
LOAD c:/qmk_msys/mingw64/bin/../lib/gcc/avr/12.2.0/../../../../avr/lib/avr5\libatmega32u4.a
END GROUP
                0x00020000                        __TEXT_REGION_LENGTH__ = DEFINED (__TEXT_REGION_LENGTH__)?__TEXT_REGION_LENGTH__:0x20000
                0x00800060                        __DATA_REGION_ORIGIN__ = DEFINED (__DATA_REGION_ORIGIN__)?__DATA_REGION_ORIGIN__:0x800060
                0x0000ffa0                        __DATA_REGION_LENGTH__ = DEFINED (__DATA_REGION_LENGTH__)?__DATA_REGION_LENGTH__:0xffa0
                0x00010000                        __EEPROM_REGION_LENGTH__ = DEFINED (__EEPROM_REGION_LENGTH__)?__EEPROM_REGION_LENGTH__:0x10000
                [0x00000003]                      __FUSE_REGION_LENGTH__ = DEFINED (__FUSE_REGION_LENGTH__)?__FUSE_REGION_LENGTH__:0x400
                0x00000400                        __LOCK_REGION_LENGTH__ = DEFINED (__LOCK_REGION_LENGTH__)?__LOCK_REGION_LENGTH__:0x400
                0x00000400                        __SIGNATURE_REGION_LENGTH__ = DEFINED (__SIGNATURE_REGION_LENGTH__)?__SIGNATURE_REGION_LENGTH__:0x400
                0x00000400                        __USER_SIGNATURE_REGION_LENGTH__ = DEFINED (__USER_SIGNATURE_REGION_LENGTH__)?__USER_SIGNATURE_REGION_LENGTH__:0x400

.hash
 *(.hash)

.dynsym
 *(.dynsym)

.dynstr
 *(.dynstr)

.gnu.version
 *(.gnu.version)

.gnu.version_d
 *(.gnu.version_d)

.gnu.version_r
 *(.gnu.version_r)

.rel.init
 *(.rel.init)

.rela.init
 *(.rela.init)

.rel.text
 *(.rel.text)
 *(.rel.text.*)
 *(.rel.gnu.linkonce.t*)

.rela.text
 *(.rela.text)
 *(.rela.text.*)
 *(.rela.gnu.linkonce.t*)

.rel.fini
 *(.rel.fini)

.rela.fini
 *(.rela.fini)

.rel.rodata
 *(.rel.rodata)
 *(.rel.rodata.*)
 *(.rel.gnu.linkonce.r*)

.rela.rodata
 *(.rela.rodata)
 *(.rela.rodata.*)
 *(.rela.gnu.linkonce.r*)

.rel.data
 *(.rel.data)
 *(.rel.data.*)
 *(.rel.gnu.linkonce.d*)

.rela.data
 *(.rela.data)
 *(.rela.data.*)
 *(.rela.gnu.linkonce.d*)

.rel.ctors
 *(.rel.ctors)

.rela.ctors
 *(.rela.ctors)

.rel.dtors
 *(.rel.dtors)

.rela.dtors
 *(.rela.dtors)

.rel.got
 *(.rel.got)

.rela.got
 *(.rela.got)

.rel.bss
 *(.rel.bss)

.rela.bss
 *(.rela.bss)

.rel.plt
 *(.rel.plt)

.rela.plt
 *(.rela.plt)

.text           0x00000000     0x64f8
 *(.vectors)
 .vectors       0x00000000       0xac c:/qmk_msys/mingw64/bin/../lib/gcc/avr/12.2.0/../../../../avr/lib/avr5/crtatmega32u4.o
                0x00000000                __vector_default
                0x00000000                __vectors
 *(.vectors)
 *(.progmem.gcc*)
                0x000000ac                        . = ALIGN (0x2)
                0x000000ac                        __trampolines_start = .
 *(.trampolines)
 .trampolines   0x000000ac        0x0 linker stubs
 *(.trampolines*)
                0x000000ac                        __trampolines_end = .
 *libprintf_flt.a:*(.progmem.data)
 *libc.a:*(.progmem.data)
 *(.progmem.*)
 .progmem.data.pikaframe_4.3
                0x000000ac       0x60 C:\QMK_MSYS\tmp\ccN6c06K.ltrans0.ltrans.o
 .progmem.data.pikaframe_3.2
                0x0000010c       0x60 C:\QMK_MSYS\tmp\ccN6c06K.ltrans0.ltrans.o
 .progmem.data.pikaframe_2.1
                0x0000016c       0x60 C:\QMK_MSYS\tmp\ccN6c06K.ltrans0.ltrans.o
 .progmem.data.pikaframe_1.0
                0x000001cc       0x60 C:\QMK_MSYS\tmp\ccN6c06K.ltrans0.ltrans.o
 .progmem.data.font
                0x0000022c      0x540 C:\QMK_MSYS\tmp\ccN6c06K.ltrans0.ltrans.o
 .progmem.data.SharedReport
                0x0000076c       0x6d C:\QMK_MSYS\tmp\ccN6c06K.ltrans0.ltrans.o
 .progmem.data.KeyboardReport
                0x000007d9       0x44 C:\QMK_MSYS\tmp\ccN6c06K.ltrans0.ltrans.o
 .progmem.data.ConfigurationDescriptor
                0x0000081d       0x3b C:\QMK_MSYS\tmp\ccN6c06K.ltrans0.ltrans.o
 .progmem.data.DeviceDescriptor
                0x00000858       0x12 C:\QMK_MSYS\tmp\ccN6c06K.ltrans0.ltrans.o
 .progmem.data.ProductString
                0x0000086a        0xe C:\QMK_MSYS\tmp\ccN6c06K.ltrans0.ltrans.o
 .progmem.data.ManufacturerString
                0x00000878       0x12 C:\QMK_MSYS\tmp\ccN6c06K.ltrans0.ltrans.o
 .progmem.data.LanguageString
                0x0000088a        0x4 C:\QMK_MSYS\tmp\ccN6c06K.ltrans0.ltrans.o
 .progmem.data.ascii_to_dead_lut
                0x0000088e       0x10 C:\QMK_MSYS\tmp\ccN6c06K.ltrans0.ltrans.o
 .progmem.data.ascii_to_altgr_lut
                0x0000089e       0x10 C:\QMK_MSYS\tmp\ccN6c06K.ltrans0.ltrans.o
 .progmem.data.ascii_to_shift_lut
                0x000008ae       0x10 C:\QMK_MSYS\tmp\ccN6c06K.ltrans0.ltrans.o
 .progmem.data.ascii_to_keycode_lut
                0x000008be       0x80 C:\QMK_MSYS\tmp\ccN6c06K.ltrans0.ltrans.o
 .progmem.data.CIE1931_CURVE
                0x0000093e      0x100 C:\QMK_MSYS\tmp\ccN6c06K.ltrans0.ltrans.o
 .progmem.data.display_setup2.11
                0x00000a3e        0xd C:\QMK_MSYS\tmp\ccN6c06K.ltrans0.ltrans.o
 .progmem.data.display_flipped.12
                0x00000a4b        0x5 C:\QMK_MSYS\tmp\ccN6c06K.ltrans0.ltrans.o
 .progmem.data.display_normal.13
                0x00000a50        0x5 C:\QMK_MSYS\tmp\ccN6c06K.ltrans0.ltrans.o
 .progmem.data.display_setup1.14
                0x00000a55        0xb C:\QMK_MSYS\tmp\ccN6c06K.ltrans0.ltrans.o
 .progmem.data.display_off.4
                0x00000a60        0x2 C:\QMK_MSYS\tmp\ccN6c06K.ltrans0.ltrans.o
 .progmem.data.mb_logo.19
                0x00000a62      0x200 C:\QMK_MSYS\tmp\ccN6c06K.ltrans0.ltrans.o
 .progmem.data.__c.4
                0x00000c62        0x8 C:\QMK_MSYS\tmp\ccN6c06K.ltrans0.ltrans.o
 .progmem.data.__c.5
                0x00000c6a        0xe C:\QMK_MSYS\tmp\ccN6c06K.ltrans0.ltrans.o
 .progmem.data.__c.6
                0x00000c78        0xb C:\QMK_MSYS\tmp\ccN6c06K.ltrans0.ltrans.o
 .progmem.data.__c.8
                0x00000c83        0xa C:\QMK_MSYS\tmp\ccN6c06K.ltrans0.ltrans.o
 .progmem.data.__c.9
                0x00000c8d        0xd C:\QMK_MSYS\tmp\ccN6c06K.ltrans0.ltrans.o
 .progmem.data.__c.7
                0x00000c9a        0x3 C:\QMK_MSYS\tmp\ccN6c06K.ltrans0.ltrans.o
 .progmem.data.__c.10
                0x00000c9d        0xb C:\QMK_MSYS\tmp\ccN6c06K.ltrans0.ltrans.o
 .progmem.data.__c.11
                0x00000ca8        0xb C:\QMK_MSYS\tmp\ccN6c06K.ltrans0.ltrans.o
 .progmem.data.__c.12
                0x00000cb3        0xc C:\QMK_MSYS\tmp\ccN6c06K.ltrans0.ltrans.o
 .progmem.data.__c.13
                0x00000cbf        0xb C:\QMK_MSYS\tmp\ccN6c06K.ltrans0.ltrans.o
 .progmem.data.__c.15
                0x00000cca        0xa C:\QMK_MSYS\tmp\ccN6c06K.ltrans0.ltrans.o
 .progmem.data.__c.16
                0x00000cd4        0xd C:\QMK_MSYS\tmp\ccN6c06K.ltrans0.ltrans.o
 .progmem.data.__c.14
                0x00000ce1        0x3 C:\QMK_MSYS\tmp\ccN6c06K.ltrans0.ltrans.o
 .progmem.data.__c.17
                0x00000ce4        0xb C:\QMK_MSYS\tmp\ccN6c06K.ltrans0.ltrans.o
 .progmem.data.__c.18
                0x00000cef        0x7 C:\QMK_MSYS\tmp\ccN6c06K.ltrans0.ltrans.o
 .progmem.data.display_on.5
                0x00000cf6        0x2 C:\QMK_MSYS\tmp\ccN6c06K.ltrans0.ltrans.o
 .progmem.data.keymaps
                0x00000cf8      0x2a0 C:\QMK_MSYS\tmp\ccN6c06K.ltrans0.ltrans.o
 .progmem.data.unicode_map
                0x00000f98      0x110 C:\QMK_MSYS\tmp\ccN6c06K.ltrans0.ltrans.o
                0x000010a8                        . = ALIGN (0x2)
 *(.lowtext)
 *(.lowtext*)
                0x000010a8                        __ctors_start = .
 *(.ctors)
                0x000010a8                        __ctors_end = .
                0x000010a8                        __dtors_start = .
 *(.dtors)
                0x000010a8                        __dtors_end = .
 SORT_BY_NAME(*)(.ctors)
 SORT_BY_NAME(*)(.dtors)
 *(.init0)
 .init0         0x000010a8        0x0 c:/qmk_msys/mingw64/bin/../lib/gcc/avr/12.2.0/../../../../avr/lib/avr5/crtatmega32u4.o
                0x000010a8                __init
 *(.init0)
 *(.init1)
 *(.init1)
 *(.init2)
 .init2         0x000010a8        0xc c:/qmk_msys/mingw64/bin/../lib/gcc/avr/12.2.0/../../../../avr/lib/avr5/crtatmega32u4.o
 *(.init2)
 *(.init3)
 *(.init3)
 *(.init4)
 .init4         0x000010b4       0x16 c:/qmk_msys/mingw64/bin/../lib/gcc/avr/12.2.0/avr5\libgcc.a(_copy_data.o)
                0x000010b4                __do_copy_data
 .init4         0x000010ca       0x10 c:/qmk_msys/mingw64/bin/../lib/gcc/avr/12.2.0/avr5\libgcc.a(_clear_bss.o)
                0x000010ca                __do_clear_bss
 *(.init4)
 *(.init5)
 *(.init5)
 *(.init6)
 *(.init6)
 *(.init7)
 *(.init7)
 *(.init8)
 *(.init8)
 *(.init9)
 .init9         0x000010da        0x8 c:/qmk_msys/mingw64/bin/../lib/gcc/avr/12.2.0/../../../../avr/lib/avr5/crtatmega32u4.o
 *(.init9)
 *(.text)
 .text          0x000010e2        0x4 c:/qmk_msys/mingw64/bin/../lib/gcc/avr/12.2.0/../../../../avr/lib/avr5/crtatmega32u4.o
                0x000010e2                __vector_38
                0x000010e2                __vector_22
                0x000010e2                __vector_28
                0x000010e2                __vector_1
                0x000010e2                __vector_32
                0x000010e2                __vector_34
                0x000010e2                __vector_24
                0x000010e2                __bad_interrupt
                0x000010e2                __vector_6
                0x000010e2                __vector_31
                0x000010e2                __vector_35
                0x000010e2                __vector_39
                0x000010e2                __vector_23
                0x000010e2                __vector_30
                0x000010e2                __vector_25
                0x000010e2                __vector_13
                0x000010e2                __vector_17
                0x000010e2                __vector_19
                0x000010e2                __vector_7
                0x000010e2                __vector_41
                0x000010e2                __vector_27
                0x000010e2                __vector_5
                0x000010e2                __vector_33
                0x000010e2                __vector_37
                0x000010e2                __vector_4
                0x000010e2                __vector_9
                0x000010e2                __vector_2
                0x000010e2                __vector_15
                0x000010e2                __vector_36
                0x000010e2                __vector_29
                0x000010e2                __vector_40
                0x000010e2                __vector_8
                0x000010e2                __vector_26
                0x000010e2                __vector_14
                0x000010e2                __vector_16
                0x000010e2                __vector_18
                0x000010e2                __vector_20
                0x000010e2                __vector_42
                0x000010e6                        . = ALIGN (0x2)
 *(.text.*)
 .text.do_code16
                0x000010e6       0x58 C:\QMK_MSYS\tmp\ccN6c06K.ltrans0.ltrans.o
 .text.biton    0x0000113e       0x24 C:\QMK_MSYS\tmp\ccN6c06K.ltrans0.ltrans.o
 .text.default_layer_state_set
                0x00001162        0x6 C:\QMK_MSYS\tmp\ccN6c06K.ltrans0.ltrans.o
 .text.update_source_layers_cache
                0x00001168       0x5e C:\QMK_MSYS\tmp\ccN6c06K.ltrans0.ltrans.o
 .text.read_source_layers_cache
                0x000011c6       0x5c C:\QMK_MSYS\tmp\ccN6c06K.ltrans0.ltrans.o
 .text.debug_waiting_buffer
                0x00001222       0x14 C:\QMK_MSYS\tmp\ccN6c06K.ltrans0.ltrans.o
 .text.get_mods_for_report
                0x00001236       0x4c C:\QMK_MSYS\tmp\ccN6c06K.ltrans0.ltrans.o
 .text.del_mods
                0x00001282       0x10 C:\QMK_MSYS\tmp\ccN6c06K.ltrans0.ltrans.o
 .text.keymap_key_to_keycode
                0x00001292       0x3c C:\QMK_MSYS\tmp\ccN6c06K.ltrans0.ltrans.o
 .text.keycode_config
                0x000012ce      0x148 C:\QMK_MSYS\tmp\ccN6c06K.ltrans0.ltrans.o
 .text.mod_config
                0x00001416       0x9e C:\QMK_MSYS\tmp\ccN6c06K.ltrans0.ltrans.o
 .text.action_for_keycode
                0x000014b4      0x232 C:\QMK_MSYS\tmp\ccN6c06K.ltrans0.ltrans.o
 .text.layer_switch_get_layer
                0x000016e6       0x56 C:\QMK_MSYS\tmp\ccN6c06K.ltrans0.ltrans.o
 .text.get_record_keycode
                0x0000173c       0x40 C:\QMK_MSYS\tmp\ccN6c06K.ltrans0.ltrans.o
 .text.layer_switch_get_action
                0x0000177c       0x1e C:\QMK_MSYS\tmp\ccN6c06K.ltrans0.ltrans.o
 .text.is_tap_record
                0x0000179a       0x4c C:\QMK_MSYS\tmp\ccN6c06K.ltrans0.ltrans.o
 .text.sendchar
                0x000017e6        0x4 C:\QMK_MSYS\tmp\ccN6c06K.ltrans0.ltrans.o
 .text.setPinInputHigh_atomic
                0x000017ea       0x32 C:\QMK_MSYS\tmp\ccN6c06K.ltrans0.ltrans.o
 .text.hsv_to_rgb
                0x0000181c      0x110 C:\QMK_MSYS\tmp\ccN6c06K.ltrans0.ltrans.o
 .text.rgb_matrix_check_finished_leds
                0x0000192c       0x1a C:\QMK_MSYS\tmp\ccN6c06K.ltrans0.ltrans.o
 .text.BAND_SAT_math
                0x00001946       0x58 C:\QMK_MSYS\tmp\ccN6c06K.ltrans0.ltrans.o
 .text.rgb_matrix_set_color
                0x0000199e        0x6 C:\QMK_MSYS\tmp\ccN6c06K.ltrans0.ltrans.o
 .text.rgb_matrix_set_color_all
                0x000019a4       0x32 C:\QMK_MSYS\tmp\ccN6c06K.ltrans0.ltrans.o
 .text.rgb_matrix_get_limits
                0x000019d6       0x28 C:\QMK_MSYS\tmp\ccN6c06K.ltrans0.ltrans.o
 .text.rgb_matrix_increase_speed
                0x000019fe       0x1c C:\QMK_MSYS\tmp\ccN6c06K.ltrans0.ltrans.o
 .text.rgb_matrix_decrease_speed
                0x00001a1a       0x1c C:\QMK_MSYS\tmp\ccN6c06K.ltrans0.ltrans.o
 .text.init     0x00001a36        0x6 C:\QMK_MSYS\tmp\ccN6c06K.ltrans0.ltrans.o
 .text.setled   0x00001a3c       0x58 C:\QMK_MSYS\tmp\ccN6c06K.ltrans0.ltrans.o
 .text.handleKeycodeRGB
                0x00001a94        0xe C:\QMK_MSYS\tmp\ccN6c06K.ltrans0.ltrans.o
 .text.oled_write_raw_P
                0x00001aa2       0x84 C:\QMK_MSYS\tmp\ccN6c06K.ltrans0.ltrans.o
 .text._process_tap_dance_action_fn
                0x00001b26        0xa C:\QMK_MSYS\tmp\ccN6c06K.ltrans0.ltrans.o
 .text.host_keyboard_leds
                0x00001b30       0x22 C:\QMK_MSYS\tmp\ccN6c06K.ltrans0.ltrans.o
 .text.host_system_send
                0x00001b52       0x4c C:\QMK_MSYS\tmp\ccN6c06K.ltrans0.ltrans.o
 .text.host_consumer_send
                0x00001b9e       0x4c C:\QMK_MSYS\tmp\ccN6c06K.ltrans0.ltrans.o
 .text.add_key_to_report
                0x00001bea       0x68 C:\QMK_MSYS\tmp\ccN6c06K.ltrans0.ltrans.o
 .text.del_key_from_report
                0x00001c52       0x5a C:\QMK_MSYS\tmp\ccN6c06K.ltrans0.ltrans.o
 .text.timer_read32
                0x00001cac       0x3a C:\QMK_MSYS\tmp\ccN6c06K.ltrans0.ltrans.o
 .text.sync_timer_read32
                0x00001ce6       0x66 C:\QMK_MSYS\tmp\ccN6c06K.ltrans0.ltrans.o
 .text.timer_elapsed32
                0x00001d4c       0x40 C:\QMK_MSYS\tmp\ccN6c06K.ltrans0.ltrans.o
 .text.bootloader_jump
                0x00001d8c       0x22 C:\QMK_MSYS\tmp\ccN6c06K.ltrans0.ltrans.o
 .text.keyboard_leds
                0x00001dae        0x6 C:\QMK_MSYS\tmp\ccN6c06K.ltrans0.ltrans.o
 .text.send_mouse
                0x00001db4        0x2 C:\QMK_MSYS\tmp\ccN6c06K.ltrans0.ltrans.o
 .text.Endpoint_Write_Control_Stream_LE
                0x00001db6       0xb2 C:\QMK_MSYS\tmp\ccN6c06K.ltrans0.ltrans.o
 .text.Endpoint_ClearStatusStage
                0x00001e68       0x3e C:\QMK_MSYS\tmp\ccN6c06K.ltrans0.ltrans.o
 .text.Endpoint_WaitUntilReady
                0x00001ea6       0x62 C:\QMK_MSYS\tmp\ccN6c06K.ltrans0.ltrans.o
 .text.USB_Disable
                0x00001f08       0x3e C:\QMK_MSYS\tmp\ccN6c06K.ltrans0.ltrans.o
 .text.rgb_matrix_sethsv_eeprom_helper.constprop.0
                0x00001f46       0x28 C:\QMK_MSYS\tmp\ccN6c06K.ltrans0.ltrans.o
 .text.rgb_matrix_increase_hue
                0x00001f6e       0x14 C:\QMK_MSYS\tmp\ccN6c06K.ltrans0.ltrans.o
 .text.rgb_matrix_decrease_hue
                0x00001f82       0x14 C:\QMK_MSYS\tmp\ccN6c06K.ltrans0.ltrans.o
 .text.rgb_matrix_increase_sat
                0x00001f96       0x1a C:\QMK_MSYS\tmp\ccN6c06K.ltrans0.ltrans.o
 .text.rgb_matrix_decrease_sat
                0x00001fb0       0x1a C:\QMK_MSYS\tmp\ccN6c06K.ltrans0.ltrans.o
 .text.rgb_matrix_increase_val
                0x00001fca       0x1a C:\QMK_MSYS\tmp\ccN6c06K.ltrans0.ltrans.o
 .text.rgb_matrix_decrease_val
                0x00001fe4       0x1a C:\QMK_MSYS\tmp\ccN6c06K.ltrans0.ltrans.o
 .text.crc8.constprop.0
                0x00001ffe       0x32 C:\QMK_MSYS\tmp\ccN6c06K.ltrans0.ltrans.o
 .text.rgb_matrix_mode_eeprom_helper.constprop.0
                0x00002030       0x30 C:\QMK_MSYS\tmp\ccN6c06K.ltrans0.ltrans.o
 .text.rgb_matrix_step
                0x00002060       0x16 C:\QMK_MSYS\tmp\ccN6c06K.ltrans0.ltrans.o
 .text.rgb_matrix_step_reverse
                0x00002076       0x18 C:\QMK_MSYS\tmp\ccN6c06K.ltrans0.ltrans.o
 .text.Endpoint_ConfigureEndpoint_Prv.isra.0
                0x0000208e       0x6e C:\QMK_MSYS\tmp\ccN6c06K.ltrans0.ltrans.o
 .text.USB_Init
                0x000020fc       0xb6 C:\QMK_MSYS\tmp\ccN6c06K.ltrans0.ltrans.o
 .text.flush    0x000021b2       0x5a C:\QMK_MSYS\tmp\ccN6c06K.ltrans0.ltrans.o
 .text.send_report
                0x0000220c       0x7c C:\QMK_MSYS\tmp\ccN6c06K.ltrans0.ltrans.o
 .text.send_keyboard
                0x00002288       0x2e C:\QMK_MSYS\tmp\ccN6c06K.ltrans0.ltrans.o
 .text.send_nkro
                0x000022b6        0xe C:\QMK_MSYS\tmp\ccN6c06K.ltrans0.ltrans.o
 .text.send_extra
                0x000022c4        0xe C:\QMK_MSYS\tmp\ccN6c06K.ltrans0.ltrans.o
 .text.transaction_handler_master.constprop.0
                0x000022d2       0x74 C:\QMK_MSYS\tmp\ccN6c06K.ltrans0.ltrans.o
 .text.persist_unicode_input_mode
                0x00002346        0xe C:\QMK_MSYS\tmp\ccN6c06K.ltrans0.ltrans.o
 .text.cycle_unicode_input_mode
                0x00002354       0x10 C:\QMK_MSYS\tmp\ccN6c06K.ltrans0.ltrans.o
 .text.oled_clear
                0x00002364       0x2a C:\QMK_MSYS\tmp\ccN6c06K.ltrans0.ltrans.o
 .text.layer_state_set
                0x0000238e       0x16 C:\QMK_MSYS\tmp\ccN6c06K.ltrans0.ltrans.o
 .text.layer_on
                0x000023a4       0x18 C:\QMK_MSYS\tmp\ccN6c06K.ltrans0.ltrans.o
 .text.layer_off
                0x000023bc       0x20 C:\QMK_MSYS\tmp\ccN6c06K.ltrans0.ltrans.o
 .text.clear_oneshot_layer_state
                0x000023dc       0x30 C:\QMK_MSYS\tmp\ccN6c06K.ltrans0.ltrans.o
 .text.oneshot_set
                0x0000240c       0x2e C:\QMK_MSYS\tmp\ccN6c06K.ltrans0.ltrans.o
 .text.send_keyboard_report
                0x0000243a       0xa4 C:\QMK_MSYS\tmp\ccN6c06K.ltrans0.ltrans.o
 .text.register_mods
                0x000024de       0x14 C:\QMK_MSYS\tmp\ccN6c06K.ltrans0.ltrans.o
 .text.register_weak_mods
                0x000024f2       0x14 C:\QMK_MSYS\tmp\ccN6c06K.ltrans0.ltrans.o
 .text.unregister_mods
                0x00002506        0xe C:\QMK_MSYS\tmp\ccN6c06K.ltrans0.ltrans.o
 .text.unregister_weak_mods
                0x00002514       0x16 C:\QMK_MSYS\tmp\ccN6c06K.ltrans0.ltrans.o
 .text.register_code
                0x0000252a       0xcc C:\QMK_MSYS\tmp\ccN6c06K.ltrans0.ltrans.o
 .text.register_code16
                0x000025f6       0x2c C:\QMK_MSYS\tmp\ccN6c06K.ltrans0.ltrans.o
 .text.tap_dance_pair_on_each_tap
                0x00002622       0x22 C:\QMK_MSYS\tmp\ccN6c06K.ltrans0.ltrans.o
 .text.tap_dance_pair_finished
                0x00002644        0xc C:\QMK_MSYS\tmp\ccN6c06K.ltrans0.ltrans.o
 .text.unregister_code
                0x00002650       0x54 C:\QMK_MSYS\tmp\ccN6c06K.ltrans0.ltrans.o
 .text.unregister_code16
                0x000026a4       0x2c C:\QMK_MSYS\tmp\ccN6c06K.ltrans0.ltrans.o
 .text.tap_code16_delay
                0x000026d0       0x34 C:\QMK_MSYS\tmp\ccN6c06K.ltrans0.ltrans.o
 .text.tap_dance_pair_reset
                0x00002704       0x20 C:\QMK_MSYS\tmp\ccN6c06K.ltrans0.ltrans.o
 .text.tap_code
                0x00002724       0x40 C:\QMK_MSYS\tmp\ccN6c06K.ltrans0.ltrans.o
 .text.unicode_input_start
                0x00002764       0xb8 C:\QMK_MSYS\tmp\ccN6c06K.ltrans0.ltrans.o
 .text.send_char
                0x0000281c       0xcc C:\QMK_MSYS\tmp\ccN6c06K.ltrans0.ltrans.o
 .text.clear_keyboard
                0x000028e8       0x44 C:\QMK_MSYS\tmp\ccN6c06K.ltrans0.ltrans.o
 .text.soft_reset_keyboard
                0x0000292c       0x2c C:\QMK_MSYS\tmp\ccN6c06K.ltrans0.ltrans.o
 .text.USB_Device_ProcessControlRequest
                0x00002958      0x562 C:\QMK_MSYS\tmp\ccN6c06K.ltrans0.ltrans.o
 .text.process_tap_dance_action_on_reset
                0x00002eba       0x3a C:\QMK_MSYS\tmp\ccN6c06K.ltrans0.ltrans.o
 .text.process_tap_dance_action_on_dance_finished
                0x00002ef4       0x54 C:\QMK_MSYS\tmp\ccN6c06K.ltrans0.ltrans.o
 .text.eeconfig_init_quantum
                0x00002f48       0xda C:\QMK_MSYS\tmp\ccN6c06K.ltrans0.ltrans.o
 .text.eeconfig_update_rgb_matrix_default
                0x00003022       0x36 C:\QMK_MSYS\tmp\ccN6c06K.ltrans0.ltrans.o
 .text.rgb_matrix_task
                0x00003058      0x6ae C:\QMK_MSYS\tmp\ccN6c06K.ltrans0.ltrans.o
 .text.register_hex32
                0x00003706       0xfc C:\QMK_MSYS\tmp\ccN6c06K.ltrans0.ltrans.o
 .text.sync_timer_handlers_master
                0x00003802       0x98 C:\QMK_MSYS\tmp\ccN6c06K.ltrans0.ltrans.o
 .text.send_if_data_mismatch
                0x0000389a       0xa8 C:\QMK_MSYS\tmp\ccN6c06K.ltrans0.ltrans.o
 .text.master_matrix_handlers_master
                0x00003942       0x1e C:\QMK_MSYS\tmp\ccN6c06K.ltrans0.ltrans.o
 .text.rgb_matrix_handlers_master
                0x00003960       0x40 C:\QMK_MSYS\tmp\ccN6c06K.ltrans0.ltrans.o
 .text.slave_matrix_handlers_master
                0x000039a0      0x144 C:\QMK_MSYS\tmp\ccN6c06K.ltrans0.ltrans.o
 .text.oled_send_cmd_P
                0x00003ae4       0x5a C:\QMK_MSYS\tmp\ccN6c06K.ltrans0.ltrans.o
 .text.oled_write_char.constprop.0
                0x00003b3e      0x100 C:\QMK_MSYS\tmp\ccN6c06K.ltrans0.ltrans.o
 .text.oled_advance_page
                0x00003c3e       0x64 C:\QMK_MSYS\tmp\ccN6c06K.ltrans0.ltrans.o
 .text.oled_write_P.constprop.0
                0x00003ca2       0x1c C:\QMK_MSYS\tmp\ccN6c06K.ltrans0.ltrans.o
 .text.oled_write_ln_P.constprop.0
                0x00003cbe        0xc C:\QMK_MSYS\tmp\ccN6c06K.ltrans0.ltrans.o
 .text.__vector_12
                0x00003cca       0x4e C:\QMK_MSYS\tmp\ccN6c06K.ltrans0.ltrans.o
                0x00003cca                __vector_12
 .text.timer_read
                0x00003d18       0x18 C:\QMK_MSYS\tmp\ccN6c06K.ltrans0.ltrans.o
                0x00003d18                timer_read
 .text.timer_elapsed
                0x00003d30       0x1e C:\QMK_MSYS\tmp\ccN6c06K.ltrans0.ltrans.o
                0x00003d30                timer_elapsed
 .text.perform_space_cadet.constprop.0.isra.0
                0x00003d4e       0xb6 C:\QMK_MSYS\tmp\ccN6c06K.ltrans0.ltrans.o
 .text.process_record
                0x00003e04      0xc5a C:\QMK_MSYS\tmp\ccN6c06K.ltrans0.ltrans.o
 .text.waiting_buffer_scan_tap
                0x00004a5e       0xa2 C:\QMK_MSYS\tmp\ccN6c06K.ltrans0.ltrans.o
 .text.process_tapping
                0x00004b00      0x304 C:\QMK_MSYS\tmp\ccN6c06K.ltrans0.ltrans.o
 .text.action_exec
                0x00004e04      0x10c C:\QMK_MSYS\tmp\ccN6c06K.ltrans0.ltrans.o
 .text.generate_tick_event
                0x00004f10       0x46 C:\QMK_MSYS\tmp\ccN6c06K.ltrans0.ltrans.o
 .text.matrix_scan.isra.0
                0x00004f56      0x322 C:\QMK_MSYS\tmp\ccN6c06K.ltrans0.ltrans.o
 .text.startup.main
                0x00005278      0x7fc C:\QMK_MSYS\tmp\ccN6c06K.ltrans0.ltrans.o
                0x00005278                main
 .text.__vector_21
                0x00005a74       0x48 C:\QMK_MSYS\tmp\ccN6c06K.ltrans0.ltrans.o
                0x00005a74                __vector_21
 .text.__vector_10
                0x00005abc      0x1b0 C:\QMK_MSYS\tmp\ccN6c06K.ltrans0.ltrans.o
                0x00005abc                __vector_10
 .text.__vector_11
                0x00005c6c       0x92 C:\QMK_MSYS\tmp\ccN6c06K.ltrans0.ltrans.o
                0x00005c6c                __vector_11
 .text.i2c_init
                0x00005cfe        0xc .build/obj_crkbd_rev1_r2g/i2c_master.a(i2c_master.o)
                0x00005cfe                i2c_init
 .text.i2c_start
                0x00005d0a       0xde .build/obj_crkbd_rev1_r2g/i2c_master.a(i2c_master.o)
                0x00005d0a                i2c_start
 .text.i2c_write
                0x00005de8       0x60 .build/obj_crkbd_rev1_r2g/i2c_master.a(i2c_master.o)
                0x00005de8                i2c_write
 .text.i2c_transmit
                0x00005e48       0x4e .build/obj_crkbd_rev1_r2g/i2c_master.a(i2c_master.o)
                0x00005e48                i2c_transmit
 .text.i2c_writeReg
                0x00005e96       0x56 .build/obj_crkbd_rev1_r2g/i2c_master.a(i2c_master.o)
                0x00005e96                i2c_writeReg
 .text.i2c_stop
                0x00005eec        0x8 .build/obj_crkbd_rev1_r2g/i2c_master.a(i2c_master.o)
                0x00005eec                i2c_stop
 .text.sync_recv
                0x00005ef4       0x12 .build/obj_crkbd_rev1_r2g/serial.a(serial.o)
 .text.sync_send
                0x00005f06        0xc .build/obj_crkbd_rev1_r2g/serial.a(serial.o)
 .text.serial_read_chunk.constprop.0
                0x00005f12       0x5a .build/obj_crkbd_rev1_r2g/serial.a(serial.o)
 .text.serial_recive_packet
                0x00005f6c       0x40 .build/obj_crkbd_rev1_r2g/serial.a(serial.o)
 .text.soft_serial_initiator_init
                0x00005fac        0x6 .build/obj_crkbd_rev1_r2g/serial.a(serial.o)
                0x00005fac                soft_serial_initiator_init
 .text.soft_serial_target_init
                0x00005fb2       0x12 .build/obj_crkbd_rev1_r2g/serial.a(serial.o)
                0x00005fb2                soft_serial_target_init
 .text.serial_write_chunk
                0x00005fc4       0x46 .build/obj_crkbd_rev1_r2g/serial.a(serial.o)
                0x00005fc4                serial_write_chunk
 .text.serial_send_packet
                0x0000600a       0x32 .build/obj_crkbd_rev1_r2g/serial.a(serial.o)
 .text.__vector_3
                0x0000603c      0x14c .build/obj_crkbd_rev1_r2g/serial.a(serial.o)
                0x0000603c                __vector_3
 .text.soft_serial_transaction
                0x00006188       0xea .build/obj_crkbd_rev1_r2g/serial.a(serial.o)
                0x00006188                soft_serial_transaction
 .text.libgcc.div
                0x00006272       0x28 c:/qmk_msys/mingw64/bin/../lib/gcc/avr/12.2.0/avr5\libgcc.a(_udivmodhi4.o)
                0x00006272                __udivmodhi4
 .text.libgcc.prologue
                0x0000629a       0x38 c:/qmk_msys/mingw64/bin/../lib/gcc/avr/12.2.0/avr5\libgcc.a(_prologue.o)
                0x0000629a                __prologue_saves__
 .text.libgcc.prologue
                0x000062d2       0x36 c:/qmk_msys/mingw64/bin/../lib/gcc/avr/12.2.0/avr5\libgcc.a(_epilogue.o)
                0x000062d2                __epilogue_restores__
 .text.libgcc.div
                0x00006308       0x18 c:/qmk_msys/mingw64/bin/../lib/gcc/avr/12.2.0/avr5\libgcc.a(_udivmodqi4.o)
                0x00006308                __udivmodqi4
 .text.libgcc.div
                0x00006320       0x28 c:/qmk_msys/mingw64/bin/../lib/gcc/avr/12.2.0/avr5\libgcc.a(_divmodhi4.o)
                0x00006320                _div
                0x00006320                __divmodhi4
 .text.libgcc   0x00006348        0xc c:/qmk_msys/mingw64/bin/../lib/gcc/avr/12.2.0/avr5\libgcc.a(_tablejump2.o)
                0x00006348                __tablejump2__
 .text.avr-libc
                0x00006354       0x12 c:/qmk_msys/mingw64/bin/../lib/gcc/avr/12.2.0/../../../../avr/lib/avr5\libc.a(memcpy_P.o)
                0x00006354                memcpy_P
 .text.avr-libc
                0x00006366       0x1a c:/qmk_msys/mingw64/bin/../lib/gcc/avr/12.2.0/../../../../avr/lib/avr5\libc.a(memcmp.o)
                0x00006366                memcmp
 .text.avr-libc
                0x00006380       0x12 c:/qmk_msys/mingw64/bin/../lib/gcc/avr/12.2.0/../../../../avr/lib/avr5\libc.a(memcpy.o)
                0x00006380                memcpy
 .text.avr-libc
                0x00006392       0x20 c:/qmk_msys/mingw64/bin/../lib/gcc/avr/12.2.0/../../../../avr/lib/avr5\libatmega32u4.a(eerd_block.o)
                0x00006392                eeprom_read_block
                0x00006396                eeprom_read_blraw
 .text.avr-libc
                0x000063b2       0x10 c:/qmk_msys/mingw64/bin/../lib/gcc/avr/12.2.0/../../../../avr/lib/avr5\libatmega32u4.a(eerd_byte.o)
                0x000063b2                eeprom_read_byte
 .text.avr-libc
                0x000063c2        0xc c:/qmk_msys/mingw64/bin/../lib/gcc/avr/12.2.0/../../../../avr/lib/avr5\libatmega32u4.a(eerd_word.o)
                0x000063c2                eeprom_read_word
 .text.avr-libc
                0x000063ce       0x20 c:/qmk_msys/mingw64/bin/../lib/gcc/avr/12.2.0/../../../../avr/lib/avr5\libatmega32u4.a(eeupd_block.o)
                0x000063ce                eeprom_update_block
 .text.avr-libc
                0x000063ee       0x24 c:/qmk_msys/mingw64/bin/../lib/gcc/avr/12.2.0/../../../../avr/lib/avr5\libatmega32u4.a(eeupd_byte.o)
                0x000063ee                eeprom_update_byte
                0x000063f0                eeprom_update_r18
 .text.avr-libc
                0x00006412       0x18 c:/qmk_msys/mingw64/bin/../lib/gcc/avr/12.2.0/../../../../avr/lib/avr5\libatmega32u4.a(eeupd_dword.o)
                0x00006412                eeprom_update_float
                0x00006412                eeprom_update_dword
 .text.avr-libc
                0x0000642a        0xc c:/qmk_msys/mingw64/bin/../lib/gcc/avr/12.2.0/../../../../avr/lib/avr5\libatmega32u4.a(eeupd_word.o)
                0x0000642a                eeprom_update_word
                0x00006436                        . = ALIGN (0x2)
 *(.fini9)
 .fini9         0x00006436        0x0 c:/qmk_msys/mingw64/bin/../lib/gcc/avr/12.2.0/avr5\libgcc.a(_exit.o)
                0x00006436                _exit
                0x00006436                exit
 *(.fini9)
 *(.fini8)
 *(.fini8)
 *(.fini7)
 *(.fini7)
 *(.fini6)
 *(.fini6)
 *(.fini5)
 *(.fini5)
 *(.fini4)
 *(.fini4)
 *(.fini3)
 *(.fini3)
 *(.fini2)
 *(.fini2)
 *(.fini1)
 *(.fini1)
 *(.fini0)
 .fini0         0x00006436        0x4 c:/qmk_msys/mingw64/bin/../lib/gcc/avr/12.2.0/avr5\libgcc.a(_exit.o)
 *(.fini0)
 *(.hightext)
 *(.hightext*)
 *(.progmemx.*)
                0x0000643a                        . = ALIGN (0x2)
 *(.jumptables)
 *(.jumptables*)
 .jumptables.gcc.USB_Device_ProcessControlRequest
                0x0000643a       0x14 C:\QMK_MSYS\tmp\ccN6c06K.ltrans0.ltrans.o
 .jumptables.gcc.rgb_matrix_task
                0x0000644e       0x10 C:\QMK_MSYS\tmp\ccN6c06K.ltrans0.ltrans.o
 .jumptables.gcc.process_record
                0x0000645e       0x8c C:\QMK_MSYS\tmp\ccN6c06K.ltrans0.ltrans.o
 .jumptables.gcc.main
                0x000064ea        0xe C:\QMK_MSYS\tmp\ccN6c06K.ltrans0.ltrans.o
                0x000064f8                        _etext = .

.data           0x00800100      0x1ca load address 0x000064f8
                0x00800100                        PROVIDE (__data_start = .)
 *(.data)
 *(.data*)
 .data.__compound_literal.3
                0x00800100        0x4 C:\QMK_MSYS\tmp\ccN6c06K.ltrans0.ltrans.o
 .data.__compound_literal.2
                0x00800104        0x4 C:\QMK_MSYS\tmp\ccN6c06K.ltrans0.ltrans.o
 .data.__compound_literal.1.lto_priv.0
                0x00800108        0x4 C:\QMK_MSYS\tmp\ccN6c06K.ltrans0.ltrans.o
 .data.__compound_literal.0.lto_priv.0
                0x0080010c        0x4 C:\QMK_MSYS\tmp\ccN6c06K.ltrans0.ltrans.o
 .data.rand16seed
                0x00800110        0x2 C:\QMK_MSYS\tmp\ccN6c06K.ltrans0.ltrans.o
 .data.rgb_last_enable
                0x00800112        0x1 C:\QMK_MSYS\tmp\ccN6c06K.ltrans0.ltrans.o
 .data.rgb_last_effect
                0x00800113        0x1 C:\QMK_MSYS\tmp\ccN6c06K.ltrans0.ltrans.o
 .data.rgb_effect_params
                0x00800114        0x3 C:\QMK_MSYS\tmp\ccN6c06K.ltrans0.ltrans.o
 .data.isLeftHand
                0x00800117        0x1 C:\QMK_MSYS\tmp\ccN6c06K.ltrans0.ltrans.o
 .data.lufa_driver
                0x00800118        0xa C:\QMK_MSYS\tmp\ccN6c06K.ltrans0.ltrans.o
 .data.display_start.10
                0x00800122        0x7 C:\QMK_MSYS\tmp\ccN6c06K.ltrans0.ltrans.o
 .data.split_transaction_table
                0x00800129       0x28 C:\QMK_MSYS\tmp\ccN6c06K.ltrans0.ltrans.o
                0x00800129                split_transaction_table
 .data.keyboard_protocol
                0x00800151        0x1 C:\QMK_MSYS\tmp\ccN6c06K.ltrans0.ltrans.o
 .data.tap_dance_actions
                0x00800152       0x40 C:\QMK_MSYS\tmp\ccN6c06K.ltrans0.ltrans.o
 .data.rgb_task_state
                0x00800192        0x1 C:\QMK_MSYS\tmp\ccN6c06K.ltrans0.ltrans.o
 *(.gnu.linkonce.d*)
 *(.rodata)
 .rodata        0x00800193       0x13 C:\QMK_MSYS\tmp\ccN6c06K.ltrans0.ltrans.o
 *(.rodata*)
 .rodata.b_m16_interleave
                0x008001a6        0x8 C:\QMK_MSYS\tmp\ccN6c06K.ltrans0.ltrans.o
 .rodata.g_led_config
                0x008001ae       0xd2 C:\QMK_MSYS\tmp\ccN6c06K.ltrans0.ltrans.o
 .rodata.row_pins
                0x00800280        0x4 C:\QMK_MSYS\tmp\ccN6c06K.ltrans0.ltrans.o
 .rodata.col_pins
                0x00800284        0x6 C:\QMK_MSYS\tmp\ccN6c06K.ltrans0.ltrans.o
 .rodata.source_map.7
                0x0080028a        0x4 C:\QMK_MSYS\tmp\ccN6c06K.ltrans0.ltrans.o
 .rodata.target_map.8
                0x0080028e        0x4 C:\QMK_MSYS\tmp\ccN6c06K.ltrans0.ltrans.o
 .rodata.split_shmem
                0x00800292        0x2 C:\QMK_MSYS\tmp\ccN6c06K.ltrans0.ltrans.o
                0x00800292                split_shmem
 .rodata.CSWTCH.10
                0x00800294       0x36 C:\QMK_MSYS\tmp\ccN6c06K.ltrans0.ltrans.o
 *(.gnu.linkonce.r*)
                0x008002ca                        . = ALIGN (0x2)
                0x008002ca                        _edata = .
                0x008002ca                        PROVIDE (__data_end = .)

.bss            0x008002ca      0x459
                0x008002ca                        PROVIDE (__bss_start = .)
 *(.bss)
 .bss           0x008002ca        0x2 .build/obj_crkbd_rev1_r2g/platforms/avr/xprintf.o
                0x008002ca                xfunc_out
 *(.bss*)
 .bss.__compound_literal.0.lto_priv.1
                0x008002cc        0x8 C:\QMK_MSYS\tmp\ccN6c06K.ltrans0.ltrans.o
 .bss.__compound_literal.1.lto_priv.1
                0x008002d4       0x20 C:\QMK_MSYS\tmp\ccN6c06K.ltrans0.ltrans.o
 .bss.last_sync_timer.0
                0x008002f4        0x4 C:\QMK_MSYS\tmp\ccN6c06K.ltrans0.ltrans.o
 .bss.connection_check_timer.0
                0x008002f8        0x2 C:\QMK_MSYS\tmp\ccN6c06K.ltrans0.ltrans.o
 .bss.last_connected.0
                0x008002fa        0x1 C:\QMK_MSYS\tmp\ccN6c06K.ltrans0.ltrans.o
 .bss.debouncing_time
                0x008002fb        0x2 C:\QMK_MSYS\tmp\ccN6c06K.ltrans0.ltrans.o
 .bss.debouncing
                0x008002fd        0x1 C:\QMK_MSYS\tmp\ccN6c06K.ltrans0.ltrans.o
 .bss.sc_timer  0x008002fe        0x2 C:\QMK_MSYS\tmp\ccN6c06K.ltrans0.ltrans.o
 .bss.oled_temp_buffer.6
                0x00800300        0x6 C:\QMK_MSYS\tmp\ccN6c06K.ltrans0.ltrans.o
 .bss.connection_errors
                0x00800306        0x1 C:\QMK_MSYS\tmp\ccN6c06K.ltrans0.ltrans.o
 .bss.keyboard_idle
                0x00800307        0x1 C:\QMK_MSYS\tmp\ccN6c06K.ltrans0.ltrans.o
 .bss.USB_Device_CurrentlySelfPowered
                0x00800308        0x1 C:\QMK_MSYS\tmp\ccN6c06K.ltrans0.ltrans.o
 .bss.USB_Device_ConfigurationNumber
                0x00800309        0x1 C:\QMK_MSYS\tmp\ccN6c06K.ltrans0.ltrans.o
 .bss.USB_IsInitialized
                0x0080030a        0x1 C:\QMK_MSYS\tmp\ccN6c06K.ltrans0.ltrans.o
 .bss.USB_ControlRequest
                0x0080030b        0x8 C:\QMK_MSYS\tmp\ccN6c06K.ltrans0.ltrans.o
 .bss.keyboard_report_sent
                0x00800313        0x8 C:\QMK_MSYS\tmp\ccN6c06K.ltrans0.ltrans.o
 .bss.keyboard_led_state
                0x0080031b        0x1 C:\QMK_MSYS\tmp\ccN6c06K.ltrans0.ltrans.o
 .bss.timer_count
                0x0080031c        0x4 C:\QMK_MSYS\tmp\ccN6c06K.ltrans0.ltrans.o
 .bss.last_consumer_usage
                0x00800320        0x2 C:\QMK_MSYS\tmp\ccN6c06K.ltrans0.ltrans.o
 .bss.last_system_usage
                0x00800322        0x2 C:\QMK_MSYS\tmp\ccN6c06K.ltrans0.ltrans.o
 .bss.rgb_matrix_ws2812_array
                0x00800324       0xa2 C:\QMK_MSYS\tmp\ccN6c06K.ltrans0.ltrans.o
 .bss.ws2812_dirty
                0x008003c6        0x1 C:\QMK_MSYS\tmp\ccN6c06K.ltrans0.ltrans.o
 .bss.rgb_timer_buffer
                0x008003c7        0x4 C:\QMK_MSYS\tmp\ccN6c06K.ltrans0.ltrans.o
 .bss.led.1     0x008003cb       0x18 C:\QMK_MSYS\tmp\ccN6c06K.ltrans0.ltrans.o
 .bss.wait_timer.2
                0x008003e3        0x4 C:\QMK_MSYS\tmp\ccN6c06K.ltrans0.ltrans.o
 .bss.g_rgb_timer
                0x008003e7        0x4 C:\QMK_MSYS\tmp\ccN6c06K.ltrans0.ltrans.o
 .bss.raw_matrix
                0x008003eb        0x8 C:\QMK_MSYS\tmp\ccN6c06K.ltrans0.ltrans.o
 .bss.thatHand  0x008003f3        0x1 C:\QMK_MSYS\tmp\ccN6c06K.ltrans0.ltrans.o
 .bss.thisHand  0x008003f4        0x1 C:\QMK_MSYS\tmp\ccN6c06K.ltrans0.ltrans.o
 .bss.selected_index
                0x008003f5        0x1 C:\QMK_MSYS\tmp\ccN6c06K.ltrans0.ltrans.o
 .bss.wdt_timeout
                0x008003f6        0x1 C:\QMK_MSYS\tmp\ccN6c06K.ltrans0.ltrans.o
 .bss.USB_Device_RemoteWakeupEnabled
                0x008003f7        0x1 C:\QMK_MSYS\tmp\ccN6c06K.ltrans0.ltrans.o
 .bss.USB_DeviceState
                0x008003f8        0x1 C:\QMK_MSYS\tmp\ccN6c06K.ltrans0.ltrans.o
 .bss.matrix    0x008003f9        0x8 C:\QMK_MSYS\tmp\ccN6c06K.ltrans0.ltrans.o
 .bss.debug_config
                0x00800401        0x1 C:\QMK_MSYS\tmp\ccN6c06K.ltrans0.ltrans.o
 .bss.matrix_previous.1
                0x00800402        0x8 C:\QMK_MSYS\tmp\ccN6c06K.ltrans0.ltrans.o
 .bss.oled_cursor
                0x0080040a        0x2 C:\QMK_MSYS\tmp\ccN6c06K.ltrans0.ltrans.o
 .bss.oled_rotation_width
                0x0080040c        0x1 C:\QMK_MSYS\tmp\ccN6c06K.ltrans0.ltrans.o
 .bss.current_frame
                0x0080040d        0x1 C:\QMK_MSYS\tmp\ccN6c06K.ltrans0.ltrans.o
 .bss.timer     0x0080040e        0x4 C:\QMK_MSYS\tmp\ccN6c06K.ltrans0.ltrans.o
 .bss.oled_active
                0x00800412        0x1 C:\QMK_MSYS\tmp\ccN6c06K.ltrans0.ltrans.o
 .bss.temp_buffer.9
                0x00800413       0x20 C:\QMK_MSYS\tmp\ccN6c06K.ltrans0.ltrans.o
 .bss.oled_buffer
                0x00800433      0x200 C:\QMK_MSYS\tmp\ccN6c06K.ltrans0.ltrans.o
 .bss.oled_rotation
                0x00800633        0x1 C:\QMK_MSYS\tmp\ccN6c06K.ltrans0.ltrans.o
 .bss.oled_scrolling
                0x00800634        0x1 C:\QMK_MSYS\tmp\ccN6c06K.ltrans0.ltrans.o
 .bss.oled_dirty
                0x00800635        0x2 C:\QMK_MSYS\tmp\ccN6c06K.ltrans0.ltrans.o
 .bss.oled_update_timeout
                0x00800637        0x2 C:\QMK_MSYS\tmp\ccN6c06K.ltrans0.ltrans.o
 .bss.oled_initialized
                0x00800639        0x1 C:\QMK_MSYS\tmp\ccN6c06K.ltrans0.ltrans.o
 .bss.last_led_status.0
                0x0080063a        0x1 C:\QMK_MSYS\tmp\ccN6c06K.ltrans0.ltrans.o
 .bss.last_update.5
                0x0080063b        0x4 C:\QMK_MSYS\tmp\ccN6c06K.ltrans0.ltrans.o
 .bss.last_update.4
                0x0080063f        0x4 C:\QMK_MSYS\tmp\ccN6c06K.ltrans0.ltrans.o
 .bss.last_update.3
                0x00800643        0x4 C:\QMK_MSYS\tmp\ccN6c06K.ltrans0.ltrans.o
 .bss.last_matrix.1
                0x00800647        0x4 C:\QMK_MSYS\tmp\ccN6c06K.ltrans0.ltrans.o
 .bss.last_update.2
                0x0080064b        0x4 C:\QMK_MSYS\tmp\ccN6c06K.ltrans0.ltrans.o
 .bss.shared_memory
                0x0080064f       0x16 C:\QMK_MSYS\tmp\ccN6c06K.ltrans0.ltrans.o
 .bss.sync_timer_ms
                0x00800665        0x4 C:\QMK_MSYS\tmp\ccN6c06K.ltrans0.ltrans.o
 .bss.last_tick.0
                0x00800669        0x2 C:\QMK_MSYS\tmp\ccN6c06K.ltrans0.ltrans.o
 .bss.last_report.0
                0x0080066b       0x20 C:\QMK_MSYS\tmp\ccN6c06K.ltrans0.ltrans.o
 .bss.driver    0x0080068b        0x2 C:\QMK_MSYS\tmp\ccN6c06K.ltrans0.ltrans.o
 .bss.last_report.1
                0x0080068d        0x8 C:\QMK_MSYS\tmp\ccN6c06K.ltrans0.ltrans.o
 .bss.source_layers_cache
                0x00800695       0x30 C:\QMK_MSYS\tmp\ccN6c06K.ltrans0.ltrans.o
 .bss.split_config
                0x008006c5        0x2 C:\QMK_MSYS\tmp\ccN6c06K.ltrans0.ltrans.o
 .bss.active_td
                0x008006c7        0x2 C:\QMK_MSYS\tmp\ccN6c06K.ltrans0.ltrans.o
 .bss.last_tap_time
                0x008006c9        0x2 C:\QMK_MSYS\tmp\ccN6c06K.ltrans0.ltrans.o
 .bss.unicode_saved_mods
                0x008006cb        0x1 C:\QMK_MSYS\tmp\ccN6c06K.ltrans0.ltrans.o
 .bss.unicode_saved_led_state
                0x008006cc        0x1 C:\QMK_MSYS\tmp\ccN6c06K.ltrans0.ltrans.o
 .bss.unicode_config
                0x008006cd        0x1 C:\QMK_MSYS\tmp\ccN6c06K.ltrans0.ltrans.o
 .bss.sc_last   0x008006ce        0x1 C:\QMK_MSYS\tmp\ccN6c06K.ltrans0.ltrans.o
 .bss.grave_esc_was_shifted
                0x008006cf        0x1 C:\QMK_MSYS\tmp\ccN6c06K.ltrans0.ltrans.o
 .bss.dirty_rgb_matrix
                0x008006d0        0x1 C:\QMK_MSYS\tmp\ccN6c06K.ltrans0.ltrans.o
 .bss.rgb_matrix_config
                0x008006d1        0x8 C:\QMK_MSYS\tmp\ccN6c06K.ltrans0.ltrans.o
 .bss.real_mods
                0x008006d9        0x1 C:\QMK_MSYS\tmp\ccN6c06K.ltrans0.ltrans.o
 .bss.oneshot_mods
                0x008006da        0x1 C:\QMK_MSYS\tmp\ccN6c06K.ltrans0.ltrans.o
 .bss.oneshot_locked_mods
                0x008006db        0x1 C:\QMK_MSYS\tmp\ccN6c06K.ltrans0.ltrans.o
 .bss.default_layer_state
                0x008006dc        0x1 C:\QMK_MSYS\tmp\ccN6c06K.ltrans0.ltrans.o
 .bss.layer_state
                0x008006dd        0x1 C:\QMK_MSYS\tmp\ccN6c06K.ltrans0.ltrans.o
 .bss.oneshot_layer_data
                0x008006de        0x1 C:\QMK_MSYS\tmp\ccN6c06K.ltrans0.ltrans.o
 .bss.keymap_config
                0x008006df        0x2 C:\QMK_MSYS\tmp\ccN6c06K.ltrans0.ltrans.o
 .bss.weak_mods
                0x008006e1        0x1 C:\QMK_MSYS\tmp\ccN6c06K.ltrans0.ltrans.o
 .bss.waiting_buffer_head
                0x008006e2        0x1 C:\QMK_MSYS\tmp\ccN6c06K.ltrans0.ltrans.o
 .bss.waiting_buffer_tail
                0x008006e3        0x1 C:\QMK_MSYS\tmp\ccN6c06K.ltrans0.ltrans.o
 .bss.waiting_buffer
                0x008006e4       0x38 C:\QMK_MSYS\tmp\ccN6c06K.ltrans0.ltrans.o
 .bss.tapping_key
                0x0080071c        0x7 C:\QMK_MSYS\tmp\ccN6c06K.ltrans0.ltrans.o
 *(COMMON)
                0x00800723                        PROVIDE (__bss_end = .)
                0x000064f8                        __data_load_start = LOADADDR (.data)
                0x000066c2                        __data_load_end = (__data_load_start + SIZEOF (.data))

.noinit         0x00800723        0x0
                [!provide]                        PROVIDE (__noinit_start = .)
 *(.noinit .noinit.* .gnu.linkonce.n.*)
                [!provide]                        PROVIDE (__noinit_end = .)
                0x00800723                        _end = .
                [!provide]                        PROVIDE (__heap_start = .)

.eeprom         0x00810000        0x0
 *(.eeprom*)
                0x00810000                        __eeprom_end = .

.fuse
 *(.fuse)
 *(.lfuse)
 *(.hfuse)
 *(.efuse)

.lock
 *(.lock*)

.signature
 *(.signature*)

.stab
 *(.stab)

.stabstr
 *(.stabstr)

.stab.excl
 *(.stab.excl)

.stab.exclstr
 *(.stab.exclstr)

.stab.index
 *(.stab.index)

.stab.indexstr
 *(.stab.indexstr)

.comment        0x00000000       0x12
 *(.comment)
 .comment       0x00000000       0x13 C:\QMK_MSYS\tmp\ccN6c06K.ltrans0.ltrans.o
 .comment       0x00000000       0x12 .build/obj_crkbd_rev1_r2g/i2c_master.a(i2c_master.o)
                                 0x13 (size before relaxing)
 .comment       0x00000012       0x13 .build/obj_crkbd_rev1_r2g/serial.a(serial.o)

.note.gnu.avr.deviceinfo
                0x00000000       0x40
 .note.gnu.avr.deviceinfo
                0x00000000       0x40 c:/qmk_msys/mingw64/bin/../lib/gcc/avr/12.2.0/../../../../avr/lib/avr5/crtatmega32u4.o

.gnu.build.attributes
 *(.gnu.build.attributes .gnu.build.attributes.*)

.note.gnu.build-id
 *(.note.gnu.build-id)

.debug
 *(.debug)

.line
 *(.line)

.debug_srcinfo
 *(.debug_srcinfo)

.debug_sfnames
 *(.debug_sfnames)

.debug_aranges  0x00000000      0x4d0
 *(.debug_aranges)
 .debug_aranges
                0x00000000      0x3f0 C:\QMK_MSYS\tmp\ccN6c06K.ltrans0.ltrans.o
 .debug_aranges
                0x000003f0       0x78 .build/obj_crkbd_rev1_r2g/i2c_master.a(i2c_master.o)
 .debug_aranges
                0x00000468       0x68 .build/obj_crkbd_rev1_r2g/serial.a(serial.o)

.debug_pubnames
 *(.debug_pubnames)

.debug_info     0x00000000    0x3b66d
 *(.debug_info .gnu.linkonce.wi.*)
 .debug_info    0x00000000      0x9f4 c:/qmk_msys/mingw64/bin/../lib/gcc/avr/12.2.0/../../../../avr/lib/avr5/crtatmega32u4.o
 .debug_info    0x000009f4     0x9a3c C:\QMK_MSYS\tmp\ccN6c06K.ltrans0.ltrans.o
 .debug_info    0x0000a430      0x138 C:\QMK_MSYS\tmp\ccIga3ZR.debug.temp.o
                0x0000a430                default_keyboard.c.6cff1d0a
 .debug_info    0x0000a568     0x2ddc C:\QMK_MSYS\tmp\ccw20877.debug.temp.o
                0x0000a568                keymap_introspection.c.5c3ff6ce
 .debug_info    0x0000d344     0x2d51 C:\QMK_MSYS\tmp\cc85lqpo.debug.temp.o
                0x0000d344                quantum.c.fd1b0fb2
 .debug_info    0x00010095      0x1c9 C:\QMK_MSYS\tmp\cc4b9dFD.debug.temp.o
                0x00010095                bitwise.c.8d20df9d
 .debug_info    0x0001025e      0x2fb C:\QMK_MSYS\tmp\ccGLEe3S.debug.temp.o
                0x0001025e                led.c.8b5f4097
 .debug_info    0x00010559     0x32f5 C:\QMK_MSYS\tmp\ccCt92A8.debug.temp.o
                0x00010559                action.c.9eb71094
 .debug_info    0x0001384e      0x869 C:\QMK_MSYS\tmp\cc836sho.debug.temp.o
                0x0001384e                action_layer.c.23981757
 .debug_info    0x000140b7     0x2874 C:\QMK_MSYS\tmp\ccGNCMWC.debug.temp.o
                0x000140b7                action_tapping.c.edd3c102
 .debug_info    0x0001692b      0x7f1 C:\QMK_MSYS\tmp\cc6OhJOR.debug.temp.o
                0x0001692b                action_util.c.392dc6aa
 .debug_info    0x0001711c      0x384 C:\QMK_MSYS\tmp\cccqAu26.debug.temp.o
                0x0001711c                eeconfig.c.b1876fc1
 .debug_info    0x000174a0      0x6e2 C:\QMK_MSYS\tmp\ccarAgfl.debug.temp.o
                0x000174a0                keyboard.c.e4fc0b23
 .debug_info    0x00017b82     0x2a1f C:\QMK_MSYS\tmp\cc6mMhAz.debug.temp.o
                0x00017b82                keymap_common.c.e023f0d3
 .debug_info    0x0001a5a1     0x239a C:\QMK_MSYS\tmp\cckUGIWN.debug.temp.o
                0x0001a5a1                keycode_config.c.1300835e
 .debug_info    0x0001c93b      0x17d C:\QMK_MSYS\tmp\ccUwYow2.debug.temp.o
                0x0001c93b                sync_timer.c.03c5fcc6
 .debug_info    0x0001cab8      0x10a C:\QMK_MSYS\tmp\ccIcqxHk.debug.temp.o
                0x0001cab8                debug.c.bfa15c78
 .debug_info    0x0001cbc2       0x87 C:\QMK_MSYS\tmp\ccm9wj1C.debug.temp.o
                0x0001cbc2                sendchar.c.8de93b43
 .debug_info    0x0001cc49      0x1bf C:\QMK_MSYS\tmp\ccOth6uV.debug.temp.o
                0x0001cc49                bootmagic_lite.c.2af9719c
 .debug_info    0x0001ce08      0x2fa C:\QMK_MSYS\tmp\cc4h4Yde.debug.temp.o
                0x0001ce08                magic.c.c60ee970
 .debug_info    0x0001d102      0x488 C:\QMK_MSYS\tmp\cce9rzWv.debug.temp.o
                0x0001d102                matrix_common.c.4cff525b
 .debug_info    0x0001d58a      0x463 C:\QMK_MSYS\tmp\ccmZRGJN.debug.temp.o
                0x0001d58a                matrix.c.b8553e20
 .debug_info    0x0001d9ed      0x1dd C:\QMK_MSYS\tmp\ccurd2B5.debug.temp.o
                0x0001d9ed                sym_defer_g.c.f6252923
 .debug_info    0x0001dbca      0x322 C:\QMK_MSYS\tmp\ccogYEEn.debug.temp.o
                0x0001dbca                split_util.c.f0166d9b
 .debug_info    0x0001deec      0x512 C:\QMK_MSYS\tmp\ccIosbLE.debug.temp.o
                0x0001deec                transport.c.0edfcec2
 .debug_info    0x0001e3fe      0x977 C:\QMK_MSYS\tmp\ccu9WtVV.debug.temp.o
                0x0001e3fe                transactions.c.50b55cbf
 .debug_info    0x0001ed75       0xed C:\QMK_MSYS\tmp\ccscCked.debug.temp.o
                0x0001ed75                main.c.0a991903
 .debug_info    0x0001ee62       0xc7 C:\QMK_MSYS\tmp\cckS8hMu.debug.temp.o
                0x0001ee62                printf.c.20c060a4
 .debug_info    0x0001ef29      0x227 C:\QMK_MSYS\tmp\cc4vWFjL.debug.temp.o
                0x0001ef29                color.c.0f4f7408
 .debug_info    0x0001f150     0x16b9 C:\QMK_MSYS\tmp\ccqTVKT1.debug.temp.o
                0x0001f150                rgb_matrix.c.5b1259cc
 .debug_info    0x00020809      0x269 C:\QMK_MSYS\tmp\ccOL8WBi.debug.temp.o
                0x00020809                rgb_matrix_drivers.c.b9c2f0e4
 .debug_info    0x00020a72     0x2512 C:\QMK_MSYS\tmp\ccsCGotz.debug.temp.o
                0x00020a72                process_rgb.c.4a38bd70
 .debug_info    0x00022f84       0xa6 C:\QMK_MSYS\tmp\ccShe5ZT.debug.temp.o
                0x00022f84                led_tables.c.d5b094fa
 .debug_info    0x0002302a      0x125 C:\QMK_MSYS\tmp\ccUi9WIe.debug.temp.o
                0x0002302a                lib8tion.c.105c42ea
 .debug_info    0x0002314f      0xd2c C:\QMK_MSYS\tmp\cceV2uxz.debug.temp.o
                0x0002314f                oled_driver.c.5f067863
 .debug_info    0x00023e7b      0x3e2 C:\QMK_MSYS\tmp\ccMYwqvU.debug.temp.o
                0x00023e7b                process_unicodemap.c.e4251ebb
 .debug_info    0x0002425d      0x41d C:\QMK_MSYS\tmp\ccMO8ise.debug.temp.o
                0x0002425d                unicodemap.c.8eb27bda
 .debug_info    0x0002467a     0x2467 C:\QMK_MSYS\tmp\ccEUAhxy.debug.temp.o
                0x0002467a                process_unicode_common.c.4101d619
 .debug_info    0x00026ae1     0x2773 C:\QMK_MSYS\tmp\ccSBGnLS.debug.temp.o
                0x00026ae1                unicode.c.6469f464
 .debug_info    0x00029254      0x202 C:\QMK_MSYS\tmp\cckWrFAw.debug.temp.o
                0x00029254                ws2812_bitbang.c.eb3b31a2
 .debug_info    0x00029456       0xfe C:\QMK_MSYS\tmp\ccwqrL6P.debug.temp.o
                0x00029456                crc.c.d6cac0f1
 .debug_info    0x00029554     0x246b C:\QMK_MSYS\tmp\ccYmfYL9.debug.temp.o
                0x00029554                process_grave_esc.c.96d3cb74
 .debug_info    0x0002b9bf     0x24f9 C:\QMK_MSYS\tmp\cckKmnAt.debug.temp.o
                0x0002b9bf                process_magic.c.1fee1f1f
 .debug_info    0x0002deb8     0x2720 C:\QMK_MSYS\tmp\ccIcW7mM.debug.temp.o
                0x0002deb8                send_string.c.2c8a73a3
 .debug_info    0x000305d8     0x244b C:\QMK_MSYS\tmp\ccyF6Wg5.debug.temp.o
                0x000305d8                process_space_cadet.c.3d26da1f
 .debug_info    0x00032a23      0x9c7 C:\QMK_MSYS\tmp\ccY22Uno.debug.temp.o
                0x00032a23                process_tap_dance.c.c41ab089
 .debug_info    0x000333ea      0x6ad C:\QMK_MSYS\tmp\ccGT1IDH.debug.temp.o
                0x000333ea                host.c.520473ad
 .debug_info    0x00033a97     0x25d4 C:\QMK_MSYS\tmp\ccO9Uyv4.debug.temp.o
                0x00033a97                report.c.2fca9665
 .debug_info    0x0003606b      0x17f C:\QMK_MSYS\tmp\ccw4blyr.debug.temp.o
                0x0003606b                usb_device_state.c.26f81cb5
 .debug_info    0x000361ea       0xf8 C:\QMK_MSYS\tmp\ccAusw4b.debug.temp.o
                0x000361ea                suspend.c.da7c689c
 .debug_info    0x000362e2       0x75 C:\QMK_MSYS\tmp\ccsiYk8D.debug.temp.o
                0x000362e2                platform.c.b3a22241
 .debug_info    0x00036357      0x17e C:\QMK_MSYS\tmp\ccOt1qQZ.debug.temp.o
                0x00036357                suspend.c.6cd7bbbf
 .debug_info    0x000364d5      0x209 C:\QMK_MSYS\tmp\ccyLpfHl.debug.temp.o
                0x000364d5                timer.c.236a4974
 .debug_info    0x000366de       0xc7 C:\QMK_MSYS\tmp\cc8v1BMH.debug.temp.o
                0x000366de                caterina.c.d7fedb30
 .debug_info    0x000367a5      0xc19 C:\QMK_MSYS\tmp\cc0bQ8V3.debug.temp.o
                0x000367a5                lufa.c.92fb486b
 .debug_info    0x000373be      0x78d C:\QMK_MSYS\tmp\cckY062o.debug.temp.o
                0x000373be                usb_descriptor.c.4ce678e8
 .debug_info    0x00037b4b       0x9c C:\QMK_MSYS\tmp\ccSdmLN5.debug.temp.o
                0x00037b4b                Device_AVR8.c.bd86d85a
 .debug_info    0x00037be7      0xb26 C:\QMK_MSYS\tmp\ccOvV4kr.debug.temp.o
                0x00037be7                EndpointStream_AVR8.c.c1eb09b0
 .debug_info    0x0003870d      0x3fa C:\QMK_MSYS\tmp\ccKn3eBQ.debug.temp.o
                0x0003870d                Endpoint_AVR8.c.14d1bb08
 .debug_info    0x00038b07      0x2f0 C:\QMK_MSYS\tmp\ccEgJR4t.debug.temp.o
                0x00038b07                USBController_AVR8.c.d664cb1d
 .debug_info    0x00038df7      0x366 C:\QMK_MSYS\tmp\ccsOK4PS.debug.temp.o
                0x00038df7                USBInterrupt_AVR8.c.a253048e
 .debug_info    0x0003915d      0x624 C:\QMK_MSYS\tmp\ccAiWCVG.debug.temp.o
                0x0003915d                DeviceStandardReq.c.a7b2ff1f
 .debug_info    0x00039781      0x1d8 C:\QMK_MSYS\tmp\cc2ysovR.debug.temp.o
                0x00039781                USBTask.c.9c02d57e
 .debug_info    0x00039959      0x1da C:\QMK_MSYS\tmp\cck4Ux1f.debug.temp.o
                0x00039959                usb_util.c.04940d4d
 .debug_info    0x00039b33      0xa75 .build/obj_crkbd_rev1_r2g/i2c_master.a(i2c_master.o)
 .debug_info    0x0003a5a8     0x10c5 .build/obj_crkbd_rev1_r2g/serial.a(serial.o)

.debug_abbrev   0x00000000     0x6d4a
 *(.debug_abbrev)
 .debug_abbrev  0x00000000      0x96a c:/qmk_msys/mingw64/bin/../lib/gcc/avr/12.2.0/../../../../avr/lib/avr5/crtatmega32u4.o
 .debug_abbrev  0x0000096a      0x31f C:\QMK_MSYS\tmp\ccN6c06K.ltrans0.ltrans.o
 .debug_abbrev  0x00000c89       0x98 C:\QMK_MSYS\tmp\ccIga3ZR.debug.temp.o
 .debug_abbrev  0x00000d21      0x30c C:\QMK_MSYS\tmp\ccw20877.debug.temp.o
 .debug_abbrev  0x0000102d      0x290 C:\QMK_MSYS\tmp\cc85lqpo.debug.temp.o
 .debug_abbrev  0x000012bd       0x7b C:\QMK_MSYS\tmp\cc4b9dFD.debug.temp.o
 .debug_abbrev  0x00001338      0x13f C:\QMK_MSYS\tmp\ccGLEe3S.debug.temp.o
 .debug_abbrev  0x00001477      0x328 C:\QMK_MSYS\tmp\ccCt92A8.debug.temp.o
 .debug_abbrev  0x0000179f      0x216 C:\QMK_MSYS\tmp\cc836sho.debug.temp.o
 .debug_abbrev  0x000019b5      0x21b C:\QMK_MSYS\tmp\ccGNCMWC.debug.temp.o
 .debug_abbrev  0x00001bd0      0x23a C:\QMK_MSYS\tmp\cc6OhJOR.debug.temp.o
 .debug_abbrev  0x00001e0a      0x136 C:\QMK_MSYS\tmp\cccqAu26.debug.temp.o
 .debug_abbrev  0x00001f40      0x29f C:\QMK_MSYS\tmp\ccarAgfl.debug.temp.o
 .debug_abbrev  0x000021df      0x17b C:\QMK_MSYS\tmp\cc6mMhAz.debug.temp.o
 .debug_abbrev  0x0000235a      0x100 C:\QMK_MSYS\tmp\cckUGIWN.debug.temp.o
 .debug_abbrev  0x0000245a       0xdb C:\QMK_MSYS\tmp\ccUwYow2.debug.temp.o
 .debug_abbrev  0x00002535       0xa0 C:\QMK_MSYS\tmp\ccIcqxHk.debug.temp.o
 .debug_abbrev  0x000025d5       0x57 C:\QMK_MSYS\tmp\ccm9wj1C.debug.temp.o
 .debug_abbrev  0x0000262c      0x144 C:\QMK_MSYS\tmp\ccOth6uV.debug.temp.o
 .debug_abbrev  0x00002770      0x12e C:\QMK_MSYS\tmp\cc4h4Yde.debug.temp.o
 .debug_abbrev  0x0000289e      0x1ed C:\QMK_MSYS\tmp\cce9rzWv.debug.temp.o
 .debug_abbrev  0x00002a8b      0x1c3 C:\QMK_MSYS\tmp\ccmZRGJN.debug.temp.o
 .debug_abbrev  0x00002c4e       0xfb C:\QMK_MSYS\tmp\ccurd2B5.debug.temp.o
 .debug_abbrev  0x00002d49      0x1c3 C:\QMK_MSYS\tmp\ccogYEEn.debug.temp.o
 .debug_abbrev  0x00002f0c      0x20f C:\QMK_MSYS\tmp\ccIosbLE.debug.temp.o
 .debug_abbrev  0x0000311b      0x2e1 C:\QMK_MSYS\tmp\ccu9WtVV.debug.temp.o
 .debug_abbrev  0x000033fc       0x5d C:\QMK_MSYS\tmp\ccscCked.debug.temp.o
 .debug_abbrev  0x00003459       0x8c C:\QMK_MSYS\tmp\cckS8hMu.debug.temp.o
 .debug_abbrev  0x000034e5       0xfc C:\QMK_MSYS\tmp\cc4vWFjL.debug.temp.o
 .debug_abbrev  0x000035e1      0x3a5 C:\QMK_MSYS\tmp\ccqTVKT1.debug.temp.o
 .debug_abbrev  0x00003986      0x16c C:\QMK_MSYS\tmp\ccOL8WBi.debug.temp.o
 .debug_abbrev  0x00003af2      0x146 C:\QMK_MSYS\tmp\ccsCGotz.debug.temp.o
 .debug_abbrev  0x00003c38       0x75 C:\QMK_MSYS\tmp\ccShe5ZT.debug.temp.o
 .debug_abbrev  0x00003cad       0x92 C:\QMK_MSYS\tmp\ccUi9WIe.debug.temp.o
 .debug_abbrev  0x00003d3f      0x21f C:\QMK_MSYS\tmp\cceV2uxz.debug.temp.o
 .debug_abbrev  0x00003f5e      0x104 C:\QMK_MSYS\tmp\ccMYwqvU.debug.temp.o
 .debug_abbrev  0x00004062      0x15e C:\QMK_MSYS\tmp\ccMO8ise.debug.temp.o
 .debug_abbrev  0x000041c0      0x13e C:\QMK_MSYS\tmp\ccEUAhxy.debug.temp.o
 .debug_abbrev  0x000042fe      0x2b8 C:\QMK_MSYS\tmp\ccSBGnLS.debug.temp.o
 .debug_abbrev  0x000045b6      0x129 C:\QMK_MSYS\tmp\cckWrFAw.debug.temp.o
 .debug_abbrev  0x000046df       0x8e C:\QMK_MSYS\tmp\ccwqrL6P.debug.temp.o
 .debug_abbrev  0x0000476d      0x163 C:\QMK_MSYS\tmp\ccYmfYL9.debug.temp.o
 .debug_abbrev  0x000048d0      0x14d C:\QMK_MSYS\tmp\cckKmnAt.debug.temp.o
 .debug_abbrev  0x00004a1d      0x1b9 C:\QMK_MSYS\tmp\ccIcW7mM.debug.temp.o
 .debug_abbrev  0x00004bd6      0x139 C:\QMK_MSYS\tmp\ccyF6Wg5.debug.temp.o
 .debug_abbrev  0x00004d0f      0x206 C:\QMK_MSYS\tmp\ccY22Uno.debug.temp.o
 .debug_abbrev  0x00004f15      0x1dc C:\QMK_MSYS\tmp\ccGT1IDH.debug.temp.o
 .debug_abbrev  0x000050f1      0x1a7 C:\QMK_MSYS\tmp\ccO9Uyv4.debug.temp.o
 .debug_abbrev  0x00005298       0xc8 C:\QMK_MSYS\tmp\ccw4blyr.debug.temp.o
 .debug_abbrev  0x00005360       0xa2 C:\QMK_MSYS\tmp\ccAusw4b.debug.temp.o
 .debug_abbrev  0x00005402       0x55 C:\QMK_MSYS\tmp\ccsiYk8D.debug.temp.o
 .debug_abbrev  0x00005457       0xea C:\QMK_MSYS\tmp\ccOt1qQZ.debug.temp.o
 .debug_abbrev  0x00005541      0x108 C:\QMK_MSYS\tmp\ccyLpfHl.debug.temp.o
 .debug_abbrev  0x00005649       0x96 C:\QMK_MSYS\tmp\cc8v1BMH.debug.temp.o
 .debug_abbrev  0x000056df      0x367 C:\QMK_MSYS\tmp\cc0bQ8V3.debug.temp.o
 .debug_abbrev  0x00005a46      0x146 C:\QMK_MSYS\tmp\cckY062o.debug.temp.o
 .debug_abbrev  0x00005b8c       0x66 C:\QMK_MSYS\tmp\ccSdmLN5.debug.temp.o
 .debug_abbrev  0x00005bf2      0x190 C:\QMK_MSYS\tmp\ccOvV4kr.debug.temp.o
 .debug_abbrev  0x00005d82      0x16c C:\QMK_MSYS\tmp\ccKn3eBQ.debug.temp.o
 .debug_abbrev  0x00005eee      0x125 C:\QMK_MSYS\tmp\ccEgJR4t.debug.temp.o
 .debug_abbrev  0x00006013      0x191 C:\QMK_MSYS\tmp\ccsOK4PS.debug.temp.o
 .debug_abbrev  0x000061a4      0x208 C:\QMK_MSYS\tmp\ccAiWCVG.debug.temp.o
 .debug_abbrev  0x000063ac      0x127 C:\QMK_MSYS\tmp\cc2ysovR.debug.temp.o
 .debug_abbrev  0x000064d3      0x185 C:\QMK_MSYS\tmp\cck4Ux1f.debug.temp.o
 .debug_abbrev  0x00006658      0x27b .build/obj_crkbd_rev1_r2g/i2c_master.a(i2c_master.o)
 .debug_abbrev  0x000068d3      0x477 .build/obj_crkbd_rev1_r2g/serial.a(serial.o)

.debug_line     0x00000000    0x13f08
 *(.debug_line .debug_line.* .debug_line_end)
 .debug_line    0x00000000       0x1d c:/qmk_msys/mingw64/bin/../lib/gcc/avr/12.2.0/../../../../avr/lib/avr5/crtatmega32u4.o
 .debug_line    0x0000001d     0xde6f C:\QMK_MSYS\tmp\ccN6c06K.ltrans0.ltrans.o
 .debug_line    0x0000de8c       0xb6 C:\QMK_MSYS\tmp\ccIga3ZR.debug.temp.o
 .debug_line    0x0000df42      0x184 C:\QMK_MSYS\tmp\ccw20877.debug.temp.o
 .debug_line    0x0000e0c6      0x24f C:\QMK_MSYS\tmp\cc85lqpo.debug.temp.o
 .debug_line    0x0000e315       0x5e C:\QMK_MSYS\tmp\cc4b9dFD.debug.temp.o
 .debug_line    0x0000e373       0xaf C:\QMK_MSYS\tmp\ccGLEe3S.debug.temp.o
 .debug_line    0x0000e422      0x159 C:\QMK_MSYS\tmp\ccCt92A8.debug.temp.o
 .debug_line    0x0000e57b       0xa0 C:\QMK_MSYS\tmp\cc836sho.debug.temp.o
 .debug_line    0x0000e61b       0xb0 C:\QMK_MSYS\tmp\ccGNCMWC.debug.temp.o
 .debug_line    0x0000e6cb      0x123 C:\QMK_MSYS\tmp\cc6OhJOR.debug.temp.o
 .debug_line    0x0000e7ee       0xdc C:\QMK_MSYS\tmp\cccqAu26.debug.temp.o
 .debug_line    0x0000e8ca      0x1bf C:\QMK_MSYS\tmp\ccarAgfl.debug.temp.o
 .debug_line    0x0000ea89       0xdd C:\QMK_MSYS\tmp\cc6mMhAz.debug.temp.o
 .debug_line    0x0000eb66       0x96 C:\QMK_MSYS\tmp\cckUGIWN.debug.temp.o
 .debug_line    0x0000ebfc       0x84 C:\QMK_MSYS\tmp\ccUwYow2.debug.temp.o
 .debug_line    0x0000ec80       0x6f C:\QMK_MSYS\tmp\ccIcqxHk.debug.temp.o
 .debug_line    0x0000ecef       0x67 C:\QMK_MSYS\tmp\ccm9wj1C.debug.temp.o
 .debug_line    0x0000ed56       0xf3 C:\QMK_MSYS\tmp\ccOth6uV.debug.temp.o
 .debug_line    0x0000ee49       0xbd C:\QMK_MSYS\tmp\cc4h4Yde.debug.temp.o
 .debug_line    0x0000ef06      0x15c C:\QMK_MSYS\tmp\cce9rzWv.debug.temp.o
 .debug_line    0x0000f062      0x156 C:\QMK_MSYS\tmp\ccmZRGJN.debug.temp.o
 .debug_line    0x0000f1b8       0xdb C:\QMK_MSYS\tmp\ccurd2B5.debug.temp.o
 .debug_line    0x0000f293      0x11e C:\QMK_MSYS\tmp\ccogYEEn.debug.temp.o
 .debug_line    0x0000f3b1      0x14c C:\QMK_MSYS\tmp\ccIosbLE.debug.temp.o
 .debug_line    0x0000f4fd      0x1dd C:\QMK_MSYS\tmp\ccu9WtVV.debug.temp.o
 .debug_line    0x0000f6da       0x3d C:\QMK_MSYS\tmp\ccscCked.debug.temp.o
 .debug_line    0x0000f717       0x8e C:\QMK_MSYS\tmp\cckS8hMu.debug.temp.o
 .debug_line    0x0000f7a5       0x77 C:\QMK_MSYS\tmp\cc4vWFjL.debug.temp.o
 .debug_line    0x0000f81c      0x2df C:\QMK_MSYS\tmp\ccqTVKT1.debug.temp.o
 .debug_line    0x0000fafb       0xb9 C:\QMK_MSYS\tmp\ccOL8WBi.debug.temp.o
 .debug_line    0x0000fbb4       0xe5 C:\QMK_MSYS\tmp\ccsCGotz.debug.temp.o
 .debug_line    0x0000fc99       0x71 C:\QMK_MSYS\tmp\ccShe5ZT.debug.temp.o
 .debug_line    0x0000fd0a       0x64 C:\QMK_MSYS\tmp\ccUi9WIe.debug.temp.o
 .debug_line    0x0000fd6e      0x14e C:\QMK_MSYS\tmp\cceV2uxz.debug.temp.o
 .debug_line    0x0000febc       0xc9 C:\QMK_MSYS\tmp\ccMYwqvU.debug.temp.o
 .debug_line    0x0000ff85       0xe1 C:\QMK_MSYS\tmp\ccMO8ise.debug.temp.o
 .debug_line    0x00010066      0x102 C:\QMK_MSYS\tmp\ccEUAhxy.debug.temp.o
 .debug_line    0x00010168      0x171 C:\QMK_MSYS\tmp\ccSBGnLS.debug.temp.o
 .debug_line    0x000102d9       0xc0 C:\QMK_MSYS\tmp\cckWrFAw.debug.temp.o
 .debug_line    0x00010399       0x9e C:\QMK_MSYS\tmp\ccwqrL6P.debug.temp.o
 .debug_line    0x00010437       0xe6 C:\QMK_MSYS\tmp\ccYmfYL9.debug.temp.o
 .debug_line    0x0001051d       0xc6 C:\QMK_MSYS\tmp\cckKmnAt.debug.temp.o
 .debug_line    0x000105e3       0xdb C:\QMK_MSYS\tmp\ccIcW7mM.debug.temp.o
 .debug_line    0x000106be       0xbf C:\QMK_MSYS\tmp\ccyF6Wg5.debug.temp.o
 .debug_line    0x0001077d      0x13e C:\QMK_MSYS\tmp\ccY22Uno.debug.temp.o
 .debug_line    0x000108bb       0xbc C:\QMK_MSYS\tmp\ccGT1IDH.debug.temp.o
 .debug_line    0x00010977      0x10c C:\QMK_MSYS\tmp\ccO9Uyv4.debug.temp.o
 .debug_line    0x00010a83       0x87 C:\QMK_MSYS\tmp\ccw4blyr.debug.temp.o
 .debug_line    0x00010b0a       0x74 C:\QMK_MSYS\tmp\ccAusw4b.debug.temp.o
 .debug_line    0x00010b7e       0x65 C:\QMK_MSYS\tmp\ccsiYk8D.debug.temp.o
 .debug_line    0x00010be3      0x126 C:\QMK_MSYS\tmp\ccOt1qQZ.debug.temp.o
 .debug_line    0x00010d09       0xa8 C:\QMK_MSYS\tmp\ccyLpfHl.debug.temp.o
 .debug_line    0x00010db1       0x9e C:\QMK_MSYS\tmp\cc8v1BMH.debug.temp.o
 .debug_line    0x00010e4f      0x33a C:\QMK_MSYS\tmp\cc0bQ8V3.debug.temp.o
 .debug_line    0x00011189      0x14a C:\QMK_MSYS\tmp\cckY062o.debug.temp.o
 .debug_line    0x000112d3       0xca C:\QMK_MSYS\tmp\ccSdmLN5.debug.temp.o
 .debug_line    0x0001139d      0x21d C:\QMK_MSYS\tmp\ccOvV4kr.debug.temp.o
 .debug_line    0x000115ba      0x1d4 C:\QMK_MSYS\tmp\ccKn3eBQ.debug.temp.o
 .debug_line    0x0001178e      0x1d1 C:\QMK_MSYS\tmp\ccEgJR4t.debug.temp.o
 .debug_line    0x0001195f      0x258 C:\QMK_MSYS\tmp\ccsOK4PS.debug.temp.o
 .debug_line    0x00011bb7      0x1ae C:\QMK_MSYS\tmp\ccAiWCVG.debug.temp.o
 .debug_line    0x00011d65      0x11f C:\QMK_MSYS\tmp\cc2ysovR.debug.temp.o
 .debug_line    0x00011e84      0x180 C:\QMK_MSYS\tmp\cck4Ux1f.debug.temp.o
 .debug_line    0x00012004      0xe70 .build/obj_crkbd_rev1_r2g/i2c_master.a(i2c_master.o)
 .debug_line    0x00012e74     0x1094 .build/obj_crkbd_rev1_r2g/serial.a(serial.o)

.debug_frame    0x00000000      0xed8
 *(.debug_frame)
 .debug_frame   0x00000000      0xbc8 C:\QMK_MSYS\tmp\ccN6c06K.ltrans0.ltrans.o
 .debug_frame   0x00000bc8      0x1bc .build/obj_crkbd_rev1_r2g/i2c_master.a(i2c_master.o)
 .debug_frame   0x00000d84      0x154 .build/obj_crkbd_rev1_r2g/serial.a(serial.o)

.debug_str      0x00000000     0xb778
 *(.debug_str)
 .debug_str     0x00000000      0x371 c:/qmk_msys/mingw64/bin/../lib/gcc/avr/12.2.0/../../../../avr/lib/avr5/crtatmega32u4.o
 .debug_str     0x00000371      0x1b2 C:\QMK_MSYS\tmp\ccN6c06K.ltrans0.ltrans.o
 .debug_str     0x00000371      0x265 C:\QMK_MSYS\tmp\ccIga3ZR.debug.temp.o
 .debug_str     0x00000371     0x4785 C:\QMK_MSYS\tmp\ccw20877.debug.temp.o
 .debug_str     0x00000371     0x47ed C:\QMK_MSYS\tmp\cc85lqpo.debug.temp.o
 .debug_str     0x00000371      0x252 C:\QMK_MSYS\tmp\cc4b9dFD.debug.temp.o
 .debug_str     0x00000371      0x397 C:\QMK_MSYS\tmp\ccGLEe3S.debug.temp.o
 .debug_str     0x00000371     0x4bfc C:\QMK_MSYS\tmp\ccCt92A8.debug.temp.o
 .debug_str     0x00000371      0x60a C:\QMK_MSYS\tmp\cc836sho.debug.temp.o
 .debug_str     0x00000371     0x425c C:\QMK_MSYS\tmp\ccGNCMWC.debug.temp.o
 .debug_str     0x00000371      0x826 C:\QMK_MSYS\tmp\cc6OhJOR.debug.temp.o
 .debug_str     0x00000371      0x4ef C:\QMK_MSYS\tmp\cccqAu26.debug.temp.o
 .debug_str     0x00000371      0x8b8 C:\QMK_MSYS\tmp\ccarAgfl.debug.temp.o
 .debug_str     0x00000371     0x47dd C:\QMK_MSYS\tmp\cc6mMhAz.debug.temp.o
 .debug_str     0x00000371     0x3fa9 C:\QMK_MSYS\tmp\cckUGIWN.debug.temp.o
 .debug_str     0x00000371      0x2e3 C:\QMK_MSYS\tmp\ccUwYow2.debug.temp.o
 .debug_str     0x00000371      0x241 C:\QMK_MSYS\tmp\ccIcqxHk.debug.temp.o
 .debug_str     0x00000371      0x20c C:\QMK_MSYS\tmp\ccm9wj1C.debug.temp.o
 .debug_str     0x00000371      0x309 C:\QMK_MSYS\tmp\ccOth6uV.debug.temp.o
 .debug_str     0x00000371      0x40b C:\QMK_MSYS\tmp\cc4h4Yde.debug.temp.o
 .debug_str     0x00000371      0x541 C:\QMK_MSYS\tmp\cce9rzWv.debug.temp.o
 .debug_str     0x00000371      0x4d4 C:\QMK_MSYS\tmp\ccmZRGJN.debug.temp.o
 .debug_str     0x00000371      0x2f2 C:\QMK_MSYS\tmp\ccurd2B5.debug.temp.o
 .debug_str     0x00000371      0x47c C:\QMK_MSYS\tmp\ccogYEEn.debug.temp.o
 .debug_str     0x00000371      0x65f C:\QMK_MSYS\tmp\ccIosbLE.debug.temp.o
 .debug_str     0x00000371      0x8ad C:\QMK_MSYS\tmp\ccu9WtVV.debug.temp.o
 .debug_str     0x00000371      0x2b4 C:\QMK_MSYS\tmp\ccscCked.debug.temp.o
 .debug_str     0x00000371      0x231 C:\QMK_MSYS\tmp\cckS8hMu.debug.temp.o
 .debug_str     0x00000371      0x26f C:\QMK_MSYS\tmp\cc4vWFjL.debug.temp.o
 .debug_str     0x00000371     0x1163 C:\QMK_MSYS\tmp\ccqTVKT1.debug.temp.o
 .debug_str     0x00000371      0x2d5 C:\QMK_MSYS\tmp\ccOL8WBi.debug.temp.o
 .debug_str     0x00000371     0x41e2 C:\QMK_MSYS\tmp\ccsCGotz.debug.temp.o
 .debug_str     0x00000371      0x204 C:\QMK_MSYS\tmp\ccShe5ZT.debug.temp.o
 .debug_str     0x00000371      0x226 C:\QMK_MSYS\tmp\ccUi9WIe.debug.temp.o
 .debug_str     0x00000371      0x912 C:\QMK_MSYS\tmp\cceV2uxz.debug.temp.o
 .debug_str     0x00000371      0x674 C:\QMK_MSYS\tmp\ccMYwqvU.debug.temp.o
 .debug_str     0x00000371      0x6e3 C:\QMK_MSYS\tmp\ccMO8ise.debug.temp.o
 .debug_str     0x00000371     0x40c3 C:\QMK_MSYS\tmp\ccEUAhxy.debug.temp.o
 .debug_str     0x00000371     0x4280 C:\QMK_MSYS\tmp\ccSBGnLS.debug.temp.o
 .debug_str     0x00000371      0x2df C:\QMK_MSYS\tmp\cckWrFAw.debug.temp.o
 .debug_str     0x00000371      0x232 C:\QMK_MSYS\tmp\ccwqrL6P.debug.temp.o
 .debug_str     0x00000371     0x401f C:\QMK_MSYS\tmp\ccYmfYL9.debug.temp.o
 .debug_str     0x00000371     0x4079 C:\QMK_MSYS\tmp\cckKmnAt.debug.temp.o
 .debug_str     0x00000371     0x4002 C:\QMK_MSYS\tmp\ccIcW7mM.debug.temp.o
 .debug_str     0x00000371     0x3fb3 C:\QMK_MSYS\tmp\ccyF6Wg5.debug.temp.o
 .debug_str     0x00000371      0xa2c C:\QMK_MSYS\tmp\ccY22Uno.debug.temp.o
 .debug_str     0x00000371      0x5db C:\QMK_MSYS\tmp\ccGT1IDH.debug.temp.o
 .debug_str     0x00000371     0x4064 C:\QMK_MSYS\tmp\ccO9Uyv4.debug.temp.o
 .debug_str     0x00000371      0x394 C:\QMK_MSYS\tmp\ccw4blyr.debug.temp.o
 .debug_str     0x00000371      0x2bc C:\QMK_MSYS\tmp\ccAusw4b.debug.temp.o
 .debug_str     0x00000371      0x216 C:\QMK_MSYS\tmp\ccsiYk8D.debug.temp.o
 .debug_str     0x00000371      0x384 C:\QMK_MSYS\tmp\ccOt1qQZ.debug.temp.o
 .debug_str     0x00000371      0x2a6 C:\QMK_MSYS\tmp\ccyLpfHl.debug.temp.o
 .debug_str     0x00000371      0x24d C:\QMK_MSYS\tmp\cc8v1BMH.debug.temp.o
 .debug_str     0x00000371      0xd0d C:\QMK_MSYS\tmp\cc0bQ8V3.debug.temp.o
 .debug_str     0x00000371      0xa6d C:\QMK_MSYS\tmp\cckY062o.debug.temp.o
 .debug_str     0x00000371      0x26d C:\QMK_MSYS\tmp\ccSdmLN5.debug.temp.o
 .debug_str     0x00000371      0x8cf C:\QMK_MSYS\tmp\ccOvV4kr.debug.temp.o
 .debug_str     0x00000371      0x68f C:\QMK_MSYS\tmp\ccKn3eBQ.debug.temp.o
 .debug_str     0x00000371      0x5ce C:\QMK_MSYS\tmp\ccEgJR4t.debug.temp.o
 .debug_str     0x00000371      0x64d C:\QMK_MSYS\tmp\ccsOK4PS.debug.temp.o
 .debug_str     0x00000371      0xa1e C:\QMK_MSYS\tmp\ccAiWCVG.debug.temp.o
 .debug_str     0x00000371      0x3f4 C:\QMK_MSYS\tmp\cc2ysovR.debug.temp.o
 .debug_str     0x00000371      0x3a1 C:\QMK_MSYS\tmp\cck4Ux1f.debug.temp.o
 .debug_str     0x00000371     0xb407 .build/obj_crkbd_rev1_r2g/i2c_master.a(i2c_master.o)
                                0x334 (size before relaxing)
 .debug_str     0x0000b778      0x6f9 .build/obj_crkbd_rev1_r2g/serial.a(serial.o)

.debug_loc      0x00000000     0xb6d3
 *(.debug_loc)
 .debug_loc     0x00000000     0x9edf C:\QMK_MSYS\tmp\ccN6c06K.ltrans0.ltrans.o
 .debug_loc     0x00009edf      0xd4f .build/obj_crkbd_rev1_r2g/i2c_master.a(i2c_master.o)
 .debug_loc     0x0000ac2e      0xaa5 .build/obj_crkbd_rev1_r2g/serial.a(serial.o)

.debug_macinfo
 *(.debug_macinfo)

.debug_weaknames
 *(.debug_weaknames)

.debug_funcnames
 *(.debug_funcnames)

.debug_typenames
 *(.debug_typenames)

.debug_varnames
 *(.debug_varnames)

.debug_pubtypes
 *(.debug_pubtypes)

.debug_ranges   0x00000000     0x1740
 *(.debug_ranges)
 .debug_ranges  0x00000000     0x1510 C:\QMK_MSYS\tmp\ccN6c06K.ltrans0.ltrans.o
 .debug_ranges  0x00001510      0x128 .build/obj_crkbd_rev1_r2g/i2c_master.a(i2c_master.o)
 .debug_ranges  0x00001638      0x108 .build/obj_crkbd_rev1_r2g/serial.a(serial.o)

.debug_addr
 *(.debug_addr)

.debug_line_str
 *(.debug_line_str)

.debug_loclists
 *(.debug_loclists)

.debug_macro
 *(.debug_macro)

.debug_names
 *(.debug_names)

.debug_rnglists
 *(.debug_rnglists)

.debug_str_offsets
 *(.debug_str_offsets)

.debug_sup
 *(.debug_sup)
OUTPUT(.build/crkbd_rev1_r2g.elf elf32-avr)
LOAD linker stubs

Cross Reference Table

Symbol                                            File
ALPHAS_MODS                                       .build/obj_crkbd_rev1_r2g/quantum/rgb_matrix/rgb_matrix.o (symbol from plugin)
BAND_SAT                                          .build/obj_crkbd_rev1_r2g/quantum/rgb_matrix/rgb_matrix.o (symbol from plugin)
CALLBACK_HIDParser_FilterHIDReportItem            .build/obj_crkbd_rev1_r2g/lib/lufa/LUFA/Drivers/USB/Class/Common/HIDParser.o (symbol from plugin)
CALLBACK_USB_GetDescriptor                        .build/obj_crkbd_rev1_r2g/lufa.o (symbol from plugin)
                                                  .build/obj_crkbd_rev1_r2g/lib/lufa/LUFA/Drivers/USB/Core/DeviceStandardReq.o (symbol from plugin)
CIE1931_CURVE                                     .build/obj_crkbd_rev1_r2g/quantum/led_tables.o (symbol from plugin)
                                                  .build/obj_crkbd_rev1_r2g/quantum/color.o (symbol from plugin)
ConfigDescriptors.c.81163c54                      C:\QMK_MSYS\tmp\ccyN16Nh.debug.temp.o
ConfigurationDescriptor                           .build/obj_crkbd_rev1_r2g/usb_descriptor.o (symbol from plugin)
DeviceDescriptor                                  .build/obj_crkbd_rev1_r2g/usb_descriptor.o (symbol from plugin)
DeviceStandardReq.c.a7b2ff1f                      C:\QMK_MSYS\tmp\ccAiWCVG.debug.temp.o
                                                  C:\QMK_MSYS\tmp\ccN6c06K.ltrans0.ltrans.o
Device_AVR8.c.bd86d85a                            C:\QMK_MSYS\tmp\ccSdmLN5.debug.temp.o
                                                  C:\QMK_MSYS\tmp\ccN6c06K.ltrans0.ltrans.o
EVENT_USB_Device_ConfigurationChanged             .build/obj_crkbd_rev1_r2g/lufa.o (symbol from plugin)
                                                  .build/obj_crkbd_rev1_r2g/lib/lufa/LUFA/Drivers/USB/Core/DeviceStandardReq.o (symbol from plugin)
EVENT_USB_Device_Connect                          .build/obj_crkbd_rev1_r2g/lufa.o (symbol from plugin)
                                                  .build/obj_crkbd_rev1_r2g/lib/lufa/LUFA/Drivers/USB/Core/AVR8/USBInterrupt_AVR8.o (symbol from plugin)
EVENT_USB_Device_ControlRequest                   .build/obj_crkbd_rev1_r2g/lufa.o (symbol from plugin)
                                                  .build/obj_crkbd_rev1_r2g/lib/lufa/LUFA/Drivers/USB/Core/DeviceStandardReq.o (symbol from plugin)
EVENT_USB_Device_Disconnect                       .build/obj_crkbd_rev1_r2g/lufa.o (symbol from plugin)
                                                  .build/obj_crkbd_rev1_r2g/lib/lufa/LUFA/Drivers/USB/Core/AVR8/USBInterrupt_AVR8.o (symbol from plugin)
EVENT_USB_Device_Reset                            .build/obj_crkbd_rev1_r2g/lufa.o (symbol from plugin)
                                                  .build/obj_crkbd_rev1_r2g/lib/lufa/LUFA/Drivers/USB/Core/AVR8/USBInterrupt_AVR8.o (symbol from plugin)
EVENT_USB_Device_StartOfFrame                     .build/obj_crkbd_rev1_r2g/lib/lufa/LUFA/Drivers/USB/Core/Events.o (symbol from plugin)
                                                  .build/obj_crkbd_rev1_r2g/lib/lufa/LUFA/Drivers/USB/Core/AVR8/USBInterrupt_AVR8.o (symbol from plugin)
EVENT_USB_Device_Suspend                          .build/obj_crkbd_rev1_r2g/lufa.o (symbol from plugin)
                                                  .build/obj_crkbd_rev1_r2g/lib/lufa/LUFA/Drivers/USB/Core/AVR8/USBInterrupt_AVR8.o (symbol from plugin)
EVENT_USB_Device_WakeUp                           .build/obj_crkbd_rev1_r2g/lufa.o (symbol from plugin)
                                                  .build/obj_crkbd_rev1_r2g/lib/lufa/LUFA/Drivers/USB/Core/AVR8/USBInterrupt_AVR8.o (symbol from plugin)
EndpointStream_AVR8.c.c1eb09b0                    C:\QMK_MSYS\tmp\ccOvV4kr.debug.temp.o
                                                  C:\QMK_MSYS\tmp\ccN6c06K.ltrans0.ltrans.o
Endpoint_AVR8.c.14d1bb08                          C:\QMK_MSYS\tmp\ccKn3eBQ.debug.temp.o
                                                  C:\QMK_MSYS\tmp\ccN6c06K.ltrans0.ltrans.o
Endpoint_ClearEndpoints                           .build/obj_crkbd_rev1_r2g/lib/lufa/LUFA/Drivers/USB/Core/AVR8/Endpoint_AVR8.o (symbol from plugin)
Endpoint_ClearStatusStage                         .build/obj_crkbd_rev1_r2g/lib/lufa/LUFA/Drivers/USB/Core/AVR8/Endpoint_AVR8.o (symbol from plugin)
                                                  .build/obj_crkbd_rev1_r2g/lib/lufa/LUFA/Drivers/USB/Core/DeviceStandardReq.o (symbol from plugin)
                                                  .build/obj_crkbd_rev1_r2g/lufa.o (symbol from plugin)
Endpoint_ConfigureEndpointTable                   .build/obj_crkbd_rev1_r2g/lib/lufa/LUFA/Drivers/USB/Core/AVR8/Endpoint_AVR8.o (symbol from plugin)
Endpoint_ConfigureEndpoint_Prv                    .build/obj_crkbd_rev1_r2g/lib/lufa/LUFA/Drivers/USB/Core/AVR8/Endpoint_AVR8.o (symbol from plugin)
                                                  .build/obj_crkbd_rev1_r2g/lib/lufa/LUFA/Drivers/USB/Core/AVR8/USBInterrupt_AVR8.o (symbol from plugin)
                                                  .build/obj_crkbd_rev1_r2g/lib/lufa/LUFA/Drivers/USB/Core/AVR8/USBController_AVR8.o (symbol from plugin)
                                                  .build/obj_crkbd_rev1_r2g/lufa.o (symbol from plugin)
Endpoint_Discard_Stream                           .build/obj_crkbd_rev1_r2g/lib/lufa/LUFA/Drivers/USB/Core/AVR8/EndpointStream_AVR8.o (symbol from plugin)
Endpoint_Null_Stream                              .build/obj_crkbd_rev1_r2g/lib/lufa/LUFA/Drivers/USB/Core/AVR8/EndpointStream_AVR8.o (symbol from plugin)
Endpoint_Read_Control_EStream_BE                  .build/obj_crkbd_rev1_r2g/lib/lufa/LUFA/Drivers/USB/Core/AVR8/EndpointStream_AVR8.o (symbol from plugin)
Endpoint_Read_Control_EStream_LE                  .build/obj_crkbd_rev1_r2g/lib/lufa/LUFA/Drivers/USB/Core/AVR8/EndpointStream_AVR8.o (symbol from plugin)
Endpoint_Read_Control_Stream_BE                   .build/obj_crkbd_rev1_r2g/lib/lufa/LUFA/Drivers/USB/Core/AVR8/EndpointStream_AVR8.o (symbol from plugin)
Endpoint_Read_Control_Stream_LE                   .build/obj_crkbd_rev1_r2g/lib/lufa/LUFA/Drivers/USB/Core/AVR8/EndpointStream_AVR8.o (symbol from plugin)
Endpoint_Read_EStream_BE                          .build/obj_crkbd_rev1_r2g/lib/lufa/LUFA/Drivers/USB/Core/AVR8/EndpointStream_AVR8.o (symbol from plugin)
Endpoint_Read_EStream_LE                          .build/obj_crkbd_rev1_r2g/lib/lufa/LUFA/Drivers/USB/Core/AVR8/EndpointStream_AVR8.o (symbol from plugin)
Endpoint_Read_Stream_BE                           .build/obj_crkbd_rev1_r2g/lib/lufa/LUFA/Drivers/USB/Core/AVR8/EndpointStream_AVR8.o (symbol from plugin)
Endpoint_Read_Stream_LE                           .build/obj_crkbd_rev1_r2g/lib/lufa/LUFA/Drivers/USB/Core/AVR8/EndpointStream_AVR8.o (symbol from plugin)
Endpoint_WaitUntilReady                           .build/obj_crkbd_rev1_r2g/lib/lufa/LUFA/Drivers/USB/Core/AVR8/Endpoint_AVR8.o (symbol from plugin)
                                                  .build/obj_crkbd_rev1_r2g/lib/lufa/LUFA/Drivers/USB/Core/AVR8/EndpointStream_AVR8.o (symbol from plugin)
Endpoint_Write_Control_EStream_BE                 .build/obj_crkbd_rev1_r2g/lib/lufa/LUFA/Drivers/USB/Core/AVR8/EndpointStream_AVR8.o (symbol from plugin)
Endpoint_Write_Control_EStream_LE                 .build/obj_crkbd_rev1_r2g/lib/lufa/LUFA/Drivers/USB/Core/AVR8/EndpointStream_AVR8.o (symbol from plugin)
Endpoint_Write_Control_PStream_BE                 .build/obj_crkbd_rev1_r2g/lib/lufa/LUFA/Drivers/USB/Core/AVR8/EndpointStream_AVR8.o (symbol from plugin)
Endpoint_Write_Control_PStream_LE                 .build/obj_crkbd_rev1_r2g/lib/lufa/LUFA/Drivers/USB/Core/AVR8/EndpointStream_AVR8.o (symbol from plugin)
                                                  .build/obj_crkbd_rev1_r2g/lib/lufa/LUFA/Drivers/USB/Core/DeviceStandardReq.o (symbol from plugin)
Endpoint_Write_Control_Stream_BE                  .build/obj_crkbd_rev1_r2g/lib/lufa/LUFA/Drivers/USB/Core/AVR8/EndpointStream_AVR8.o (symbol from plugin)
Endpoint_Write_Control_Stream_LE                  .build/obj_crkbd_rev1_r2g/lib/lufa/LUFA/Drivers/USB/Core/AVR8/EndpointStream_AVR8.o (symbol from plugin)
                                                  .build/obj_crkbd_rev1_r2g/lib/lufa/LUFA/Drivers/USB/Core/DeviceStandardReq.o (symbol from plugin)
                                                  .build/obj_crkbd_rev1_r2g/lufa.o (symbol from plugin)
Endpoint_Write_EStream_BE                         .build/obj_crkbd_rev1_r2g/lib/lufa/LUFA/Drivers/USB/Core/AVR8/EndpointStream_AVR8.o (symbol from plugin)
Endpoint_Write_EStream_LE                         .build/obj_crkbd_rev1_r2g/lib/lufa/LUFA/Drivers/USB/Core/AVR8/EndpointStream_AVR8.o (symbol from plugin)
Endpoint_Write_PStream_BE                         .build/obj_crkbd_rev1_r2g/lib/lufa/LUFA/Drivers/USB/Core/AVR8/EndpointStream_AVR8.o (symbol from plugin)
Endpoint_Write_PStream_LE                         .build/obj_crkbd_rev1_r2g/lib/lufa/LUFA/Drivers/USB/Core/AVR8/EndpointStream_AVR8.o (symbol from plugin)
Endpoint_Write_Stream_BE                          .build/obj_crkbd_rev1_r2g/lib/lufa/LUFA/Drivers/USB/Core/AVR8/EndpointStream_AVR8.o (symbol from plugin)
Endpoint_Write_Stream_LE                          .build/obj_crkbd_rev1_r2g/lib/lufa/LUFA/Drivers/USB/Core/AVR8/EndpointStream_AVR8.o (symbol from plugin)
                                                  .build/obj_crkbd_rev1_r2g/lufa.o (symbol from plugin)
Events.c.13241190                                 C:\QMK_MSYS\tmp\ccm1bSX4.debug.temp.o
GRADIENT_LEFT_RIGHT                               .build/obj_crkbd_rev1_r2g/quantum/rgb_matrix/rgb_matrix.o (symbol from plugin)
GRADIENT_UP_DOWN                                  .build/obj_crkbd_rev1_r2g/quantum/rgb_matrix/rgb_matrix.o (symbol from plugin)
HIDParser.c.71b40f9d                              C:\QMK_MSYS\tmp\cckGA8lK.debug.temp.o
HUE_BREATHING                                     .build/obj_crkbd_rev1_r2g/quantum/rgb_matrix/rgb_matrix.o (symbol from plugin)
HostStandardReq.c.6d67b300                        C:\QMK_MSYS\tmp\ccGBGZ8s.debug.temp.o
Host_AVR8.c.d4276d5c                              C:\QMK_MSYS\tmp\ccKhVacg.debug.temp.o
KeyboardReport                                    .build/obj_crkbd_rev1_r2g/usb_descriptor.o (symbol from plugin)
LanguageString                                    .build/obj_crkbd_rev1_r2g/usb_descriptor.o (symbol from plugin)
ManufacturerString                                .build/obj_crkbd_rev1_r2g/usb_descriptor.o (symbol from plugin)
PipeStream_AVR8.c.de4c6c35                        C:\QMK_MSYS\tmp\cccYwJJF.debug.temp.o
Pipe_AVR8.c.3b1e57b4                              C:\QMK_MSYS\tmp\cc0TuEr5.debug.temp.o
ProductString                                     .build/obj_crkbd_rev1_r2g/usb_descriptor.o (symbol from plugin)
SOLID_COLOR                                       .build/obj_crkbd_rev1_r2g/quantum/rgb_matrix/rgb_matrix.o (symbol from plugin)
SharedReport                                      .build/obj_crkbd_rev1_r2g/usb_descriptor.o (symbol from plugin)
USBController_AVR8.c.d664cb1d                     C:\QMK_MSYS\tmp\ccEgJR4t.debug.temp.o
                                                  C:\QMK_MSYS\tmp\ccN6c06K.ltrans0.ltrans.o
USBInterrupt_AVR8.c.a253048e                      C:\QMK_MSYS\tmp\ccsOK4PS.debug.temp.o
                                                  C:\QMK_MSYS\tmp\ccN6c06K.ltrans0.ltrans.o
USBTask.c.9c02d57e                                C:\QMK_MSYS\tmp\cc2ysovR.debug.temp.o
                                                  C:\QMK_MSYS\tmp\ccN6c06K.ltrans0.ltrans.o
USB_ControlRequest                                .build/obj_crkbd_rev1_r2g/lib/lufa/LUFA/Drivers/USB/Core/USBTask.o (symbol from plugin)
                                                  .build/obj_crkbd_rev1_r2g/lib/lufa/LUFA/Drivers/USB/Core/DeviceStandardReq.o (symbol from plugin)
                                                  .build/obj_crkbd_rev1_r2g/lib/lufa/LUFA/Drivers/USB/Core/AVR8/Endpoint_AVR8.o (symbol from plugin)
                                                  .build/obj_crkbd_rev1_r2g/lib/lufa/LUFA/Drivers/USB/Core/AVR8/EndpointStream_AVR8.o (symbol from plugin)
                                                  .build/obj_crkbd_rev1_r2g/lufa.o (symbol from plugin)
USB_DeviceState                                   .build/obj_crkbd_rev1_r2g/lib/lufa/LUFA/Drivers/USB/Core/USBTask.o (symbol from plugin)
                                                  .build/obj_crkbd_rev1_r2g/protocol/lufa/usb_util.o (symbol from plugin)