Archive member included to satisfy reference by file (symbol)

.build/obj_crkbd_rev1_PROYECTO_MEJORAR_CRKBD/i2c_master.a(i2c_master.o)
                              .build/obj_crkbd_rev1_PROYECTO_MEJORAR_CRKBD/oled_driver.o (symbol from plugin) (i2c_init)
.build/obj_crkbd_rev1_PROYECTO_MEJORAR_CRKBD/serial.a(serial.o)
                              .build/obj_crkbd_rev1_PROYECTO_MEJORAR_CRKBD/quantum/split_common/transport.o (symbol from plugin) (soft_serial_initiator_init)
c:/qmk_msys/mingw64/bin/../lib/gcc/avr/12.2.0/avr5\libgcc.a(_udivmodhi4.o)
                              .build/obj_crkbd_rev1_PROYECTO_MEJORAR_CRKBD/i2c_master.a(i2c_master.o) (__udivmodhi4)
c:/qmk_msys/mingw64/bin/../lib/gcc/avr/12.2.0/avr5\libgcc.a(_exit.o)
                              c:/qmk_msys/mingw64/bin/../lib/gcc/avr/12.2.0/../../../../avr/lib/avr5/crtatmega32u4.o (exit)
c:/qmk_msys/mingw64/bin/../lib/gcc/avr/12.2.0/avr5\libgcc.a(_prologue.o)
                              .build/obj_crkbd_rev1_PROYECTO_MEJORAR_CRKBD/i2c_master.a(i2c_master.o) (__prologue_saves__)
c:/qmk_msys/mingw64/bin/../lib/gcc/avr/12.2.0/avr5\libgcc.a(_epilogue.o)
                              .build/obj_crkbd_rev1_PROYECTO_MEJORAR_CRKBD/i2c_master.a(i2c_master.o) (__epilogue_restores__)
c:/qmk_msys/mingw64/bin/../lib/gcc/avr/12.2.0/../../../../avr/lib/avr5\libc.a(memcpy_P.o)
                              .build/obj_crkbd_rev1_PROYECTO_MEJORAR_CRKBD/oled_driver.o (symbol from plugin) (memcpy_P)
c:/qmk_msys/mingw64/bin/../lib/gcc/avr/12.2.0/../../../../avr/lib/avr5\libatmega32u4.a(eerd_block.o)
                              .build/obj_crkbd_rev1_PROYECTO_MEJORAR_CRKBD/quantum/rgb_matrix/rgb_matrix.o (symbol from plugin) (eeprom_read_block)
c:/qmk_msys/mingw64/bin/../lib/gcc/avr/12.2.0/../../../../avr/lib/avr5\libatmega32u4.a(eerd_byte.o)
                              .build/obj_crkbd_rev1_PROYECTO_MEJORAR_CRKBD/quantum/eeconfig.o (symbol from plugin) (eeprom_read_byte)
c:/qmk_msys/mingw64/bin/../lib/gcc/avr/12.2.0/../../../../avr/lib/avr5\libatmega32u4.a(eerd_dword.o)
                              .build/obj_crkbd_rev1_PROYECTO_MEJORAR_CRKBD/quantum/eeconfig.o (symbol from plugin) (eeprom_read_dword)
c:/qmk_msys/mingw64/bin/../lib/gcc/avr/12.2.0/../../../../avr/lib/avr5\libatmega32u4.a(eerd_word.o)
                              .build/obj_crkbd_rev1_PROYECTO_MEJORAR_CRKBD/quantum/eeconfig.o (symbol from plugin) (eeprom_read_word)
c:/qmk_msys/mingw64/bin/../lib/gcc/avr/12.2.0/../../../../avr/lib/avr5\libatmega32u4.a(eeupd_block.o)
                              .build/obj_crkbd_rev1_PROYECTO_MEJORAR_CRKBD/quantum/eeconfig.o (symbol from plugin) (eeprom_update_block)
c:/qmk_msys/mingw64/bin/../lib/gcc/avr/12.2.0/../../../../avr/lib/avr5\libatmega32u4.a(eeupd_byte.o)
                              .build/obj_crkbd_rev1_PROYECTO_MEJORAR_CRKBD/quantum/eeconfig.o (symbol from plugin) (eeprom_update_byte)
c:/qmk_msys/mingw64/bin/../lib/gcc/avr/12.2.0/../../../../avr/lib/avr5\libatmega32u4.a(eeupd_dword.o)
                              .build/obj_crkbd_rev1_PROYECTO_MEJORAR_CRKBD/quantum/eeconfig.o (symbol from plugin) (eeprom_update_dword)
c:/qmk_msys/mingw64/bin/../lib/gcc/avr/12.2.0/../../../../avr/lib/avr5\libatmega32u4.a(eeupd_word.o)
                              .build/obj_crkbd_rev1_PROYECTO_MEJORAR_CRKBD/quantum/eeconfig.o (symbol from plugin) (eeprom_update_word)
c:/qmk_msys/mingw64/bin/../lib/gcc/avr/12.2.0/avr5\libgcc.a(_udivmodqi4.o)
                              C:\QMK_MSYS\tmp\ccIg7Orf.ltrans0.ltrans.o (__udivmodqi4)
c:/qmk_msys/mingw64/bin/../lib/gcc/avr/12.2.0/avr5\libgcc.a(_divmodhi4.o)
                              C:\QMK_MSYS\tmp\ccIg7Orf.ltrans0.ltrans.o (__divmodhi4)
c:/qmk_msys/mingw64/bin/../lib/gcc/avr/12.2.0/avr5\libgcc.a(_udivmodsi4.o)
                              C:\QMK_MSYS\tmp\ccIg7Orf.ltrans0.ltrans.o (__udivmodsi4)
c:/qmk_msys/mingw64/bin/../lib/gcc/avr/12.2.0/avr5\libgcc.a(_tablejump2.o)
                              C:\QMK_MSYS\tmp\ccIg7Orf.ltrans0.ltrans.o (__tablejump2__)
c:/qmk_msys/mingw64/bin/../lib/gcc/avr/12.2.0/avr5\libgcc.a(_copy_data.o)
                              C:\QMK_MSYS\tmp\ccIg7Orf.ltrans0.ltrans.o (__do_copy_data)
c:/qmk_msys/mingw64/bin/../lib/gcc/avr/12.2.0/avr5\libgcc.a(_clear_bss.o)
                              C:\QMK_MSYS\tmp\ccIg7Orf.ltrans0.ltrans.o (__do_clear_bss)
c:/qmk_msys/mingw64/bin/../lib/gcc/avr/12.2.0/../../../../avr/lib/avr5\libc.a(memcmp.o)
                              C:\QMK_MSYS\tmp\ccIg7Orf.ltrans0.ltrans.o (memcmp)
c:/qmk_msys/mingw64/bin/../lib/gcc/avr/12.2.0/../../../../avr/lib/avr5\libc.a(memcpy.o)
                              C:\QMK_MSYS\tmp\ccIg7Orf.ltrans0.ltrans.o (memcpy)

Allocating common symbols
Common symbol       size              file

unicode_saved_led_state
                    0x1               .build/obj_crkbd_rev1_PROYECTO_MEJORAR_CRKBD/quantum/unicode/unicode.o (symbol from plugin)
[...]
Memory Configuration

Name             Origin             Length             Attributes
text             0x00000000         0x00020000         xr
data             0x00800060         0x0000ffa0         rw!x
eeprom           0x00810000         0x00010000         rw!x
fuse             0x00820000         0x00000003         rw!x
lock             0x00830000         0x00000400         rw!x
signature        0x00840000         0x00000400         rw!x
user_signatures  0x00850000         0x00000400         rw!x
*default*        0x00000000         0xffffffff

Linker script and memory map

Address of section .data set to 0x800100
LOAD c:/qmk_msys/mingw64/bin/../lib/gcc/avr/12.2.0/../../../../avr/lib/avr5/crtatmega32u4.o
LOAD .build/obj_crkbd_rev1_PROYECTO_MEJORAR_CRKBD/keyboards/crkbd/crkbd.o
LOAD C:\QMK_MSYS\tmp\ccIg7Orf.ltrans0.ltrans.o
LOAD C:\QMK_MSYS\tmp\ccCBcFqT.debug.temp.o
LOAD C:\QMK_MSYS\tmp\cc6pvD2r.debug.temp.o
LOAD C:\QMK_MSYS\tmp\cc8XQnM0.debug.temp.o
LOAD C:\QMK_MSYS\tmp\cc0MRLEz.debug.temp.o
LOAD C:\QMK_MSYS\tmp\ccs83ZG8.debug.temp.o
LOAD C:\QMK_MSYS\tmp\ccsJXcPG.debug.temp.o
LOAD C:\QMK_MSYS\tmp\ccCRVa4e.debug.temp.o
LOAD C:\QMK_MSYS\tmp\cckrZUfN.debug.temp.o
LOAD C:\QMK_MSYS\tmp\cc2G4qxl.debug.temp.o
LOAD C:\QMK_MSYS\tmp\ccUTRhZT.debug.temp.o
LOAD C:\QMK_MSYS\tmp\ccsumAwr.debug.temp.o
LOAD C:\QMK_MSYS\tmp\ccMx9IaZ.debug.temp.o
LOAD C:\QMK_MSYS\tmp\ccMKakUw.debug.temp.o
LOAD C:\QMK_MSYS\tmp\ccui9JO4.debug.temp.o
LOAD C:\QMK_MSYS\tmp\ccKNR8DB.debug.temp.o
LOAD C:\QMK_MSYS\tmp\cc6liMJ8.debug.temp.o
LOAD C:\QMK_MSYS\tmp\cc4FdEWF.debug.temp.o
LOAD C:\QMK_MSYS\tmp\ccuqBn7c.debug.temp.o
LOAD C:\QMK_MSYS\tmp\ccY0EroK.debug.temp.o
LOAD C:\QMK_MSYS\tmp\cciOXurl.debug.temp.o
LOAD C:\QMK_MSYS\tmp\cc47nLBW.debug.temp.o
LOAD C:\QMK_MSYS\tmp\ccEf3yIx.debug.temp.o
LOAD C:\QMK_MSYS\tmp\cc0LaVZ8.debug.temp.o
LOAD C:\QMK_MSYS\tmp\ccKWcpqK.debug.temp.o
LOAD C:\QMK_MSYS\tmp\ccmbpSMk.debug.temp.o
LOAD C:\QMK_MSYS\tmp\cc2TvrpV.debug.temp.o
LOAD C:\QMK_MSYS\tmp\ccu5UQ8v.debug.temp.o
LOAD C:\QMK_MSYS\tmp\ccmApzP6.debug.temp.o
LOAD C:\QMK_MSYS\tmp\ccWpBQCH.debug.temp.o
LOAD C:\QMK_MSYS\tmp\ccC6Ofuh.debug.temp.o
LOAD C:\QMK_MSYS\tmp\ccsOQxwR.debug.temp.o
LOAD C:\QMK_MSYS\tmp\cckzFmHr.debug.temp.o
LOAD C:\QMK_MSYS\tmp\ccOnaDX1.debug.temp.o
LOAD C:\QMK_MSYS\tmp\cc8IkheB.debug.temp.o
LOAD C:\QMK_MSYS\tmp\ccyPJDra.debug.temp.o
LOAD C:\QMK_MSYS\tmp\ccCCI8KJ.debug.temp.o
LOAD C:\QMK_MSYS\tmp\ccEGcHsj.debug.temp.o
LOAD C:\QMK_MSYS\tmp\ccoRwm6S.debug.temp.o
LOAD C:\QMK_MSYS\tmp\ccsGwlpw.debug.temp.o
LOAD C:\QMK_MSYS\tmp\ccOGnXS9.debug.temp.o
LOAD C:\QMK_MSYS\tmp\cc89ZdvN.debug.temp.o
LOAD C:\QMK_MSYS\tmp\ccQN3Kgr.debug.temp.o
LOAD C:\QMK_MSYS\tmp\cce3nSW3.debug.temp.o
LOAD C:\QMK_MSYS\tmp\cc02LWMG.debug.temp.o
LOAD C:\QMK_MSYS\tmp\cc6mrtOj.debug.temp.o
LOAD C:\QMK_MSYS\tmp\ccSEi4XW.debug.temp.o
LOAD C:\QMK_MSYS\tmp\ccufu75y.debug.temp.o
LOAD C:\QMK_MSYS\tmp\ccKusiob.debug.temp.o
LOAD C:\QMK_MSYS\tmp\ccESqcMN.debug.temp.o
LOAD C:\QMK_MSYS\tmp\ccE5v9jq.debug.temp.o
LOAD C:\QMK_MSYS\tmp\ccOdSHR1.debug.temp.o
LOAD C:\QMK_MSYS\tmp\cc6j1oED.debug.temp.o
LOAD C:\QMK_MSYS\tmp\cc8btHwf.debug.temp.o
LOAD C:\QMK_MSYS\tmp\cc8KfNmR.debug.temp.o
LOAD C:\QMK_MSYS\tmp\cc85sKnt.debug.temp.o
LOAD C:\QMK_MSYS\tmp\ccUH6w38.debug.temp.o
LOAD C:\QMK_MSYS\tmp\cc4NFkVO.debug.temp.o
LOAD C:\QMK_MSYS\tmp\ccs7tAUu.debug.temp.o
LOAD C:\QMK_MSYS\tmp\ccSBvGQa.debug.temp.o
LOAD C:\QMK_MSYS\tmp\ccwDgZWQ.debug.temp.o
LOAD C:\QMK_MSYS\tmp\ccqJRDYv.debug.temp.o
LOAD C:\QMK_MSYS\tmp\ccAxb8jb.debug.temp.o
LOAD C:\QMK_MSYS\tmp\ccY0GbVQ.debug.temp.o
LOAD C:\QMK_MSYS\tmp\ccumWzrv.debug.temp.o
LOAD C:\QMK_MSYS\tmp\cc4tfeV9.debug.temp.o
LOAD C:\QMK_MSYS\tmp\cc2tyFvO.debug.temp.o
LOAD C:\QMK_MSYS\tmp\ccSf07qt.debug.temp.o
LOAD C:\QMK_MSYS\tmp\ccKQvJi7.debug.temp.o
LOAD C:\QMK_MSYS\tmp\ccoqmQpL.debug.temp.o
LOAD C:\QMK_MSYS\tmp\ccywZBHp.debug.temp.o
LOAD C:\QMK_MSYS\tmp\cc4RIt53.debug.temp.o
LOAD C:\QMK_MSYS\tmp\ccsDHb8L.debug.temp.o
LOAD C:\QMK_MSYS\tmp\ccSdCY8t.debug.temp.o
LOAD C:\QMK_MSYS\tmp\ccewcDgc.debug.temp.o
LOAD C:\QMK_MSYS\tmp\ccuvKWDU.debug.temp.o
LOAD C:\QMK_MSYS\tmp\ccmiQL8C.debug.temp.o
LOAD .build/obj_crkbd_rev1_PROYECTO_MEJORAR_CRKBD/.build/obj_crkbd_rev1_PROYECTO_MEJORAR_CRKBD/src/default_keyboard.o
LOAD .build/obj_crkbd_rev1_PROYECTO_MEJORAR_CRKBD/quantum/keymap_introspection.o
LOAD .build/obj_crkbd_rev1_PROYECTO_MEJORAR_CRKBD/quantum/quantum.o
LOAD .build/obj_crkbd_rev1_PROYECTO_MEJORAR_CRKBD/quantum/bitwise.o
LOAD .build/obj_crkbd_rev1_PROYECTO_MEJORAR_CRKBD/quantum/led.o
LOAD .build/obj_crkbd_rev1_PROYECTO_MEJORAR_CRKBD/quantum/action.o
LOAD .build/obj_crkbd_rev1_PROYECTO_MEJORAR_CRKBD/quantum/action_layer.o
LOAD .build/obj_crkbd_rev1_PROYECTO_MEJORAR_CRKBD/quantum/action_tapping.o
LOAD .build/obj_crkbd_rev1_PROYECTO_MEJORAR_CRKBD/quantum/action_util.o
LOAD .build/obj_crkbd_rev1_PROYECTO_MEJORAR_CRKBD/quantum/eeconfig.o
LOAD .build/obj_crkbd_rev1_PROYECTO_MEJORAR_CRKBD/quantum/keyboard.o
LOAD .build/obj_crkbd_rev1_PROYECTO_MEJORAR_CRKBD/quantum/keymap_common.o
LOAD .build/obj_crkbd_rev1_PROYECTO_MEJORAR_CRKBD/quantum/keycode_config.o
LOAD .build/obj_crkbd_rev1_PROYECTO_MEJORAR_CRKBD/quantum/sync_timer.o
LOAD .build/obj_crkbd_rev1_PROYECTO_MEJORAR_CRKBD/quantum/logging/debug.o
LOAD .build/obj_crkbd_rev1_PROYECTO_MEJORAR_CRKBD/quantum/logging/sendchar.o
LOAD .build/obj_crkbd_rev1_PROYECTO_MEJORAR_CRKBD/quantum/bootmagic/bootmagic_lite.o
LOAD .build/obj_crkbd_rev1_PROYECTO_MEJORAR_CRKBD/quantum/bootmagic/magic.o
LOAD .build/obj_crkbd_rev1_PROYECTO_MEJORAR_CRKBD/quantum/matrix_common.o
LOAD .build/obj_crkbd_rev1_PROYECTO_MEJORAR_CRKBD/quantum/matrix.o
LOAD .build/obj_crkbd_rev1_PROYECTO_MEJORAR_CRKBD/quantum/debounce/sym_defer_g.o
LOAD .build/obj_crkbd_rev1_PROYECTO_MEJORAR_CRKBD/quantum/split_common/split_util.o
LOAD .build/obj_crkbd_rev1_PROYECTO_MEJORAR_CRKBD/quantum/split_common/transport.o
LOAD .build/obj_crkbd_rev1_PROYECTO_MEJORAR_CRKBD/quantum/split_common/transactions.o
LOAD .build/obj_crkbd_rev1_PROYECTO_MEJORAR_CRKBD/quantum/main.o
LOAD .build/obj_crkbd_rev1_PROYECTO_MEJORAR_CRKBD/platforms/avr/xprintf.o
LOAD .build/obj_crkbd_rev1_PROYECTO_MEJORAR_CRKBD/platforms/avr/printf.o
LOAD .build/obj_crkbd_rev1_PROYECTO_MEJORAR_CRKBD/quantum/color.o
LOAD .build/obj_crkbd_rev1_PROYECTO_MEJORAR_CRKBD/quantum/rgb_matrix/rgb_matrix.o
LOAD .build/obj_crkbd_rev1_PROYECTO_MEJORAR_CRKBD/quantum/rgb_matrix/rgb_matrix_drivers.o
LOAD .build/obj_crkbd_rev1_PROYECTO_MEJORAR_CRKBD/quantum/process_keycode/process_rgb.o
LOAD .build/obj_crkbd_rev1_PROYECTO_MEJORAR_CRKBD/quantum/led_tables.o
LOAD .build/obj_crkbd_rev1_PROYECTO_MEJORAR_CRKBD/lib/lib8tion/lib8tion.o
LOAD .build/obj_crkbd_rev1_PROYECTO_MEJORAR_CRKBD/oled_driver.o
LOAD .build/obj_crkbd_rev1_PROYECTO_MEJORAR_CRKBD/quantum/process_keycode/process_unicodemap.o
LOAD .build/obj_crkbd_rev1_PROYECTO_MEJORAR_CRKBD/quantum/unicode/unicodemap.o
LOAD .build/obj_crkbd_rev1_PROYECTO_MEJORAR_CRKBD/quantum/process_keycode/process_unicode_common.o
LOAD .build/obj_crkbd_rev1_PROYECTO_MEJORAR_CRKBD/quantum/unicode/unicode.o
LOAD .build/obj_crkbd_rev1_PROYECTO_MEJORAR_CRKBD/quantum/unicode/utf8.o
LOAD .build/obj_crkbd_rev1_PROYECTO_MEJORAR_CRKBD/ws2812_bitbang.o
LOAD .build/obj_crkbd_rev1_PROYECTO_MEJORAR_CRKBD/quantum/process_keycode/process_auto_shift.o
LOAD .build/obj_crkbd_rev1_PROYECTO_MEJORAR_CRKBD/quantum/crc.o
LOAD .build/obj_crkbd_rev1_PROYECTO_MEJORAR_CRKBD/quantum/process_keycode/process_grave_esc.o
LOAD .build/obj_crkbd_rev1_PROYECTO_MEJORAR_CRKBD/quantum/process_keycode/process_magic.o
LOAD .build/obj_crkbd_rev1_PROYECTO_MEJORAR_CRKBD/quantum/send_string/send_string.o
LOAD .build/obj_crkbd_rev1_PROYECTO_MEJORAR_CRKBD/quantum/process_keycode/process_space_cadet.o
LOAD .build/obj_crkbd_rev1_PROYECTO_MEJORAR_CRKBD/quantum/process_keycode/process_tap_dance.o
LOAD .build/obj_crkbd_rev1_PROYECTO_MEJORAR_CRKBD/protocol/host.o
LOAD .build/obj_crkbd_rev1_PROYECTO_MEJORAR_CRKBD/protocol/report.o
LOAD .build/obj_crkbd_rev1_PROYECTO_MEJORAR_CRKBD/protocol/usb_device_state.o
LOAD .build/obj_crkbd_rev1_PROYECTO_MEJORAR_CRKBD/protocol/usb_util.o
LOAD .build/obj_crkbd_rev1_PROYECTO_MEJORAR_CRKBD/platforms/suspend.o
LOAD .build/obj_crkbd_rev1_PROYECTO_MEJORAR_CRKBD/platforms/synchronization_util.o
LOAD .build/obj_crkbd_rev1_PROYECTO_MEJORAR_CRKBD/platforms/timer.o
LOAD .build/obj_crkbd_rev1_PROYECTO_MEJORAR_CRKBD/platforms/avr/hardware_id.o
LOAD .build/obj_crkbd_rev1_PROYECTO_MEJORAR_CRKBD/platforms/avr/platform.o
LOAD .build/obj_crkbd_rev1_PROYECTO_MEJORAR_CRKBD/platforms/avr/suspend.o
LOAD .build/obj_crkbd_rev1_PROYECTO_MEJORAR_CRKBD/platforms/avr/timer.o
LOAD .build/obj_crkbd_rev1_PROYECTO_MEJORAR_CRKBD/platforms/avr/bootloaders/caterina.o
LOAD .build/obj_crkbd_rev1_PROYECTO_MEJORAR_CRKBD/i2c_master.a
LOAD .build/obj_crkbd_rev1_PROYECTO_MEJORAR_CRKBD/i2c_slave.a
LOAD .build/obj_crkbd_rev1_PROYECTO_MEJORAR_CRKBD/serial.a
LOAD .build/obj_crkbd_rev1_PROYECTO_MEJORAR_CRKBD/lufa.o
LOAD .build/obj_crkbd_rev1_PROYECTO_MEJORAR_CRKBD/usb_descriptor.o
LOAD .build/obj_crkbd_rev1_PROYECTO_MEJORAR_CRKBD/lib/lufa/LUFA/Drivers/USB/Class/Common/HIDParser.o
LOAD .build/obj_crkbd_rev1_PROYECTO_MEJORAR_CRKBD/lib/lufa/LUFA/Drivers/USB/Core/AVR8/Device_AVR8.o
LOAD .build/obj_crkbd_rev1_PROYECTO_MEJORAR_CRKBD/lib/lufa/LUFA/Drivers/USB/Core/AVR8/EndpointStream_AVR8.o
LOAD .build/obj_crkbd_rev1_PROYECTO_MEJORAR_CRKBD/lib/lufa/LUFA/Drivers/USB/Core/AVR8/Endpoint_AVR8.o
LOAD .build/obj_crkbd_rev1_PROYECTO_MEJORAR_CRKBD/lib/lufa/LUFA/Drivers/USB/Core/AVR8/Host_AVR8.o
LOAD .build/obj_crkbd_rev1_PROYECTO_MEJORAR_CRKBD/lib/lufa/LUFA/Drivers/USB/Core/AVR8/PipeStream_AVR8.o
LOAD .build/obj_crkbd_rev1_PROYECTO_MEJORAR_CRKBD/lib/lufa/LUFA/Drivers/USB/Core/AVR8/Pipe_AVR8.o
LOAD .build/obj_crkbd_rev1_PROYECTO_MEJORAR_CRKBD/lib/lufa/LUFA/Drivers/USB/Core/AVR8/USBController_AVR8.o
LOAD .build/obj_crkbd_rev1_PROYECTO_MEJORAR_CRKBD/lib/lufa/LUFA/Drivers/USB/Core/AVR8/USBInterrupt_AVR8.o
LOAD .build/obj_crkbd_rev1_PROYECTO_MEJORAR_CRKBD/lib/lufa/LUFA/Drivers/USB/Core/ConfigDescriptors.o
LOAD .build/obj_crkbd_rev1_PROYECTO_MEJORAR_CRKBD/lib/lufa/LUFA/Drivers/USB/Core/DeviceStandardReq.o
LOAD .build/obj_crkbd_rev1_PROYECTO_MEJORAR_CRKBD/lib/lufa/LUFA/Drivers/USB/Core/Events.o
LOAD .build/obj_crkbd_rev1_PROYECTO_MEJORAR_CRKBD/lib/lufa/LUFA/Drivers/USB/Core/HostStandardReq.o
LOAD .build/obj_crkbd_rev1_PROYECTO_MEJORAR_CRKBD/lib/lufa/LUFA/Drivers/USB/Core/USBTask.o
LOAD .build/obj_crkbd_rev1_PROYECTO_MEJORAR_CRKBD/protocol/lufa/usb_util.o
LOAD c:/qmk_msys/mingw64/bin/../lib/gcc/avr/12.2.0/../../../../avr/lib/avr5\libm.a
START GROUP
LOAD c:/qmk_msys/mingw64/bin/../lib/gcc/avr/12.2.0/avr5\libgcc.a
LOAD c:/qmk_msys/mingw64/bin/../lib/gcc/avr/12.2.0/../../../../avr/lib/avr5\libm.a
LOAD c:/qmk_msys/mingw64/bin/../lib/gcc/avr/12.2.0/../../../../avr/lib/avr5\libc.a
LOAD c:/qmk_msys/mingw64/bin/../lib/gcc/avr/12.2.0/../../../../avr/lib/avr5\libatmega32u4.a
END GROUP
                0x00020000                        __TEXT_REGION_LENGTH__ = DEFINED (__TEXT_REGION_LENGTH__)?__TEXT_REGION_LENGTH__:0x20000
                0x00800060                        __DATA_REGION_ORIGIN__ = DEFINED (__DATA_REGION_ORIGIN__)?__DATA_REGION_ORIGIN__:0x800060
                0x0000ffa0                        __DATA_REGION_LENGTH__ = DEFINED (__DATA_REGION_LENGTH__)?__DATA_REGION_LENGTH__:0xffa0
                0x00010000                        __EEPROM_REGION_LENGTH__ = DEFINED (__EEPROM_REGION_LENGTH__)?__EEPROM_REGION_LENGTH__:0x10000
                [0x00000003]                      __FUSE_REGION_LENGTH__ = DEFINED (__FUSE_REGION_LENGTH__)?__FUSE_REGION_LENGTH__:0x400
                0x00000400                        __LOCK_REGION_LENGTH__ = DEFINED (__LOCK_REGION_LENGTH__)?__LOCK_REGION_LENGTH__:0x400
                0x00000400                        __SIGNATURE_REGION_LENGTH__ = DEFINED (__SIGNATURE_REGION_LENGTH__)?__SIGNATURE_REGION_LENGTH__:0x400
                0x00000400                        __USER_SIGNATURE_REGION_LENGTH__ = DEFINED (__USER_SIGNATURE_REGION_LENGTH__)?__USER_SIGNATURE_REGION_LENGTH__:0x400

.hash
 *(.hash)

.dynsym
 *(.dynsym)

.dynstr
 *(.dynstr)

.gnu.version
 *(.gnu.version)

.gnu.version_d
 *(.gnu.version_d)

.gnu.version_r
 *(.gnu.version_r)

.rel.init
 *(.rel.init)

.rela.init
 *(.rela.init)

.rel.text
 *(.rel.text)
 *(.rel.text.*)
 *(.rel.gnu.linkonce.t*)

.rela.text
 *(.rela.text)
 *(.rela.text.*)
 *(.rela.gnu.linkonce.t*)

.rel.fini
 *(.rel.fini)

.rela.fini
 *(.rela.fini)

.rel.rodata
 *(.rel.rodata)
 *(.rel.rodata.*)
 *(.rel.gnu.linkonce.r*)

.rela.rodata
 *(.rela.rodata)
 *(.rela.rodata.*)
 *(.rela.gnu.linkonce.r*)

.rel.data
 *(.rel.data)
 *(.rel.data.*)
 *(.rel.gnu.linkonce.d*)

.rela.data
 *(.rela.data)
 *(.rela.data.*)
 *(.rela.gnu.linkonce.d*)

.rel.ctors
 *(.rel.ctors)

.rela.ctors
 *(.rela.ctors)

.rel.dtors
 *(.rel.dtors)

.rela.dtors
 *(.rela.dtors)

.rel.got
 *(.rel.got)

.rela.got
 *(.rela.got)

.rel.bss
 *(.rel.bss)

.rela.bss
 *(.rela.bss)

.rel.plt
 *(.rel.plt)

.rela.plt
 *(.rela.plt)

.text           0x00000000     0x6b2c
 *(.vectors)
 .vectors       0x00000000       0xac c:/qmk_msys/mingw64/bin/../lib/gcc/avr/12.2.0/../../../../avr/lib/avr5/crtatmega32u4.o
                0x00000000                __vector_default
                0x00000000                __vectors
 *(.vectors)
 *(.progmem.gcc*)
                0x000000ac                        . = ALIGN (0x2)
                0x000000ac                        __trampolines_start = .
 *(.trampolines)
 .trampolines   0x000000ac        0x0 linker stubs
 *(.trampolines*)
                0x000000ac                        __trampolines_end = .
 *libprintf_flt.a:*(.progmem.data)
 *libc.a:*(.progmem.data)
 *(.progmem.*)
 .progmem.data.pikaframe_4.3
                0x000000ac       0x60 C:\QMK_MSYS\tmp\ccIg7Orf.ltrans0.ltrans.o
 .progmem.data.pikaframe_3.2
                0x0000010c       0x60 C:\QMK_MSYS\tmp\ccIg7Orf.ltrans0.ltrans.o
 .progmem.data.pikaframe_2.1
                0x0000016c       0x60 C:\QMK_MSYS\tmp\ccIg7Orf.ltrans0.ltrans.o
 .progmem.data.pikaframe_1.0
                0x000001cc       0x60 C:\QMK_MSYS\tmp\ccIg7Orf.ltrans0.ltrans.o
 .progmem.data.font
                0x0000022c      0x540 C:\QMK_MSYS\tmp\ccIg7Orf.ltrans0.ltrans.o
 .progmem.data.SharedReport
                0x0000076c       0x6d C:\QMK_MSYS\tmp\ccIg7Orf.ltrans0.ltrans.o
 .progmem.data.KeyboardReport
                0x000007d9       0x44 C:\QMK_MSYS\tmp\ccIg7Orf.ltrans0.ltrans.o
 .progmem.data.ConfigurationDescriptor
                0x0000081d       0x3b C:\QMK_MSYS\tmp\ccIg7Orf.ltrans0.ltrans.o
 .progmem.data.DeviceDescriptor
                0x00000858       0x12 C:\QMK_MSYS\tmp\ccIg7Orf.ltrans0.ltrans.o
 .progmem.data.ProductString
                0x0000086a        0xe C:\QMK_MSYS\tmp\ccIg7Orf.ltrans0.ltrans.o
 .progmem.data.ManufacturerString
                0x00000878       0x12 C:\QMK_MSYS\tmp\ccIg7Orf.ltrans0.ltrans.o
 .progmem.data.LanguageString
                0x0000088a        0x4 C:\QMK_MSYS\tmp\ccIg7Orf.ltrans0.ltrans.o
 .progmem.data.ascii_to_dead_lut
                0x0000088e       0x10 C:\QMK_MSYS\tmp\ccIg7Orf.ltrans0.ltrans.o
 .progmem.data.ascii_to_altgr_lut
                0x0000089e       0x10 C:\QMK_MSYS\tmp\ccIg7Orf.ltrans0.ltrans.o
 .progmem.data.ascii_to_shift_lut
                0x000008ae       0x10 C:\QMK_MSYS\tmp\ccIg7Orf.ltrans0.ltrans.o
 .progmem.data.ascii_to_keycode_lut
                0x000008be       0x80 C:\QMK_MSYS\tmp\ccIg7Orf.ltrans0.ltrans.o
 .progmem.data.CIE1931_CURVE
                0x0000093e      0x100 C:\QMK_MSYS\tmp\ccIg7Orf.ltrans0.ltrans.o
 .progmem.data.display_setup2.11
                0x00000a3e        0xd C:\QMK_MSYS\tmp\ccIg7Orf.ltrans0.ltrans.o
 .progmem.data.display_flipped.12
                0x00000a4b        0x5 C:\QMK_MSYS\tmp\ccIg7Orf.ltrans0.ltrans.o
 .progmem.data.display_normal.13
                0x00000a50        0x5 C:\QMK_MSYS\tmp\ccIg7Orf.ltrans0.ltrans.o
 .progmem.data.display_setup1.14
                0x00000a55        0xb C:\QMK_MSYS\tmp\ccIg7Orf.ltrans0.ltrans.o
 .progmem.data.display_off.4
                0x00000a60        0x2 C:\QMK_MSYS\tmp\ccIg7Orf.ltrans0.ltrans.o
 .progmem.data.mb_logo.19
                0x00000a62      0x200 C:\QMK_MSYS\tmp\ccIg7Orf.ltrans0.ltrans.o
 .progmem.data.__c.4
                0x00000c62        0x8 C:\QMK_MSYS\tmp\ccIg7Orf.ltrans0.ltrans.o
 .progmem.data.__c.5
                0x00000c6a        0xe C:\QMK_MSYS\tmp\ccIg7Orf.ltrans0.ltrans.o
 .progmem.data.__c.6
                0x00000c78        0xb C:\QMK_MSYS\tmp\ccIg7Orf.ltrans0.ltrans.o
 .progmem.data.__c.8
                0x00000c83        0xa C:\QMK_MSYS\tmp\ccIg7Orf.ltrans0.ltrans.o
 .progmem.data.__c.9
                0x00000c8d        0xd C:\QMK_MSYS\tmp\ccIg7Orf.ltrans0.ltrans.o
 .progmem.data.__c.7
                0x00000c9a        0x3 C:\QMK_MSYS\tmp\ccIg7Orf.ltrans0.ltrans.o
 .progmem.data.__c.10
                0x00000c9d        0xb C:\QMK_MSYS\tmp\ccIg7Orf.ltrans0.ltrans.o
 .progmem.data.__c.11
                0x00000ca8        0xb C:\QMK_MSYS\tmp\ccIg7Orf.ltrans0.ltrans.o
 .progmem.data.__c.12
                0x00000cb3        0xc C:\QMK_MSYS\tmp\ccIg7Orf.ltrans0.ltrans.o
 .progmem.data.__c.13
                0x00000cbf        0xb C:\QMK_MSYS\tmp\ccIg7Orf.ltrans0.ltrans.o
 .progmem.data.__c.15
                0x00000cca        0xa C:\QMK_MSYS\tmp\ccIg7Orf.ltrans0.ltrans.o
 .progmem.data.__c.16
                0x00000cd4        0xd C:\QMK_MSYS\tmp\ccIg7Orf.ltrans0.ltrans.o
 .progmem.data.__c.14
                0x00000ce1        0x3 C:\QMK_MSYS\tmp\ccIg7Orf.ltrans0.ltrans.o
 .progmem.data.__c.17
                0x00000ce4        0xb C:\QMK_MSYS\tmp\ccIg7Orf.ltrans0.ltrans.o
 .progmem.data.__c.18
                0x00000cef        0x7 C:\QMK_MSYS\tmp\ccIg7Orf.ltrans0.ltrans.o
 .progmem.data.display_on.5
                0x00000cf6        0x2 C:\QMK_MSYS\tmp\ccIg7Orf.ltrans0.ltrans.o
 .progmem.data.keymaps
                0x00000cf8      0x2a0 C:\QMK_MSYS\tmp\ccIg7Orf.ltrans0.ltrans.o
 .progmem.data.unicode_map
                0x00000f98      0x104 C:\QMK_MSYS\tmp\ccIg7Orf.ltrans0.ltrans.o
                0x0000109c                        . = ALIGN (0x2)
 *(.lowtext)
 *(.lowtext*)
                0x0000109c                        __ctors_start = .
 *(.ctors)
                0x0000109c                        __ctors_end = .
                0x0000109c                        __dtors_start = .
 *(.dtors)
                0x0000109c                        __dtors_end = .
 SORT_BY_NAME(*)(.ctors)
 SORT_BY_NAME(*)(.dtors)
 *(.init0)
 .init0         0x0000109c        0x0 c:/qmk_msys/mingw64/bin/../lib/gcc/avr/12.2.0/../../../../avr/lib/avr5/crtatmega32u4.o
                0x0000109c                __init
 *(.init0)
 *(.init1)
 *(.init1)
 *(.init2)
 .init2         0x0000109c        0xc c:/qmk_msys/mingw64/bin/../lib/gcc/avr/12.2.0/../../../../avr/lib/avr5/crtatmega32u4.o
 *(.init2)
 *(.init3)
 *(.init3)
 *(.init4)
 .init4         0x000010a8       0x16 c:/qmk_msys/mingw64/bin/../lib/gcc/avr/12.2.0/avr5\libgcc.a(_copy_data.o)
                0x000010a8                __do_copy_data
 .init4         0x000010be       0x10 c:/qmk_msys/mingw64/bin/../lib/gcc/avr/12.2.0/avr5\libgcc.a(_clear_bss.o)
                0x000010be                __do_clear_bss
 *(.init4)
 *(.init5)
 *(.init5)
 *(.init6)
 *(.init6)
 *(.init7)
 *(.init7)
 *(.init8)
 *(.init8)
 *(.init9)
 .init9         0x000010ce        0x8 c:/qmk_msys/mingw64/bin/../lib/gcc/avr/12.2.0/../../../../avr/lib/avr5/crtatmega32u4.o
 *(.init9)
 *(.text)
 .text          0x000010d6        0x4 c:/qmk_msys/mingw64/bin/../lib/gcc/avr/12.2.0/../../../../avr/lib/avr5/crtatmega32u4.o
                0x000010d6                __vector_38
                0x000010d6                __vector_22
                0x000010d6                __vector_28
                0x000010d6                __vector_1
                0x000010d6                __vector_32
                0x000010d6                __vector_34
                0x000010d6                __vector_24
                0x000010d6                __bad_interrupt
                0x000010d6                __vector_6
                0x000010d6                __vector_31
                0x000010d6                __vector_35
                0x000010d6                __vector_39
                0x000010d6                __vector_23
                0x000010d6                __vector_30
                0x000010d6                __vector_25
                0x000010d6                __vector_13
                0x000010d6                __vector_17
                0x000010d6                __vector_19
                0x000010d6                __vector_7
                0x000010d6                __vector_41
                0x000010d6                __vector_27
                0x000010d6                __vector_5
                0x000010d6                __vector_33
                0x000010d6                __vector_37
                0x000010d6                __vector_4
                0x000010d6                __vector_9
                0x000010d6                __vector_2
                0x000010d6                __vector_15
                0x000010d6                __vector_36
                0x000010d6                __vector_29
                0x000010d6                __vector_40
                0x000010d6                __vector_8
                0x000010d6                __vector_26
                0x000010d6                __vector_14
                0x000010d6                __vector_16
                0x000010d6                __vector_18
                0x000010d6                __vector_20
                0x000010d6                __vector_42
                0x000010da                        . = ALIGN (0x2)
 *(.text.*)
 .text.do_code16
                0x000010da       0x58 C:\QMK_MSYS\tmp\ccIg7Orf.ltrans0.ltrans.o
 .text.biton    0x00001132       0x24 C:\QMK_MSYS\tmp\ccIg7Orf.ltrans0.ltrans.o
 .text.default_layer_state_set
                0x00001156        0x6 C:\QMK_MSYS\tmp\ccIg7Orf.ltrans0.ltrans.o
 .text.update_source_layers_cache
                0x0000115c       0x5e C:\QMK_MSYS\tmp\ccIg7Orf.ltrans0.ltrans.o
 .text.read_source_layers_cache
                0x000011ba       0x5c C:\QMK_MSYS\tmp\ccIg7Orf.ltrans0.ltrans.o
 .text.debug_waiting_buffer
                0x00001216       0x14 C:\QMK_MSYS\tmp\ccIg7Orf.ltrans0.ltrans.o
 .text.get_mods_for_report
                0x0000122a       0x4c C:\QMK_MSYS\tmp\ccIg7Orf.ltrans0.ltrans.o
 .text.add_mods
                0x00001276        0xc C:\QMK_MSYS\tmp\ccIg7Orf.ltrans0.ltrans.o
 .text.del_mods
                0x00001282       0x10 C:\QMK_MSYS\tmp\ccIg7Orf.ltrans0.ltrans.o
 .text.set_oneshot_mods
                0x00001292       0x14 C:\QMK_MSYS\tmp\ccIg7Orf.ltrans0.ltrans.o
 .text.keymap_key_to_keycode
                0x000012a6       0x3c C:\QMK_MSYS\tmp\ccIg7Orf.ltrans0.ltrans.o
 .text.keycode_config
                0x000012e2      0x148 C:\QMK_MSYS\tmp\ccIg7Orf.ltrans0.ltrans.o
 .text.mod_config
                0x0000142a       0x9e C:\QMK_MSYS\tmp\ccIg7Orf.ltrans0.ltrans.o
 .text.action_for_keycode
                0x000014c8      0x232 C:\QMK_MSYS\tmp\ccIg7Orf.ltrans0.ltrans.o
 .text.layer_switch_get_layer
                0x000016fa       0x56 C:\QMK_MSYS\tmp\ccIg7Orf.ltrans0.ltrans.o
 .text.get_record_keycode
                0x00001750       0x40 C:\QMK_MSYS\tmp\ccIg7Orf.ltrans0.ltrans.o
 .text.layer_switch_get_action
                0x00001790       0x1e C:\QMK_MSYS\tmp\ccIg7Orf.ltrans0.ltrans.o
 .text.is_tap_record
                0x000017ae       0x4c C:\QMK_MSYS\tmp\ccIg7Orf.ltrans0.ltrans.o
 .text.sendchar
                0x000017fa        0x4 C:\QMK_MSYS\tmp\ccIg7Orf.ltrans0.ltrans.o
 .text.setPinInputHigh_atomic
                0x000017fe       0x32 C:\QMK_MSYS\tmp\ccIg7Orf.ltrans0.ltrans.o
 .text.hsv_to_rgb
                0x00001830      0x110 C:\QMK_MSYS\tmp\ccIg7Orf.ltrans0.ltrans.o
 .text.rgb_matrix_check_finished_leds
                0x00001940       0x1a C:\QMK_MSYS\tmp\ccIg7Orf.ltrans0.ltrans.o
 .text.BAND_SAT_math
                0x0000195a       0x58 C:\QMK_MSYS\tmp\ccIg7Orf.ltrans0.ltrans.o
 .text.rgb_matrix_set_color
                0x000019b2        0x6 C:\QMK_MSYS\tmp\ccIg7Orf.ltrans0.ltrans.o
 .text.rgb_matrix_set_color_all
                0x000019b8       0x32 C:\QMK_MSYS\tmp\ccIg7Orf.ltrans0.ltrans.o
 .text.rgb_matrix_get_limits
                0x000019ea       0x28 C:\QMK_MSYS\tmp\ccIg7Orf.ltrans0.ltrans.o
 .text.rgb_matrix_increase_speed
                0x00001a12       0x1c C:\QMK_MSYS\tmp\ccIg7Orf.ltrans0.ltrans.o
 .text.rgb_matrix_decrease_speed
                0x00001a2e       0x1c C:\QMK_MSYS\tmp\ccIg7Orf.ltrans0.ltrans.o
 .text.init     0x00001a4a        0x6 C:\QMK_MSYS\tmp\ccIg7Orf.ltrans0.ltrans.o
 .text.setled   0x00001a50       0x58 C:\QMK_MSYS\tmp\ccIg7Orf.ltrans0.ltrans.o
 .text.handleKeycodeRGB
                0x00001aa8        0xe C:\QMK_MSYS\tmp\ccIg7Orf.ltrans0.ltrans.o
 .text.oled_write_raw_P
                0x00001ab6       0x84 C:\QMK_MSYS\tmp\ccIg7Orf.ltrans0.ltrans.o
 .text.set_autoshift_shift_state
                0x00001b3a       0x4c C:\QMK_MSYS\tmp\ccIg7Orf.ltrans0.ltrans.o
 .text._process_tap_dance_action_fn
                0x00001b86        0xa C:\QMK_MSYS\tmp\ccIg7Orf.ltrans0.ltrans.o
 .text.host_keyboard_leds
                0x00001b90       0x22 C:\QMK_MSYS\tmp\ccIg7Orf.ltrans0.ltrans.o
 .text.host_system_send
                0x00001bb2       0x4c C:\QMK_MSYS\tmp\ccIg7Orf.ltrans0.ltrans.o
 .text.host_consumer_send
                0x00001bfe       0x4c C:\QMK_MSYS\tmp\ccIg7Orf.ltrans0.ltrans.o
 .text.add_key_to_report
                0x00001c4a       0x68 C:\QMK_MSYS\tmp\ccIg7Orf.ltrans0.ltrans.o
 .text.del_key_from_report
                0x00001cb2       0x5a C:\QMK_MSYS\tmp\ccIg7Orf.ltrans0.ltrans.o
 .text.timer_read32
                0x00001d0c       0x3a C:\QMK_MSYS\tmp\ccIg7Orf.ltrans0.ltrans.o
 .text.sync_timer_read32
                0x00001d46       0x66 C:\QMK_MSYS\tmp\ccIg7Orf.ltrans0.ltrans.o
 .text.timer_elapsed32
                0x00001dac       0x40 C:\QMK_MSYS\tmp\ccIg7Orf.ltrans0.ltrans.o
 .text.bootloader_jump
                0x00001dec       0x22 C:\QMK_MSYS\tmp\ccIg7Orf.ltrans0.ltrans.o
 .text.keyboard_leds
                0x00001e0e        0x6 C:\QMK_MSYS\tmp\ccIg7Orf.ltrans0.ltrans.o
 .text.send_mouse
                0x00001e14        0x2 C:\QMK_MSYS\tmp\ccIg7Orf.ltrans0.ltrans.o
 .text.Endpoint_Write_Control_Stream_LE
                0x00001e16       0xb2 C:\QMK_MSYS\tmp\ccIg7Orf.ltrans0.ltrans.o
 .text.Endpoint_ClearStatusStage
                0x00001ec8       0x3e C:\QMK_MSYS\tmp\ccIg7Orf.ltrans0.ltrans.o
 .text.Endpoint_WaitUntilReady
                0x00001f06       0x62 C:\QMK_MSYS\tmp\ccIg7Orf.ltrans0.ltrans.o
 .text.USB_Disable
                0x00001f68       0x3e C:\QMK_MSYS\tmp\ccIg7Orf.ltrans0.ltrans.o
 .text.rgb_matrix_sethsv_eeprom_helper.constprop.0
                0x00001fa6       0x28 C:\QMK_MSYS\tmp\ccIg7Orf.ltrans0.ltrans.o
 .text.rgb_matrix_increase_hue
                0x00001fce       0x14 C:\QMK_MSYS\tmp\ccIg7Orf.ltrans0.ltrans.o
 .text.rgb_matrix_decrease_hue
                0x00001fe2       0x14 C:\QMK_MSYS\tmp\ccIg7Orf.ltrans0.ltrans.o
 .text.rgb_matrix_increase_sat
                0x00001ff6       0x1a C:\QMK_MSYS\tmp\ccIg7Orf.ltrans0.ltrans.o
 .text.rgb_matrix_decrease_sat
                0x00002010       0x1a C:\QMK_MSYS\tmp\ccIg7Orf.ltrans0.ltrans.o
 .text.rgb_matrix_increase_val
                0x0000202a       0x1a C:\QMK_MSYS\tmp\ccIg7Orf.ltrans0.ltrans.o
 .text.rgb_matrix_decrease_val
                0x00002044       0x1a C:\QMK_MSYS\tmp\ccIg7Orf.ltrans0.ltrans.o
 .text.crc8.constprop.0
                0x0000205e       0x32 C:\QMK_MSYS\tmp\ccIg7Orf.ltrans0.ltrans.o
 .text.rgb_matrix_mode_eeprom_helper.constprop.0
                0x00002090       0x30 C:\QMK_MSYS\tmp\ccIg7Orf.ltrans0.ltrans.o
 .text.rgb_matrix_step
                0x000020c0       0x16 C:\QMK_MSYS\tmp\ccIg7Orf.ltrans0.ltrans.o
 .text.rgb_matrix_step_reverse
                0x000020d6       0x18 C:\QMK_MSYS\tmp\ccIg7Orf.ltrans0.ltrans.o
 .text.Endpoint_ConfigureEndpoint_Prv.isra.0
                0x000020ee       0x6e C:\QMK_MSYS\tmp\ccIg7Orf.ltrans0.ltrans.o
 .text.USB_Init
                0x0000215c       0xb6 C:\QMK_MSYS\tmp\ccIg7Orf.ltrans0.ltrans.o
 .text.waiting_buffer_typed.isra.0
                0x00002212       0x3e C:\QMK_MSYS\tmp\ccIg7Orf.ltrans0.ltrans.o
 .text.flush    0x00002250       0x5a C:\QMK_MSYS\tmp\ccIg7Orf.ltrans0.ltrans.o
 .text.send_report
                0x000022aa       0x7c C:\QMK_MSYS\tmp\ccIg7Orf.ltrans0.ltrans.o
 .text.send_keyboard
                0x00002326       0x2e C:\QMK_MSYS\tmp\ccIg7Orf.ltrans0.ltrans.o
 .text.send_nkro
                0x00002354        0xe C:\QMK_MSYS\tmp\ccIg7Orf.ltrans0.ltrans.o
 .text.send_extra
                0x00002362        0xe C:\QMK_MSYS\tmp\ccIg7Orf.ltrans0.ltrans.o
 .text.transaction_handler_master.constprop.0
                0x00002370       0x74 C:\QMK_MSYS\tmp\ccIg7Orf.ltrans0.ltrans.o
 .text.persist_unicode_input_mode
                0x000023e4        0xe C:\QMK_MSYS\tmp\ccIg7Orf.ltrans0.ltrans.o
 .text.cycle_unicode_input_mode
                0x000023f2       0x10 C:\QMK_MSYS\tmp\ccIg7Orf.ltrans0.ltrans.o
 .text.oled_clear
                0x00002402       0x2a C:\QMK_MSYS\tmp\ccIg7Orf.ltrans0.ltrans.o
 .text.layer_state_set
                0x0000242c       0x16 C:\QMK_MSYS\tmp\ccIg7Orf.ltrans0.ltrans.o
 .text.layer_on
                0x00002442       0x18 C:\QMK_MSYS\tmp\ccIg7Orf.ltrans0.ltrans.o
 .text.layer_off
                0x0000245a       0x20 C:\QMK_MSYS\tmp\ccIg7Orf.ltrans0.ltrans.o
 .text.clear_oneshot_layer_state
                0x0000247a       0x30 C:\QMK_MSYS\tmp\ccIg7Orf.ltrans0.ltrans.o
 .text.oneshot_set
                0x000024aa       0x2e C:\QMK_MSYS\tmp\ccIg7Orf.ltrans0.ltrans.o
 .text.send_keyboard_report
                0x000024d8       0xa4 C:\QMK_MSYS\tmp\ccIg7Orf.ltrans0.ltrans.o
 .text.register_mods
                0x0000257c        0xe C:\QMK_MSYS\tmp\ccIg7Orf.ltrans0.ltrans.o
 .text.register_weak_mods
                0x0000258a       0x14 C:\QMK_MSYS\tmp\ccIg7Orf.ltrans0.ltrans.o
 .text.unregister_mods
                0x0000259e        0xe C:\QMK_MSYS\tmp\ccIg7Orf.ltrans0.ltrans.o
 .text.unregister_weak_mods
                0x000025ac       0x16 C:\QMK_MSYS\tmp\ccIg7Orf.ltrans0.ltrans.o
 .text.register_code
                0x000025c2       0xc4 C:\QMK_MSYS\tmp\ccIg7Orf.ltrans0.ltrans.o
 .text.register_code16
                0x00002686       0x2c C:\QMK_MSYS\tmp\ccIg7Orf.ltrans0.ltrans.o
 .text.tap_dance_pair_on_each_tap
                0x000026b2       0x22 C:\QMK_MSYS\tmp\ccIg7Orf.ltrans0.ltrans.o
 .text.tap_dance_pair_finished
                0x000026d4        0xc C:\QMK_MSYS\tmp\ccIg7Orf.ltrans0.ltrans.o
 .text.unregister_code
                0x000026e0       0x54 C:\QMK_MSYS\tmp\ccIg7Orf.ltrans0.ltrans.o
 .text.unregister_code16
                0x00002734       0x2c C:\QMK_MSYS\tmp\ccIg7Orf.ltrans0.ltrans.o
 .text.tap_code16_delay
                0x00002760       0x34 C:\QMK_MSYS\tmp\ccIg7Orf.ltrans0.ltrans.o
 .text.tap_dance_pair_reset
                0x00002794       0x20 C:\QMK_MSYS\tmp\ccIg7Orf.ltrans0.ltrans.o
 .text.tap_code
                0x000027b4       0x40 C:\QMK_MSYS\tmp\ccIg7Orf.ltrans0.ltrans.o
 .text.unicode_input_start
                0x000027f4       0xb8 C:\QMK_MSYS\tmp\ccIg7Orf.ltrans0.ltrans.o
 .text.send_char
                0x000028ac       0xcc C:\QMK_MSYS\tmp\ccIg7Orf.ltrans0.ltrans.o
 .text.register_hex32
                0x00002978       0xfc C:\QMK_MSYS\tmp\ccIg7Orf.ltrans0.ltrans.o
 .text.clear_keyboard
                0x00002a74       0x44 C:\QMK_MSYS\tmp\ccIg7Orf.ltrans0.ltrans.o
 .text.soft_reset_keyboard
                0x00002ab8       0x2c C:\QMK_MSYS\tmp\ccIg7Orf.ltrans0.ltrans.o
 .text.USB_Device_ProcessControlRequest
                0x00002ae4      0x562 C:\QMK_MSYS\tmp\ccIg7Orf.ltrans0.ltrans.o
 .text.autoshift_flush_shift
                0x00003046       0x3e C:\QMK_MSYS\tmp\ccIg7Orf.ltrans0.ltrans.o
 .text.autoshift_end.constprop.0.isra.0
                0x00003084      0x116 C:\QMK_MSYS\tmp\ccIg7Orf.ltrans0.ltrans.o
 .text.process_tap_dance_action_on_reset
                0x0000319a       0x3a C:\QMK_MSYS\tmp\ccIg7Orf.ltrans0.ltrans.o
 .text.process_tap_dance_action_on_dance_finished
                0x000031d4       0x4e C:\QMK_MSYS\tmp\ccIg7Orf.ltrans0.ltrans.o
 .text.eeconfig_init_quantum
                0x00003222       0xda C:\QMK_MSYS\tmp\ccIg7Orf.ltrans0.ltrans.o
 .text.eeconfig_update_rgb_matrix_default
                0x000032fc       0x36 C:\QMK_MSYS\tmp\ccIg7Orf.ltrans0.ltrans.o
 .text.rgb_matrix_task
                0x00003332      0x6ae C:\QMK_MSYS\tmp\ccIg7Orf.ltrans0.ltrans.o
 .text.sync_timer_handlers_master
                0x000039e0       0x98 C:\QMK_MSYS\tmp\ccIg7Orf.ltrans0.ltrans.o
 .text.send_if_data_mismatch
                0x00003a78       0xa8 C:\QMK_MSYS\tmp\ccIg7Orf.ltrans0.ltrans.o
 .text.master_matrix_handlers_master
                0x00003b20       0x1e C:\QMK_MSYS\tmp\ccIg7Orf.ltrans0.ltrans.o
 .text.rgb_matrix_handlers_master
                0x00003b3e       0x40 C:\QMK_MSYS\tmp\ccIg7Orf.ltrans0.ltrans.o
 .text.slave_matrix_handlers_master
                0x00003b7e      0x144 C:\QMK_MSYS\tmp\ccIg7Orf.ltrans0.ltrans.o
 .text.oled_send_cmd_P
                0x00003cc2       0x5a C:\QMK_MSYS\tmp\ccIg7Orf.ltrans0.ltrans.o
 .text.oled_write_char.constprop.0
                0x00003d1c      0x100 C:\QMK_MSYS\tmp\ccIg7Orf.ltrans0.ltrans.o
 .text.oled_advance_page
                0x00003e1c       0x64 C:\QMK_MSYS\tmp\ccIg7Orf.ltrans0.ltrans.o
 .text.oled_write_P.constprop.0
                0x00003e80       0x1c C:\QMK_MSYS\tmp\ccIg7Orf.ltrans0.ltrans.o
 .text.oled_write_ln_P.constprop.0
                0x00003e9c        0xc C:\QMK_MSYS\tmp\ccIg7Orf.ltrans0.ltrans.o
 .text.__vector_12
                0x00003ea8       0x4e C:\QMK_MSYS\tmp\ccIg7Orf.ltrans0.ltrans.o
                0x00003ea8                __vector_12
 .text.timer_read
                0x00003ef6       0x18 C:\QMK_MSYS\tmp\ccIg7Orf.ltrans0.ltrans.o
                0x00003ef6                timer_read
 .text.timer_elapsed
                0x00003f0e       0x1e C:\QMK_MSYS\tmp\ccIg7Orf.ltrans0.ltrans.o
                0x00003f0e                timer_elapsed
 .text.perform_space_cadet.constprop.0.isra.0
                0x00003f2c       0xb6 C:\QMK_MSYS\tmp\ccIg7Orf.ltrans0.ltrans.o
 .text.process_record
                0x00003fe2     0x10e0 C:\QMK_MSYS\tmp\ccIg7Orf.ltrans0.ltrans.o
 .text.waiting_buffer_scan_tap
                0x000050c2       0xa2 C:\QMK_MSYS\tmp\ccIg7Orf.ltrans0.ltrans.o
 .text.process_tapping
                0x00005164      0x27e C:\QMK_MSYS\tmp\ccIg7Orf.ltrans0.ltrans.o
 .text.action_exec
                0x000053e2      0x10c C:\QMK_MSYS\tmp\ccIg7Orf.ltrans0.ltrans.o
 .text.generate_tick_event
                0x000054ee       0x46 C:\QMK_MSYS\tmp\ccIg7Orf.ltrans0.ltrans.o
 .text.matrix_scan.isra.0
                0x00005534      0x322 C:\QMK_MSYS\tmp\ccIg7Orf.ltrans0.ltrans.o
 .text.startup.main
                0x00005856      0x80e C:\QMK_MSYS\tmp\ccIg7Orf.ltrans0.ltrans.o
                0x00005856                main
 .text.__vector_21
                0x00006064       0x48 C:\QMK_MSYS\tmp\ccIg7Orf.ltrans0.ltrans.o
                0x00006064                __vector_21
 .text.__vector_10
                0x000060ac      0x1b0 C:\QMK_MSYS\tmp\ccIg7Orf.ltrans0.ltrans.o
                0x000060ac                __vector_10
 .text.__vector_11
                0x0000625c       0x92 C:\QMK_MSYS\tmp\ccIg7Orf.ltrans0.ltrans.o
                0x0000625c                __vector_11
 .text.i2c_init
                0x000062ee        0xc .build/obj_crkbd_rev1_PROYECTO_MEJORAR_CRKBD/i2c_master.a(i2c_master.o)
                0x000062ee                i2c_init
 .text.i2c_start
                0x000062fa       0xde .build/obj_crkbd_rev1_PROYECTO_MEJORAR_CRKBD/i2c_master.a(i2c_master.o)
                0x000062fa                i2c_start
 .text.i2c_write
                0x000063d8       0x60 .build/obj_crkbd_rev1_PROYECTO_MEJORAR_CRKBD/i2c_master.a(i2c_master.o)
                0x000063d8                i2c_write
 .text.i2c_transmit
                0x00006438       0x4e .build/obj_crkbd_rev1_PROYECTO_MEJORAR_CRKBD/i2c_master.a(i2c_master.o)
                0x00006438                i2c_transmit
 .text.i2c_writeReg
                0x00006486       0x56 .build/obj_crkbd_rev1_PROYECTO_MEJORAR_CRKBD/i2c_master.a(i2c_master.o)
                0x00006486                i2c_writeReg
 .text.i2c_stop
                0x000064dc        0x8 .build/obj_crkbd_rev1_PROYECTO_MEJORAR_CRKBD/i2c_master.a(i2c_master.o)
                0x000064dc                i2c_stop
 .text.sync_recv
                0x000064e4       0x12 .build/obj_crkbd_rev1_PROYECTO_MEJORAR_CRKBD/serial.a(serial.o)
 .text.sync_send
                0x000064f6        0xc .build/obj_crkbd_rev1_PROYECTO_MEJORAR_CRKBD/serial.a(serial.o)
 .text.serial_read_chunk.constprop.0
                0x00006502       0x5a .build/obj_crkbd_rev1_PROYECTO_MEJORAR_CRKBD/serial.a(serial.o)
 .text.serial_recive_packet
                0x0000655c       0x40 .build/obj_crkbd_rev1_PROYECTO_MEJORAR_CRKBD/serial.a(serial.o)
 .text.soft_serial_initiator_init
                0x0000659c        0x6 .build/obj_crkbd_rev1_PROYECTO_MEJORAR_CRKBD/serial.a(serial.o)
                0x0000659c                soft_serial_initiator_init
 .text.soft_serial_target_init
                0x000065a2       0x12 .build/obj_crkbd_rev1_PROYECTO_MEJORAR_CRKBD/serial.a(serial.o)
                0x000065a2                soft_serial_target_init
 .text.serial_write_chunk
                0x000065b4       0x46 .build/obj_crkbd_rev1_PROYECTO_MEJORAR_CRKBD/serial.a(serial.o)
                0x000065b4                serial_write_chunk
 .text.serial_send_packet
                0x000065fa       0x32 .build/obj_crkbd_rev1_PROYECTO_MEJORAR_CRKBD/serial.a(serial.o)
 .text.__vector_3
                0x0000662c      0x14c .build/obj_crkbd_rev1_PROYECTO_MEJORAR_CRKBD/serial.a(serial.o)
                0x0000662c                __vector_3
 .text.soft_serial_transaction
                0x00006778       0xea .build/obj_crkbd_rev1_PROYECTO_MEJORAR_CRKBD/serial.a(serial.o)
                0x00006778                soft_serial_transaction
 .text.libgcc.div
                0x00006862       0x28 c:/qmk_msys/mingw64/bin/../lib/gcc/avr/12.2.0/avr5\libgcc.a(_udivmodhi4.o)
                0x00006862                __udivmodhi4
 .text.libgcc.prologue
                0x0000688a       0x38 c:/qmk_msys/mingw64/bin/../lib/gcc/avr/12.2.0/avr5\libgcc.a(_prologue.o)
                0x0000688a                __prologue_saves__
 .text.libgcc.prologue
                0x000068c2       0x36 c:/qmk_msys/mingw64/bin/../lib/gcc/avr/12.2.0/avr5\libgcc.a(_epilogue.o)
                0x000068c2                __epilogue_restores__
 .text.libgcc.div
                0x000068f8       0x18 c:/qmk_msys/mingw64/bin/../lib/gcc/avr/12.2.0/avr5\libgcc.a(_udivmodqi4.o)
                0x000068f8                __udivmodqi4
 .text.libgcc.div
                0x00006910       0x28 c:/qmk_msys/mingw64/bin/../lib/gcc/avr/12.2.0/avr5\libgcc.a(_divmodhi4.o)
                0x00006910                _div
                0x00006910                __divmodhi4
 .text.libgcc.div
                0x00006938       0x44 c:/qmk_msys/mingw64/bin/../lib/gcc/avr/12.2.0/avr5\libgcc.a(_udivmodsi4.o)
                0x00006938                __udivmodsi4
 .text.libgcc   0x0000697c        0xc c:/qmk_msys/mingw64/bin/../lib/gcc/avr/12.2.0/avr5\libgcc.a(_tablejump2.o)
                0x0000697c                __tablejump2__
 .text.avr-libc
                0x00006988       0x12 c:/qmk_msys/mingw64/bin/../lib/gcc/avr/12.2.0/../../../../avr/lib/avr5\libc.a(memcpy_P.o)
                0x00006988                memcpy_P
 .text.avr-libc
                0x0000699a       0x1a c:/qmk_msys/mingw64/bin/../lib/gcc/avr/12.2.0/../../../../avr/lib/avr5\libc.a(memcmp.o)
                0x0000699a                memcmp
 .text.avr-libc
                0x000069b4       0x12 c:/qmk_msys/mingw64/bin/../lib/gcc/avr/12.2.0/../../../../avr/lib/avr5\libc.a(memcpy.o)
                0x000069b4                memcpy
 .text.avr-libc
                0x000069c6       0x20 c:/qmk_msys/mingw64/bin/../lib/gcc/avr/12.2.0/../../../../avr/lib/avr5\libatmega32u4.a(eerd_block.o)
                0x000069c6                eeprom_read_block
                0x000069ca                eeprom_read_blraw
 .text.avr-libc
                0x000069e6       0x10 c:/qmk_msys/mingw64/bin/../lib/gcc/avr/12.2.0/../../../../avr/lib/avr5\libatmega32u4.a(eerd_byte.o)
                0x000069e6                eeprom_read_byte
 .text.avr-libc
                0x000069f6        0xc c:/qmk_msys/mingw64/bin/../lib/gcc/avr/12.2.0/../../../../avr/lib/avr5\libatmega32u4.a(eerd_word.o)
                0x000069f6                eeprom_read_word
 .text.avr-libc
                0x00006a02       0x20 c:/qmk_msys/mingw64/bin/../lib/gcc/avr/12.2.0/../../../../avr/lib/avr5\libatmega32u4.a(eeupd_block.o)
                0x00006a02                eeprom_update_block
 .text.avr-libc
                0x00006a22       0x24 c:/qmk_msys/mingw64/bin/../lib/gcc/avr/12.2.0/../../../../avr/lib/avr5\libatmega32u4.a(eeupd_byte.o)
                0x00006a22                eeprom_update_byte
                0x00006a24                eeprom_update_r18
 .text.avr-libc
                0x00006a46       0x18 c:/qmk_msys/mingw64/bin/../lib/gcc/avr/12.2.0/../../../../avr/lib/avr5\libatmega32u4.a(eeupd_dword.o)
                0x00006a46                eeprom_update_float
                0x00006a46                eeprom_update_dword
 .text.avr-libc
                0x00006a5e        0xc c:/qmk_msys/mingw64/bin/../lib/gcc/avr/12.2.0/../../../../avr/lib/avr5\libatmega32u4.a(eeupd_word.o)
                0x00006a5e                eeprom_update_word
                0x00006a6a                        . = ALIGN (0x2)
 *(.fini9)
 .fini9         0x00006a6a        0x0 c:/qmk_msys/mingw64/bin/../lib/gcc/avr/12.2.0/avr5\libgcc.a(_exit.o)
                0x00006a6a                _exit
                0x00006a6a                exit
 *(.fini9)
 *(.fini8)
 *(.fini8)
 *(.fini7)
 *(.fini7)
 *(.fini6)
 *(.fini6)
 *(.fini5)
 *(.fini5)
 *(.fini4)
 *(.fini4)
 *(.fini3)
 *(.fini3)
 *(.fini2)
 *(.fini2)
 *(.fini1)
 *(.fini1)
 *(.fini0)
 .fini0         0x00006a6a        0x4 c:/qmk_msys/mingw64/bin/../lib/gcc/avr/12.2.0/avr5\libgcc.a(_exit.o)
 *(.fini0)
 *(.hightext)
 *(.hightext*)
 *(.progmemx.*)
                0x00006a6e                        . = ALIGN (0x2)
 *(.jumptables)
 *(.jumptables*)
 .jumptables.gcc.USB_Device_ProcessControlRequest
                0x00006a6e       0x14 C:\QMK_MSYS\tmp\ccIg7Orf.ltrans0.ltrans.o
 .jumptables.gcc.rgb_matrix_task
                0x00006a82       0x10 C:\QMK_MSYS\tmp\ccIg7Orf.ltrans0.ltrans.o
 .jumptables.gcc.process_record
                0x00006a92       0x8c C:\QMK_MSYS\tmp\ccIg7Orf.ltrans0.ltrans.o
 .jumptables.gcc.main
                0x00006b1e        0xe C:\QMK_MSYS\tmp\ccIg7Orf.ltrans0.ltrans.o
                0x00006b2c                        _etext = .

.data           0x00800100      0x1d0 load address 0x00006b2c
                0x00800100                        PROVIDE (__data_start = .)
 *(.data)
 *(.data*)
 .data.__compound_literal.3
                0x00800100        0x4 C:\QMK_MSYS\tmp\ccIg7Orf.ltrans0.ltrans.o
 .data.__compound_literal.2
                0x00800104        0x4 C:\QMK_MSYS\tmp\ccIg7Orf.ltrans0.ltrans.o
 .data.__compound_literal.1.lto_priv.0
                0x00800108        0x4 C:\QMK_MSYS\tmp\ccIg7Orf.ltrans0.ltrans.o
 .data.__compound_literal.0.lto_priv.0
                0x0080010c        0x4 C:\QMK_MSYS\tmp\ccIg7Orf.ltrans0.ltrans.o
 .data.rand16seed
                0x00800110        0x2 C:\QMK_MSYS\tmp\ccIg7Orf.ltrans0.ltrans.o
 .data.rgb_last_enable
                0x00800112        0x1 C:\QMK_MSYS\tmp\ccIg7Orf.ltrans0.ltrans.o
 .data.rgb_last_effect
                0x00800113        0x1 C:\QMK_MSYS\tmp\ccIg7Orf.ltrans0.ltrans.o
 .data.rgb_effect_params
                0x00800114        0x3 C:\QMK_MSYS\tmp\ccIg7Orf.ltrans0.ltrans.o
 .data.isLeftHand
                0x00800117        0x1 C:\QMK_MSYS\tmp\ccIg7Orf.ltrans0.ltrans.o
 .data.lufa_driver
                0x00800118        0xa C:\QMK_MSYS\tmp\ccIg7Orf.ltrans0.ltrans.o
 .data.display_start.10
                0x00800122        0x7 C:\QMK_MSYS\tmp\ccIg7Orf.ltrans0.ltrans.o
 .data.split_transaction_table
                0x00800129       0x28 C:\QMK_MSYS\tmp\ccIg7Orf.ltrans0.ltrans.o
                0x00800129                split_transaction_table
 .data.keyboard_protocol
                0x00800151        0x1 C:\QMK_MSYS\tmp\ccIg7Orf.ltrans0.ltrans.o
 .data.tap_dance_actions
                0x00800152       0x40 C:\QMK_MSYS\tmp\ccIg7Orf.ltrans0.ltrans.o
 .data.last_num.2
                0x00800192        0x2 C:\QMK_MSYS\tmp\ccIg7Orf.ltrans0.ltrans.o
 .data.autoshift_timeout
                0x00800194        0x2 C:\QMK_MSYS\tmp\ccIg7Orf.ltrans0.ltrans.o
 .data.autoshift_flags
                0x00800196        0x1 C:\QMK_MSYS\tmp\ccIg7Orf.ltrans0.ltrans.o
 .data.rgb_task_state
                0x00800197        0x1 C:\QMK_MSYS\tmp\ccIg7Orf.ltrans0.ltrans.o
 *(.gnu.linkonce.d*)
 *(.rodata)
 .rodata        0x00800198       0x13 C:\QMK_MSYS\tmp\ccIg7Orf.ltrans0.ltrans.o
 *(.rodata*)
 .rodata.b_m16_interleave
                0x008001ab        0x8 C:\QMK_MSYS\tmp\ccIg7Orf.ltrans0.ltrans.o
 .rodata.g_led_config
                0x008001b3       0xd2 C:\QMK_MSYS\tmp\ccIg7Orf.ltrans0.ltrans.o
 .rodata.row_pins
                0x00800285        0x4 C:\QMK_MSYS\tmp\ccIg7Orf.ltrans0.ltrans.o
 .rodata.col_pins
                0x00800289        0x6 C:\QMK_MSYS\tmp\ccIg7Orf.ltrans0.ltrans.o
 .rodata.source_map.7
                0x0080028f        0x4 C:\QMK_MSYS\tmp\ccIg7Orf.ltrans0.ltrans.o
 .rodata.target_map.8
                0x00800293        0x4 C:\QMK_MSYS\tmp\ccIg7Orf.ltrans0.ltrans.o
 .rodata.split_shmem
                0x00800297        0x2 C:\QMK_MSYS\tmp\ccIg7Orf.ltrans0.ltrans.o
                0x00800297                split_shmem
 .rodata.CSWTCH.10
                0x00800299       0x36 C:\QMK_MSYS\tmp\ccIg7Orf.ltrans0.ltrans.o
 *(.gnu.linkonce.r*)
                0x008002d0                        . = ALIGN (0x2)
 *fill*         0x008002cf        0x1 
                0x008002d0                        _edata = .
                0x008002d0                        PROVIDE (__data_end = .)

.bss            0x008002d0      0x48b
                0x008002d0                        PROVIDE (__bss_start = .)
 *(.bss)
 .bss           0x008002d0        0x2 .build/obj_crkbd_rev1_PROYECTO_MEJORAR_CRKBD/platforms/avr/xprintf.o
                0x008002d0                xfunc_out
 *(.bss*)
 .bss.__compound_literal.0.lto_priv.1
                0x008002d2        0x8 C:\QMK_MSYS\tmp\ccIg7Orf.ltrans0.ltrans.o
 .bss.__compound_literal.1.lto_priv.1
                0x008002da       0x20 C:\QMK_MSYS\tmp\ccIg7Orf.ltrans0.ltrans.o
 .bss.last_sync_timer.0
                0x008002fa        0x4 C:\QMK_MSYS\tmp\ccIg7Orf.ltrans0.ltrans.o
 .bss.connection_check_timer.0
                0x008002fe        0x2 C:\QMK_MSYS\tmp\ccIg7Orf.ltrans0.ltrans.o
 .bss.last_connected.0
                0x00800300        0x1 C:\QMK_MSYS\tmp\ccIg7Orf.ltrans0.ltrans.o
 .bss.debouncing_time
                0x00800301        0x2 C:\QMK_MSYS\tmp\ccIg7Orf.ltrans0.ltrans.o
 .bss.debouncing
                0x00800303        0x1 C:\QMK_MSYS\tmp\ccIg7Orf.ltrans0.ltrans.o
 .bss.sc_timer  0x00800304        0x2 C:\QMK_MSYS\tmp\ccIg7Orf.ltrans0.ltrans.o
 .bss.oled_temp_buffer.6
                0x00800306        0x6 C:\QMK_MSYS\tmp\ccIg7Orf.ltrans0.ltrans.o
 .bss.connection_errors
                0x0080030c        0x1 C:\QMK_MSYS\tmp\ccIg7Orf.ltrans0.ltrans.o
 .bss.keyboard_idle
                0x0080030d        0x1 C:\QMK_MSYS\tmp\ccIg7Orf.ltrans0.ltrans.o
 .bss.USB_Device_CurrentlySelfPowered
                0x0080030e        0x1 C:\QMK_MSYS\tmp\ccIg7Orf.ltrans0.ltrans.o
 .bss.USB_Device_ConfigurationNumber
                0x0080030f        0x1 C:\QMK_MSYS\tmp\ccIg7Orf.ltrans0.ltrans.o
 .bss.USB_IsInitialized
                0x00800310        0x1 C:\QMK_MSYS\tmp\ccIg7Orf.ltrans0.ltrans.o
 .bss.USB_ControlRequest
                0x00800311        0x8 C:\QMK_MSYS\tmp\ccIg7Orf.ltrans0.ltrans.o
 .bss.keyboard_report_sent
                0x00800319        0x8 C:\QMK_MSYS\tmp\ccIg7Orf.ltrans0.ltrans.o
 .bss.keyboard_led_state
                0x00800321        0x1 C:\QMK_MSYS\tmp\ccIg7Orf.ltrans0.ltrans.o
 .bss.timer_count
                0x00800322        0x4 C:\QMK_MSYS\tmp\ccIg7Orf.ltrans0.ltrans.o
 .bss.last_consumer_usage
                0x00800326        0x2 C:\QMK_MSYS\tmp\ccIg7Orf.ltrans0.ltrans.o
 .bss.last_system_usage
                0x00800328        0x2 C:\QMK_MSYS\tmp\ccIg7Orf.ltrans0.ltrans.o
 .bss.autoshift_shift_states
                0x0080032a       0x20 C:\QMK_MSYS\tmp\ccIg7Orf.ltrans0.ltrans.o
 .bss.rgb_matrix_ws2812_array
                0x0080034a       0xa2 C:\QMK_MSYS\tmp\ccIg7Orf.ltrans0.ltrans.o
 .bss.ws2812_dirty
                0x008003ec        0x1 C:\QMK_MSYS\tmp\ccIg7Orf.ltrans0.ltrans.o
 .bss.rgb_timer_buffer
                0x008003ed        0x4 C:\QMK_MSYS\tmp\ccIg7Orf.ltrans0.ltrans.o
 .bss.led.1     0x008003f1       0x18 C:\QMK_MSYS\tmp\ccIg7Orf.ltrans0.ltrans.o
 .bss.wait_timer.2
                0x00800409        0x4 C:\QMK_MSYS\tmp\ccIg7Orf.ltrans0.ltrans.o
 .bss.g_rgb_timer
                0x0080040d        0x4 C:\QMK_MSYS\tmp\ccIg7Orf.ltrans0.ltrans.o
 .bss.raw_matrix
                0x00800411        0x8 C:\QMK_MSYS\tmp\ccIg7Orf.ltrans0.ltrans.o
 .bss.thatHand  0x00800419        0x1 C:\QMK_MSYS\tmp\ccIg7Orf.ltrans0.ltrans.o
 .bss.thisHand  0x0080041a        0x1 C:\QMK_MSYS\tmp\ccIg7Orf.ltrans0.ltrans.o
 .bss.selected_index
                0x0080041b        0x1 C:\QMK_MSYS\tmp\ccIg7Orf.ltrans0.ltrans.o
 .bss.wdt_timeout
                0x0080041c        0x1 C:\QMK_MSYS\tmp\ccIg7Orf.ltrans0.ltrans.o
 .bss.USB_Device_RemoteWakeupEnabled
                0x0080041d        0x1 C:\QMK_MSYS\tmp\ccIg7Orf.ltrans0.ltrans.o
 .bss.USB_DeviceState
                0x0080041e        0x1 C:\QMK_MSYS\tmp\ccIg7Orf.ltrans0.ltrans.o
 .bss.matrix    0x0080041f        0x8 C:\QMK_MSYS\tmp\ccIg7Orf.ltrans0.ltrans.o
 .bss.debug_config
                0x00800427        0x1 C:\QMK_MSYS\tmp\ccIg7Orf.ltrans0.ltrans.o
 .bss.matrix_previous.1
                0x00800428        0x8 C:\QMK_MSYS\tmp\ccIg7Orf.ltrans0.ltrans.o
 .bss.oled_cursor
                0x00800430        0x2 C:\QMK_MSYS\tmp\ccIg7Orf.ltrans0.ltrans.o
 .bss.oled_rotation_width
                0x00800432        0x1 C:\QMK_MSYS\tmp\ccIg7Orf.ltrans0.ltrans.o
 .bss.current_frame
                0x00800433        0x1 C:\QMK_MSYS\tmp\ccIg7Orf.ltrans0.ltrans.o
 .bss.timer     0x00800434        0x4 C:\QMK_MSYS\tmp\ccIg7Orf.ltrans0.ltrans.o
 .bss.oled_active
                0x00800438        0x1 C:\QMK_MSYS\tmp\ccIg7Orf.ltrans0.ltrans.o
 .bss.temp_buffer.9
                0x00800439       0x20 C:\QMK_MSYS\tmp\ccIg7Orf.ltrans0.ltrans.o
 .bss.oled_buffer
                0x00800459      0x200 C:\QMK_MSYS\tmp\ccIg7Orf.ltrans0.ltrans.o
 .bss.oled_rotation
                0x00800659        0x1 C:\QMK_MSYS\tmp\ccIg7Orf.ltrans0.ltrans.o
 .bss.oled_scrolling
                0x0080065a        0x1 C:\QMK_MSYS\tmp\ccIg7Orf.ltrans0.ltrans.o
 .bss.oled_dirty
                0x0080065b        0x2 C:\QMK_MSYS\tmp\ccIg7Orf.ltrans0.ltrans.o
 .bss.oled_update_timeout
                0x0080065d        0x2 C:\QMK_MSYS\tmp\ccIg7Orf.ltrans0.ltrans.o
 .bss.oled_initialized
                0x0080065f        0x1 C:\QMK_MSYS\tmp\ccIg7Orf.ltrans0.ltrans.o
 .bss.last_led_status.0
                0x00800660        0x1 C:\QMK_MSYS\tmp\ccIg7Orf.ltrans0.ltrans.o
 .bss.last_update.5
                0x00800661        0x4 C:\QMK_MSYS\tmp\ccIg7Orf.ltrans0.ltrans.o
 .bss.last_update.4
                0x00800665        0x4 C:\QMK_MSYS\tmp\ccIg7Orf.ltrans0.ltrans.o
 .bss.last_update.3
                0x00800669        0x4 C:\QMK_MSYS\tmp\ccIg7Orf.ltrans0.ltrans.o
 .bss.last_matrix.1
                0x0080066d        0x4 C:\QMK_MSYS\tmp\ccIg7Orf.ltrans0.ltrans.o
 .bss.last_update.2
                0x00800671        0x4 C:\QMK_MSYS\tmp\ccIg7Orf.ltrans0.ltrans.o
 .bss.shared_memory
                0x00800675       0x16 C:\QMK_MSYS\tmp\ccIg7Orf.ltrans0.ltrans.o
 .bss.sync_timer_ms
                0x0080068b        0x4 C:\QMK_MSYS\tmp\ccIg7Orf.ltrans0.ltrans.o
 .bss.last_tick.0
                0x0080068f        0x2 C:\QMK_MSYS\tmp\ccIg7Orf.ltrans0.ltrans.o
 .bss.last_report.0
                0x00800691       0x20 C:\QMK_MSYS\tmp\ccIg7Orf.ltrans0.ltrans.o
 .bss.driver    0x008006b1        0x2 C:\QMK_MSYS\tmp\ccIg7Orf.ltrans0.ltrans.o
 .bss.last_report.1
                0x008006b3        0x8 C:\QMK_MSYS\tmp\ccIg7Orf.ltrans0.ltrans.o
 .bss.source_layers_cache
                0x008006bb       0x30 C:\QMK_MSYS\tmp\ccIg7Orf.ltrans0.ltrans.o
 .bss.split_config
                0x008006eb        0x2 C:\QMK_MSYS\tmp\ccIg7Orf.ltrans0.ltrans.o
 .bss.active_td
                0x008006ed        0x2 C:\QMK_MSYS\tmp\ccIg7Orf.ltrans0.ltrans.o
 .bss.last_tap_time
                0x008006ef        0x2 C:\QMK_MSYS\tmp\ccIg7Orf.ltrans0.ltrans.o
 .bss.unicode_saved_mods
                0x008006f1        0x1 C:\QMK_MSYS\tmp\ccIg7Orf.ltrans0.ltrans.o
 .bss.unicode_saved_led_state
                0x008006f2        0x1 C:\QMK_MSYS\tmp\ccIg7Orf.ltrans0.ltrans.o
 .bss.unicode_config
                0x008006f3        0x1 C:\QMK_MSYS\tmp\ccIg7Orf.ltrans0.ltrans.o
 .bss.buf.0     0x008006f4        0x6 C:\QMK_MSYS\tmp\ccIg7Orf.ltrans0.ltrans.o
 .bss.last_pad.1
                0x008006fa        0x1 C:\QMK_MSYS\tmp\ccIg7Orf.ltrans0.ltrans.o
 .bss.autoshift_time
                0x008006fb        0x2 C:\QMK_MSYS\tmp\ccIg7Orf.ltrans0.ltrans.o
 .bss.autoshift_lastkey
                0x008006fd        0x2 C:\QMK_MSYS\tmp\ccIg7Orf.ltrans0.ltrans.o
 .bss.autoshift_lastrecord
                0x008006ff        0x7 C:\QMK_MSYS\tmp\ccIg7Orf.ltrans0.ltrans.o
 .bss.sc_last   0x00800706        0x1 C:\QMK_MSYS\tmp\ccIg7Orf.ltrans0.ltrans.o
 .bss.grave_esc_was_shifted
                0x00800707        0x1 C:\QMK_MSYS\tmp\ccIg7Orf.ltrans0.ltrans.o
 .bss.dirty_rgb_matrix
                0x00800708        0x1 C:\QMK_MSYS\tmp\ccIg7Orf.ltrans0.ltrans.o
 .bss.rgb_matrix_config
                0x00800709        0x8 C:\QMK_MSYS\tmp\ccIg7Orf.ltrans0.ltrans.o
 .bss.real_mods
                0x00800711        0x1 C:\QMK_MSYS\tmp\ccIg7Orf.ltrans0.ltrans.o
 .bss.oneshot_mods
                0x00800712        0x1 C:\QMK_MSYS\tmp\ccIg7Orf.ltrans0.ltrans.o
 .bss.oneshot_locked_mods
                0x00800713        0x1 C:\QMK_MSYS\tmp\ccIg7Orf.ltrans0.ltrans.o
 .bss.default_layer_state
                0x00800714        0x1 C:\QMK_MSYS\tmp\ccIg7Orf.ltrans0.ltrans.o
 .bss.layer_state
                0x00800715        0x1 C:\QMK_MSYS\tmp\ccIg7Orf.ltrans0.ltrans.o
 .bss.oneshot_layer_data
                0x00800716        0x1 C:\QMK_MSYS\tmp\ccIg7Orf.ltrans0.ltrans.o
 .bss.keymap_config
                0x00800717        0x2 C:\QMK_MSYS\tmp\ccIg7Orf.ltrans0.ltrans.o
 .bss.weak_mods
                0x00800719        0x1 C:\QMK_MSYS\tmp\ccIg7Orf.ltrans0.ltrans.o
 .bss.waiting_buffer_head
                0x0080071a        0x1 C:\QMK_MSYS\tmp\ccIg7Orf.ltrans0.ltrans.o
 .bss.waiting_buffer_tail
                0x0080071b        0x1 C:\QMK_MSYS\tmp\ccIg7Orf.ltrans0.ltrans.o
 .bss.waiting_buffer
                0x0080071c       0x38 C:\QMK_MSYS\tmp\ccIg7Orf.ltrans0.ltrans.o
 .bss.tapping_key
                0x00800754        0x7 C:\QMK_MSYS\tmp\ccIg7Orf.ltrans0.ltrans.o
 *(COMMON)
                0x0080075b                        PROVIDE (__bss_end = .)
                0x00006b2c                        __data_load_start = LOADADDR (.data)
                0x00006cfc                        __data_load_end = (__data_load_start + SIZEOF (.data))

.noinit         0x0080075b        0x0
                [!provide]                        PROVIDE (__noinit_start = .)
 *(.noinit .noinit.* .gnu.linkonce.n.*)
                [!provide]                        PROVIDE (__noinit_end = .)
                0x0080075b                        _end = .
                [!provide]                        PROVIDE (__heap_start = .)

.eeprom         0x00810000        0x0
 *(.eeprom*)
                0x00810000                        __eeprom_end = .

.fuse
 *(.fuse)
 *(.lfuse)
 *(.hfuse)
 *(.efuse)

.lock
 *(.lock*)

.signature
 *(.signature*)

.stab
 *(.stab)

.stabstr
 *(.stabstr)

.stab.excl
 *(.stab.excl)

.stab.exclstr
 *(.stab.exclstr)

.stab.index
 *(.stab.index)

.stab.indexstr
 *(.stab.indexstr)

.comment        0x00000000       0x12
 *(.comment)
 .comment       0x00000000       0x13 C:\QMK_MSYS\tmp\ccIg7Orf.ltrans0.ltrans.o
 .comment       0x00000000       0x12 .build/obj_crkbd_rev1_PROYECTO_MEJORAR_CRKBD/i2c_master.a(i2c_master.o)
                                 0x13 (size before relaxing)
 .comment       0x00000012       0x13 .build/obj_crkbd_rev1_PROYECTO_MEJORAR_CRKBD/serial.a(serial.o)

.note.gnu.avr.deviceinfo
                0x00000000       0x40
 .note.gnu.avr.deviceinfo
                0x00000000       0x40 c:/qmk_msys/mingw64/bin/../lib/gcc/avr/12.2.0/../../../../avr/lib/avr5/crtatmega32u4.o

.gnu.build.attributes
 *(.gnu.build.attributes .gnu.build.attributes.*)

.note.gnu.build-id
 *(.note.gnu.build-id)

.debug
 *(.debug)

.line
 *(.line)

.debug_srcinfo
 *(.debug_srcinfo)

.debug_sfnames
 *(.debug_sfnames)

.debug_aranges  0x00000000      0x500
 *(.debug_aranges)
 .debug_aranges
                0x00000000      0x420 C:\QMK_MSYS\tmp\ccIg7Orf.ltrans0.ltrans.o
 .debug_aranges
                0x00000420       0x78 .build/obj_crkbd_rev1_PROYECTO_MEJORAR_CRKBD/i2c_master.a(i2c_master.o)
 .debug_aranges
                0x00000498       0x68 .build/obj_crkbd_rev1_PROYECTO_MEJORAR_CRKBD/serial.a(serial.o)

.debug_pubnames
 *(.debug_pubnames)

.debug_info     0x00000000    0x3e746
 *(.debug_info .gnu.linkonce.wi.*)
 .debug_info    0x00000000      0x9f4 c:/qmk_msys/mingw64/bin/../lib/gcc/avr/12.2.0/../../../../avr/lib/avr5/crtatmega32u4.o
 .debug_info    0x000009f4     0xa11b C:\QMK_MSYS\tmp\ccIg7Orf.ltrans0.ltrans.o
 .debug_info    0x0000ab0f      0x138 C:\QMK_MSYS\tmp\cc6pvD2r.debug.temp.o
                0x0000ab0f                default_keyboard.c.84af8ba7
 .debug_info    0x0000ac47     0x2dc9 C:\QMK_MSYS\tmp\cc8XQnM0.debug.temp.o
                0x0000ac47                keymap_introspection.c.2df77e64
 .debug_info    0x0000da10     0x2d6f C:\QMK_MSYS\tmp\cc0MRLEz.debug.temp.o
                0x0000da10                quantum.c.d4435e1f
 .debug_info    0x0001077f      0x1c9 C:\QMK_MSYS\tmp\ccs83ZG8.debug.temp.o
                0x0001077f                bitwise.c.8d20df9d
 .debug_info    0x00010948      0x2fb C:\QMK_MSYS\tmp\ccsJXcPG.debug.temp.o
                0x00010948                led.c.8b5f4097
 .debug_info    0x00010c43     0x32f5 C:\QMK_MSYS\tmp\ccCRVa4e.debug.temp.o
                0x00010c43                action.c.9eb71094
 .debug_info    0x00013f38      0x869 C:\QMK_MSYS\tmp\cckrZUfN.debug.temp.o
                0x00013f38                action_layer.c.23981757
 .debug_info    0x000147a1     0x2874 C:\QMK_MSYS\tmp\cc2G4qxl.debug.temp.o
                0x000147a1                action_tapping.c.edd3c102
 .debug_info    0x00017015      0x7f1 C:\QMK_MSYS\tmp\ccUTRhZT.debug.temp.o
                0x00017015                action_util.c.392dc6aa
 .debug_info    0x00017806      0x384 C:\QMK_MSYS\tmp\ccsumAwr.debug.temp.o
                0x00017806                eeconfig.c.b1876fc1
 .debug_info    0x00017b8a      0x6ed C:\QMK_MSYS\tmp\ccMx9IaZ.debug.temp.o
                0x00017b8a                keyboard.c.5a91cf39
 .debug_info    0x00018277     0x2a1f C:\QMK_MSYS\tmp\ccMKakUw.debug.temp.o
                0x00018277                keymap_common.c.e023f0d3
 .debug_info    0x0001ac96     0x239a C:\QMK_MSYS\tmp\ccui9JO4.debug.temp.o
                0x0001ac96                keycode_config.c.1300835e
 .debug_info    0x0001d030      0x17d C:\QMK_MSYS\tmp\ccKNR8DB.debug.temp.o
                0x0001d030                sync_timer.c.03c5fcc6
 .debug_info    0x0001d1ad      0x10a C:\QMK_MSYS\tmp\cc6liMJ8.debug.temp.o
                0x0001d1ad                debug.c.bfa15c78
 .debug_info    0x0001d2b7       0x87 C:\QMK_MSYS\tmp\cc4FdEWF.debug.temp.o
                0x0001d2b7                sendchar.c.8de93b43
 .debug_info    0x0001d33e      0x1bf C:\QMK_MSYS\tmp\ccuqBn7c.debug.temp.o
                0x0001d33e                bootmagic_lite.c.2af9719c
 .debug_info    0x0001d4fd      0x2fa C:\QMK_MSYS\tmp\ccY0EroK.debug.temp.o
                0x0001d4fd                magic.c.c60ee970
 .debug_info    0x0001d7f7      0x488 C:\QMK_MSYS\tmp\cciOXurl.debug.temp.o
                0x0001d7f7                matrix_common.c.4cff525b
 .debug_info    0x0001dc7f      0x463 C:\QMK_MSYS\tmp\cc47nLBW.debug.temp.o
                0x0001dc7f                matrix.c.b8553e20
 .debug_info    0x0001e0e2      0x1dd C:\QMK_MSYS\tmp\ccEf3yIx.debug.temp.o
                0x0001e0e2                sym_defer_g.c.f6252923
 .debug_info    0x0001e2bf      0x2f2 C:\QMK_MSYS\tmp\cc0LaVZ8.debug.temp.o
                0x0001e2bf                split_util.c.5a98c545
 .debug_info    0x0001e5b1      0x512 C:\QMK_MSYS\tmp\ccKWcpqK.debug.temp.o
                0x0001e5b1                transport.c.0edfcec2
 .debug_info    0x0001eac3      0x977 C:\QMK_MSYS\tmp\ccmbpSMk.debug.temp.o
                0x0001eac3                transactions.c.50b55cbf
 .debug_info    0x0001f43a       0xed C:\QMK_MSYS\tmp\cc2TvrpV.debug.temp.o
                0x0001f43a                main.c.0a991903
 .debug_info    0x0001f527       0xc7 C:\QMK_MSYS\tmp\ccu5UQ8v.debug.temp.o
                0x0001f527                printf.c.20c060a4
 .debug_info    0x0001f5ee      0x227 C:\QMK_MSYS\tmp\ccmApzP6.debug.temp.o
                0x0001f5ee                color.c.0f4f7408
 .debug_info    0x0001f815     0x16b9 C:\QMK_MSYS\tmp\ccWpBQCH.debug.temp.o
                0x0001f815                rgb_matrix.c.5b1259cc
 .debug_info    0x00020ece      0x269 C:\QMK_MSYS\tmp\ccC6Ofuh.debug.temp.o
                0x00020ece                rgb_matrix_drivers.c.b9c2f0e4
 .debug_info    0x00021137     0x2512 C:\QMK_MSYS\tmp\ccsOQxwR.debug.temp.o
                0x00021137                process_rgb.c.4a38bd70
 .debug_info    0x00023649       0xa6 C:\QMK_MSYS\tmp\cckzFmHr.debug.temp.o
                0x00023649                led_tables.c.d5b094fa
 .debug_info    0x000236ef      0x125 C:\QMK_MSYS\tmp\ccOnaDX1.debug.temp.o
                0x000236ef                lib8tion.c.105c42ea
 .debug_info    0x00023814      0xd2c C:\QMK_MSYS\tmp\cc8IkheB.debug.temp.o
                0x00023814                oled_driver.c.5f067863
 .debug_info    0x00024540      0x3e2 C:\QMK_MSYS\tmp\ccyPJDra.debug.temp.o
                0x00024540                process_unicodemap.c.e4251ebb
 .debug_info    0x00024922      0x41d C:\QMK_MSYS\tmp\ccCCI8KJ.debug.temp.o
                0x00024922                unicodemap.c.8eb27bda
 .debug_info    0x00024d3f     0x2467 C:\QMK_MSYS\tmp\ccEGcHsj.debug.temp.o
                0x00024d3f                process_unicode_common.c.4101d619
 .debug_info    0x000271a6     0x2773 C:\QMK_MSYS\tmp\ccoRwm6S.debug.temp.o
                0x000271a6                unicode.c.6469f464
 .debug_info    0x00029919      0x202 C:\QMK_MSYS\tmp\ccOGnXS9.debug.temp.o
                0x00029919                ws2812_bitbang.c.eb3b31a2
 .debug_info    0x00029b1b     0x2a14 C:\QMK_MSYS\tmp\cc89ZdvN.debug.temp.o
                0x00029b1b                process_auto_shift.c.61c5e9ad
 .debug_info    0x0002c52f       0xfe C:\QMK_MSYS\tmp\ccQN3Kgr.debug.temp.o
                0x0002c52f                crc.c.d6cac0f1
 .debug_info    0x0002c62d     0x246b C:\QMK_MSYS\tmp\cce3nSW3.debug.temp.o
                0x0002c62d                process_grave_esc.c.96d3cb74
 .debug_info    0x0002ea98     0x24f9 C:\QMK_MSYS\tmp\cc02LWMG.debug.temp.o
                0x0002ea98                process_magic.c.1fee1f1f
 .debug_info    0x00030f91     0x2720 C:\QMK_MSYS\tmp\cc6mrtOj.debug.temp.o
                0x00030f91                send_string.c.2c8a73a3
 .debug_info    0x000336b1     0x244b C:\QMK_MSYS\tmp\ccSEi4XW.debug.temp.o
                0x000336b1                process_space_cadet.c.3d26da1f
 .debug_info    0x00035afc      0x9c7 C:\QMK_MSYS\tmp\ccufu75y.debug.temp.o
                0x00035afc                process_tap_dance.c.c41ab089
 .debug_info    0x000364c3      0x6ad C:\QMK_MSYS\tmp\ccKusiob.debug.temp.o
                0x000364c3                host.c.520473ad
 .debug_info    0x00036b70     0x25d4 C:\QMK_MSYS\tmp\ccESqcMN.debug.temp.o
                0x00036b70                report.c.2fca9665
 .debug_info    0x00039144      0x17f C:\QMK_MSYS\tmp\ccE5v9jq.debug.temp.o
                0x00039144                usb_device_state.c.26f81cb5
 .debug_info    0x000392c3       0xf8 C:\QMK_MSYS\tmp\cc6j1oED.debug.temp.o
                0x000392c3                suspend.c.da7c689c
 .debug_info    0x000393bb       0x75 C:\QMK_MSYS\tmp\ccUH6w38.debug.temp.o
                0x000393bb                platform.c.b3a22241
 .debug_info    0x00039430      0x17e C:\QMK_MSYS\tmp\cc4NFkVO.debug.temp.o
                0x00039430                suspend.c.6cd7bbbf
 .debug_info    0x000395ae      0x209 C:\QMK_MSYS\tmp\ccs7tAUu.debug.temp.o
                0x000395ae                timer.c.236a4974
 .debug_info    0x000397b7       0xc7 C:\QMK_MSYS\tmp\ccSBvGQa.debug.temp.o
                0x000397b7                caterina.c.d7fedb30
 .debug_info    0x0003987e      0xc19 C:\QMK_MSYS\tmp\ccwDgZWQ.debug.temp.o
                0x0003987e                lufa.c.92fb486b
 .debug_info    0x0003a497      0x78d C:\QMK_MSYS\tmp\ccqJRDYv.debug.temp.o
                0x0003a497                usb_descriptor.c.4ce678e8
 .debug_info    0x0003ac24       0x9c C:\QMK_MSYS\tmp\ccY0GbVQ.debug.temp.o
                0x0003ac24                Device_AVR8.c.bd86d85a
 .debug_info    0x0003acc0      0xb26 C:\QMK_MSYS\tmp\ccumWzrv.debug.temp.o
                0x0003acc0                EndpointStream_AVR8.c.c1eb09b0
 .debug_info    0x0003b7e6      0x3fa C:\QMK_MSYS\tmp\cc4tfeV9.debug.temp.o
                0x0003b7e6                Endpoint_AVR8.c.14d1bb08
 .debug_info    0x0003bbe0      0x2f0 C:\QMK_MSYS\tmp\ccoqmQpL.debug.temp.o
                0x0003bbe0                USBController_AVR8.c.d664cb1d
 .debug_info    0x0003bed0      0x366 C:\QMK_MSYS\tmp\ccywZBHp.debug.temp.o
                0x0003bed0                USBInterrupt_AVR8.c.a253048e
 .debug_info    0x0003c236      0x624 C:\QMK_MSYS\tmp\ccsDHb8L.debug.temp.o
                0x0003c236                DeviceStandardReq.c.a7b2ff1f
 .debug_info    0x0003c85a      0x1d8 C:\QMK_MSYS\tmp\ccuvKWDU.debug.temp.o
                0x0003c85a                USBTask.c.9c02d57e
 .debug_info    0x0003ca32      0x1da C:\QMK_MSYS\tmp\ccmiQL8C.debug.temp.o
                0x0003ca32                usb_util.c.04940d4d
 .debug_info    0x0003cc0c      0xa75 .build/obj_crkbd_rev1_PROYECTO_MEJORAR_CRKBD/i2c_master.a(i2c_master.o)
 .debug_info    0x0003d681     0x10c5 .build/obj_crkbd_rev1_PROYECTO_MEJORAR_CRKBD/serial.a(serial.o)

.debug_abbrev   0x00000000     0x6fac
 *(.debug_abbrev)
 .debug_abbrev  0x00000000      0x96a c:/qmk_msys/mingw64/bin/../lib/gcc/avr/12.2.0/../../../../avr/lib/avr5/crtatmega32u4.o
 .debug_abbrev  0x0000096a      0x31f C:\QMK_MSYS\tmp\ccIg7Orf.ltrans0.ltrans.o
 .debug_abbrev  0x00000c89       0x98 C:\QMK_MSYS\tmp\cc6pvD2r.debug.temp.o
 .debug_abbrev  0x00000d21      0x30c C:\QMK_MSYS\tmp\cc8XQnM0.debug.temp.o
 .debug_abbrev  0x0000102d      0x290 C:\QMK_MSYS\tmp\cc0MRLEz.debug.temp.o
 .debug_abbrev  0x000012bd       0x7b C:\QMK_MSYS\tmp\ccs83ZG8.debug.temp.o
 .debug_abbrev  0x00001338      0x13f C:\QMK_MSYS\tmp\ccsJXcPG.debug.temp.o
 .debug_abbrev  0x00001477      0x328 C:\QMK_MSYS\tmp\ccCRVa4e.debug.temp.o
 .debug_abbrev  0x0000179f      0x216 C:\QMK_MSYS\tmp\cckrZUfN.debug.temp.o
 .debug_abbrev  0x000019b5      0x21b C:\QMK_MSYS\tmp\cc2G4qxl.debug.temp.o
 .debug_abbrev  0x00001bd0      0x23a C:\QMK_MSYS\tmp\ccUTRhZT.debug.temp.o
 .debug_abbrev  0x00001e0a      0x136 C:\QMK_MSYS\tmp\ccsumAwr.debug.temp.o
 .debug_abbrev  0x00001f40      0x29f C:\QMK_MSYS\tmp\ccMx9IaZ.debug.temp.o
 .debug_abbrev  0x000021df      0x17b C:\QMK_MSYS\tmp\ccMKakUw.debug.temp.o
 .debug_abbrev  0x0000235a      0x100 C:\QMK_MSYS\tmp\ccui9JO4.debug.temp.o
 .debug_abbrev  0x0000245a       0xdb C:\QMK_MSYS\tmp\ccKNR8DB.debug.temp.o
 .debug_abbrev  0x00002535       0xa0 C:\QMK_MSYS\tmp\cc6liMJ8.debug.temp.o
 .debug_abbrev  0x000025d5       0x57 C:\QMK_MSYS\tmp\cc4FdEWF.debug.temp.o
 .debug_abbrev  0x0000262c      0x144 C:\QMK_MSYS\tmp\ccuqBn7c.debug.temp.o
 .debug_abbrev  0x00002770      0x12e C:\QMK_MSYS\tmp\ccY0EroK.debug.temp.o
 .debug_abbrev  0x0000289e      0x1ed C:\QMK_MSYS\tmp\cciOXurl.debug.temp.o
 .debug_abbrev  0x00002a8b      0x1c3 C:\QMK_MSYS\tmp\cc47nLBW.debug.temp.o
 .debug_abbrev  0x00002c4e       0xfb C:\QMK_MSYS\tmp\ccEf3yIx.debug.temp.o
 .debug_abbrev  0x00002d49      0x1c3 C:\QMK_MSYS\tmp\cc0LaVZ8.debug.temp.o
 .debug_abbrev  0x00002f0c      0x20f C:\QMK_MSYS\tmp\ccKWcpqK.debug.temp.o
 .debug_abbrev  0x0000311b      0x2e1 C:\QMK_MSYS\tmp\ccmbpSMk.debug.temp.o
 .debug_abbrev  0x000033fc       0x5d C:\QMK_MSYS\tmp\cc2TvrpV.debug.temp.o
 .debug_abbrev  0x00003459       0x8c C:\QMK_MSYS\tmp\ccu5UQ8v.debug.temp.o
 .debug_abbrev  0x000034e5       0xfc C:\QMK_MSYS\tmp\ccmApzP6.debug.temp.o
 .debug_abbrev  0x000035e1      0x3a5 C:\QMK_MSYS\tmp\ccWpBQCH.debug.temp.o
 .debug_abbrev  0x00003986      0x16c C:\QMK_MSYS\tmp\ccC6Ofuh.debug.temp.o
 .debug_abbrev  0x00003af2      0x146 C:\QMK_MSYS\tmp\ccsOQxwR.debug.temp.o
 .debug_abbrev  0x00003c38       0x75 C:\QMK_MSYS\tmp\cckzFmHr.debug.temp.o
 .debug_abbrev  0x00003cad       0x92 C:\QMK_MSYS\tmp\ccOnaDX1.debug.temp.o
 .debug_abbrev  0x00003d3f      0x21f C:\QMK_MSYS\tmp\cc8IkheB.debug.temp.o
 .debug_abbrev  0x00003f5e      0x104 C:\QMK_MSYS\tmp\ccyPJDra.debug.temp.o
 .debug_abbrev  0x00004062      0x15e C:\QMK_MSYS\tmp\ccCCI8KJ.debug.temp.o
 .debug_abbrev  0x000041c0      0x13e C:\QMK_MSYS\tmp\ccEGcHsj.debug.temp.o
 .debug_abbrev  0x000042fe      0x2b8 C:\QMK_MSYS\tmp\ccoRwm6S.debug.temp.o
 .debug_abbrev  0x000045b6      0x129 C:\QMK_MSYS\tmp\ccOGnXS9.debug.temp.o
 .debug_abbrev  0x000046df      0x262 C:\QMK_MSYS\tmp\cc89ZdvN.debug.temp.o
 .debug_abbrev  0x00004941       0x8e C:\QMK_MSYS\tmp\ccQN3Kgr.debug.temp.o
 .debug_abbrev  0x000049cf      0x163 C:\QMK_MSYS\tmp\cce3nSW3.debug.temp.o
 .debug_abbrev  0x00004b32      0x14d C:\QMK_MSYS\tmp\cc02LWMG.debug.temp.o
 .debug_abbrev  0x00004c7f      0x1b9 C:\QMK_MSYS\tmp\cc6mrtOj.debug.temp.o
 .debug_abbrev  0x00004e38      0x139 C:\QMK_MSYS\tmp\ccSEi4XW.debug.temp.o
 .debug_abbrev  0x00004f71      0x206 C:\QMK_MSYS\tmp\ccufu75y.debug.temp.o
 .debug_abbrev  0x00005177      0x1dc C:\QMK_MSYS\tmp\ccKusiob.debug.temp.o
 .debug_abbrev  0x00005353      0x1a7 C:\QMK_MSYS\tmp\ccESqcMN.debug.temp.o
 .debug_abbrev  0x000054fa       0xc8 C:\QMK_MSYS\tmp\ccE5v9jq.debug.temp.o
 .debug_abbrev  0x000055c2       0xa2 C:\QMK_MSYS\tmp\cc6j1oED.debug.temp.o
 .debug_abbrev  0x00005664       0x55 C:\QMK_MSYS\tmp\ccUH6w38.debug.temp.o
 .debug_abbrev  0x000056b9       0xea C:\QMK_MSYS\tmp\cc4NFkVO.debug.temp.o
 .debug_abbrev  0x000057a3      0x108 C:\QMK_MSYS\tmp\ccs7tAUu.debug.temp.o
 .debug_abbrev  0x000058ab       0x96 C:\QMK_MSYS\tmp\ccSBvGQa.debug.temp.o
 .debug_abbrev  0x00005941      0x367 C:\QMK_MSYS\tmp\ccwDgZWQ.debug.temp.o
 .debug_abbrev  0x00005ca8      0x146 C:\QMK_MSYS\tmp\ccqJRDYv.debug.temp.o
 .debug_abbrev  0x00005dee       0x66 C:\QMK_MSYS\tmp\ccY0GbVQ.debug.temp.o
 .debug_abbrev  0x00005e54      0x190 C:\QMK_MSYS\tmp\ccumWzrv.debug.temp.o
 .debug_abbrev  0x00005fe4      0x16c C:\QMK_MSYS\tmp\cc4tfeV9.debug.temp.o
 .debug_abbrev  0x00006150      0x125 C:\QMK_MSYS\tmp\ccoqmQpL.debug.temp.o
 .debug_abbrev  0x00006275      0x191 C:\QMK_MSYS\tmp\ccywZBHp.debug.temp.o
 .debug_abbrev  0x00006406      0x208 C:\QMK_MSYS\tmp\ccsDHb8L.debug.temp.o
 .debug_abbrev  0x0000660e      0x127 C:\QMK_MSYS\tmp\ccuvKWDU.debug.temp.o
 .debug_abbrev  0x00006735      0x185 C:\QMK_MSYS\tmp\ccmiQL8C.debug.temp.o
 .debug_abbrev  0x000068ba      0x27b .build/obj_crkbd_rev1_PROYECTO_MEJORAR_CRKBD/i2c_master.a(i2c_master.o)
 .debug_abbrev  0x00006b35      0x477 .build/obj_crkbd_rev1_PROYECTO_MEJORAR_CRKBD/serial.a(serial.o)

.debug_line     0x00000000    0x14c3f
 *(.debug_line .debug_line.* .debug_line_end)
 .debug_line    0x00000000       0x1d c:/qmk_msys/mingw64/bin/../lib/gcc/avr/12.2.0/../../../../avr/lib/avr5/crtatmega32u4.o
 .debug_line    0x0000001d     0xea5d C:\QMK_MSYS\tmp\ccIg7Orf.ltrans0.ltrans.o
 .debug_line    0x0000ea7a       0xc9 C:\QMK_MSYS\tmp\cc6pvD2r.debug.temp.o
 .debug_line    0x0000eb43      0x197 C:\QMK_MSYS\tmp\cc8XQnM0.debug.temp.o
 .debug_line    0x0000ecda      0x267 C:\QMK_MSYS\tmp\cc0MRLEz.debug.temp.o
 .debug_line    0x0000ef41       0x5e C:\QMK_MSYS\tmp\ccs83ZG8.debug.temp.o
 .debug_line    0x0000ef9f       0xaf C:\QMK_MSYS\tmp\ccsJXcPG.debug.temp.o
 .debug_line    0x0000f04e      0x159 C:\QMK_MSYS\tmp\ccCRVa4e.debug.temp.o
 .debug_line    0x0000f1a7       0xa0 C:\QMK_MSYS\tmp\cckrZUfN.debug.temp.o
 .debug_line    0x0000f247       0xb0 C:\QMK_MSYS\tmp\cc2G4qxl.debug.temp.o
 .debug_line    0x0000f2f7      0x123 C:\QMK_MSYS\tmp\ccUTRhZT.debug.temp.o
 .debug_line    0x0000f41a       0xdc C:\QMK_MSYS\tmp\ccsumAwr.debug.temp.o
 .debug_line    0x0000f4f6      0x1d7 C:\QMK_MSYS\tmp\ccMx9IaZ.debug.temp.o
 .debug_line    0x0000f6cd       0xdd C:\QMK_MSYS\tmp\ccMKakUw.debug.temp.o
 .debug_line    0x0000f7aa       0x96 C:\QMK_MSYS\tmp\ccui9JO4.debug.temp.o
 .debug_line    0x0000f840       0x84 C:\QMK_MSYS\tmp\ccKNR8DB.debug.temp.o
 .debug_line    0x0000f8c4       0x6f C:\QMK_MSYS\tmp\cc6liMJ8.debug.temp.o
 .debug_line    0x0000f933       0x67 C:\QMK_MSYS\tmp\cc4FdEWF.debug.temp.o
 .debug_line    0x0000f99a       0xf3 C:\QMK_MSYS\tmp\ccuqBn7c.debug.temp.o
 .debug_line    0x0000fa8d       0xbd C:\QMK_MSYS\tmp\ccY0EroK.debug.temp.o
 .debug_line    0x0000fb4a      0x15c C:\QMK_MSYS\tmp\cciOXurl.debug.temp.o
 .debug_line    0x0000fca6      0x156 C:\QMK_MSYS\tmp\cc47nLBW.debug.temp.o
 .debug_line    0x0000fdfc       0xdb C:\QMK_MSYS\tmp\ccEf3yIx.debug.temp.o
 .debug_line    0x0000fed7      0x110 C:\QMK_MSYS\tmp\cc0LaVZ8.debug.temp.o
 .debug_line    0x0000ffe7      0x14c C:\QMK_MSYS\tmp\ccKWcpqK.debug.temp.o
 .debug_line    0x00010133      0x1dd C:\QMK_MSYS\tmp\ccmbpSMk.debug.temp.o
 .debug_line    0x00010310       0x3d C:\QMK_MSYS\tmp\cc2TvrpV.debug.temp.o
 .debug_line    0x0001034d       0x8e C:\QMK_MSYS\tmp\ccu5UQ8v.debug.temp.o
 .debug_line    0x000103db       0x77 C:\QMK_MSYS\tmp\ccmApzP6.debug.temp.o
 .debug_line    0x00010452      0x2df C:\QMK_MSYS\tmp\ccWpBQCH.debug.temp.o
 .debug_line    0x00010731       0xb9 C:\QMK_MSYS\tmp\ccC6Ofuh.debug.temp.o
 .debug_line    0x000107ea       0xe5 C:\QMK_MSYS\tmp\ccsOQxwR.debug.temp.o
 .debug_line    0x000108cf       0x71 C:\QMK_MSYS\tmp\cckzFmHr.debug.temp.o
 .debug_line    0x00010940       0x64 C:\QMK_MSYS\tmp\ccOnaDX1.debug.temp.o
 .debug_line    0x000109a4      0x14e C:\QMK_MSYS\tmp\cc8IkheB.debug.temp.o
 .debug_line    0x00010af2       0xc9 C:\QMK_MSYS\tmp\ccyPJDra.debug.temp.o
 .debug_line    0x00010bbb       0xe1 C:\QMK_MSYS\tmp\ccCCI8KJ.debug.temp.o
 .debug_line    0x00010c9c      0x102 C:\QMK_MSYS\tmp\ccEGcHsj.debug.temp.o
 .debug_line    0x00010d9e      0x171 C:\QMK_MSYS\tmp\ccoRwm6S.debug.temp.o
 .debug_line    0x00010f0f       0xc0 C:\QMK_MSYS\tmp\ccOGnXS9.debug.temp.o
 .debug_line    0x00010fcf      0x101 C:\QMK_MSYS\tmp\cc89ZdvN.debug.temp.o
 .debug_line    0x000110d0       0x9e C:\QMK_MSYS\tmp\ccQN3Kgr.debug.temp.o
 .debug_line    0x0001116e       0xe6 C:\QMK_MSYS\tmp\cce3nSW3.debug.temp.o
 .debug_line    0x00011254       0xc6 C:\QMK_MSYS\tmp\cc02LWMG.debug.temp.o
 .debug_line    0x0001131a       0xdb C:\QMK_MSYS\tmp\cc6mrtOj.debug.temp.o
 .debug_line    0x000113f5       0xbf C:\QMK_MSYS\tmp\ccSEi4XW.debug.temp.o
 .debug_line    0x000114b4      0x13e C:\QMK_MSYS\tmp\ccufu75y.debug.temp.o
 .debug_line    0x000115f2       0xbc C:\QMK_MSYS\tmp\ccKusiob.debug.temp.o
 .debug_line    0x000116ae      0x10c C:\QMK_MSYS\tmp\ccESqcMN.debug.temp.o
 .debug_line    0x000117ba       0x87 C:\QMK_MSYS\tmp\ccE5v9jq.debug.temp.o
 .debug_line    0x00011841       0x74 C:\QMK_MSYS\tmp\cc6j1oED.debug.temp.o
 .debug_line    0x000118b5       0x65 C:\QMK_MSYS\tmp\ccUH6w38.debug.temp.o
 .debug_line    0x0001191a      0x126 C:\QMK_MSYS\tmp\cc4NFkVO.debug.temp.o
 .debug_line    0x00011a40       0xa8 C:\QMK_MSYS\tmp\ccs7tAUu.debug.temp.o
 .debug_line    0x00011ae8       0x9e C:\QMK_MSYS\tmp\ccSBvGQa.debug.temp.o
 .debug_line    0x00011b86      0x33a C:\QMK_MSYS\tmp\ccwDgZWQ.debug.temp.o
 .debug_line    0x00011ec0      0x14a C:\QMK_MSYS\tmp\ccqJRDYv.debug.temp.o
 .debug_line    0x0001200a       0xca C:\QMK_MSYS\tmp\ccY0GbVQ.debug.temp.o
 .debug_line    0x000120d4      0x21d C:\QMK_MSYS\tmp\ccumWzrv.debug.temp.o
 .debug_line    0x000122f1      0x1d4 C:\QMK_MSYS\tmp\cc4tfeV9.debug.temp.o
 .debug_line    0x000124c5      0x1d1 C:\QMK_MSYS\tmp\ccoqmQpL.debug.temp.o
 .debug_line    0x00012696      0x258 C:\QMK_MSYS\tmp\ccywZBHp.debug.temp.o
 .debug_line    0x000128ee      0x1ae C:\QMK_MSYS\tmp\ccsDHb8L.debug.temp.o
 .debug_line    0x00012a9c      0x11f C:\QMK_MSYS\tmp\ccuvKWDU.debug.temp.o
 .debug_line    0x00012bbb      0x180 C:\QMK_MSYS\tmp\ccmiQL8C.debug.temp.o
 .debug_line    0x00012d3b      0xe70 .build/obj_crkbd_rev1_PROYECTO_MEJORAR_CRKBD/i2c_master.a(i2c_master.o)
 .debug_line    0x00013bab     0x1094 .build/obj_crkbd_rev1_PROYECTO_MEJORAR_CRKBD/serial.a(serial.o)

.debug_frame    0x00000000      0xf40
 *(.debug_frame)
 .debug_frame   0x00000000      0xc30 C:\QMK_MSYS\tmp\ccIg7Orf.ltrans0.ltrans.o
 .debug_frame   0x00000c30      0x1bc .build/obj_crkbd_rev1_PROYECTO_MEJORAR_CRKBD/i2c_master.a(i2c_master.o)
 .debug_frame   0x00000dec      0x154 .build/obj_crkbd_rev1_PROYECTO_MEJORAR_CRKBD/serial.a(serial.o)

.debug_str      0x00000000     0xba3f
 *(.debug_str)
 .debug_str     0x00000000      0x371 c:/qmk_msys/mingw64/bin/../lib/gcc/avr/12.2.0/../../../../avr/lib/avr5/crtatmega32u4.o
 .debug_str     0x00000371      0x1b2 C:\QMK_MSYS\tmp\ccIg7Orf.ltrans0.ltrans.o
 .debug_str     0x00000371      0x278 C:\QMK_MSYS\tmp\cc6pvD2r.debug.temp.o
 .debug_str     0x00000371     0x4787 C:\QMK_MSYS\tmp\cc8XQnM0.debug.temp.o
 .debug_str     0x00000371     0x4800 C:\QMK_MSYS\tmp\cc0MRLEz.debug.temp.o
 .debug_str     0x00000371      0x252 C:\QMK_MSYS\tmp\ccs83ZG8.debug.temp.o
 .debug_str     0x00000371      0x397 C:\QMK_MSYS\tmp\ccsJXcPG.debug.temp.o
 .debug_str     0x00000371     0x4bfc C:\QMK_MSYS\tmp\ccCRVa4e.debug.temp.o
 .debug_str     0x00000371      0x60a C:\QMK_MSYS\tmp\cckrZUfN.debug.temp.o
 .debug_str     0x00000371     0x425c C:\QMK_MSYS\tmp\cc2G4qxl.debug.temp.o
 .debug_str     0x00000371      0x826 C:\QMK_MSYS\tmp\ccUTRhZT.debug.temp.o
 .debug_str     0x00000371      0x4ef C:\QMK_MSYS\tmp\ccsumAwr.debug.temp.o
 .debug_str     0x00000371      0x8ce C:\QMK_MSYS\tmp\ccMx9IaZ.debug.temp.o
 .debug_str     0x00000371     0x47dd C:\QMK_MSYS\tmp\ccMKakUw.debug.temp.o
 .debug_str     0x00000371     0x3fa9 C:\QMK_MSYS\tmp\ccui9JO4.debug.temp.o
 .debug_str     0x00000371      0x2e3 C:\QMK_MSYS\tmp\ccKNR8DB.debug.temp.o
 .debug_str     0x00000371      0x241 C:\QMK_MSYS\tmp\cc6liMJ8.debug.temp.o
 .debug_str     0x00000371      0x20c C:\QMK_MSYS\tmp\cc4FdEWF.debug.temp.o
 .debug_str     0x00000371      0x309 C:\QMK_MSYS\tmp\ccuqBn7c.debug.temp.o
 .debug_str     0x00000371      0x40b C:\QMK_MSYS\tmp\ccY0EroK.debug.temp.o
 .debug_str     0x00000371      0x541 C:\QMK_MSYS\tmp\cciOXurl.debug.temp.o
 .debug_str     0x00000371      0x4d4 C:\QMK_MSYS\tmp\cc47nLBW.debug.temp.o
 .debug_str     0x00000371      0x2f2 C:\QMK_MSYS\tmp\ccEf3yIx.debug.temp.o
 .debug_str     0x00000371      0x435 C:\QMK_MSYS\tmp\cc0LaVZ8.debug.temp.o
 .debug_str     0x00000371      0x65f C:\QMK_MSYS\tmp\ccKWcpqK.debug.temp.o
 .debug_str     0x00000371      0x8ad C:\QMK_MSYS\tmp\ccmbpSMk.debug.temp.o
 .debug_str     0x00000371      0x2b4 C:\QMK_MSYS\tmp\cc2TvrpV.debug.temp.o
 .debug_str     0x00000371      0x231 C:\QMK_MSYS\tmp\ccu5UQ8v.debug.temp.o
 .debug_str     0x00000371      0x26f C:\QMK_MSYS\tmp\ccmApzP6.debug.temp.o
 .debug_str     0x00000371     0x1163 C:\QMK_MSYS\tmp\ccWpBQCH.debug.temp.o
 .debug_str     0x00000371      0x2d5 C:\QMK_MSYS\tmp\ccC6Ofuh.debug.temp.o
 .debug_str     0x00000371     0x41e2 C:\QMK_MSYS\tmp\ccsOQxwR.debug.temp.o
 .debug_str     0x00000371      0x204 C:\QMK_MSYS\tmp\cckzFmHr.debug.temp.o
 .debug_str     0x00000371      0x226 C:\QMK_MSYS\tmp\ccOnaDX1.debug.temp.o
 .debug_str     0x00000371      0x912 C:\QMK_MSYS\tmp\cc8IkheB.debug.temp.o
 .debug_str     0x00000371      0x674 C:\QMK_MSYS\tmp\ccyPJDra.debug.temp.o
 .debug_str     0x00000371      0x6e3 C:\QMK_MSYS\tmp\ccCCI8KJ.debug.temp.o
 .debug_str     0x00000371     0x40c3 C:\QMK_MSYS\tmp\ccEGcHsj.debug.temp.o
 .debug_str     0x00000371     0x4280 C:\QMK_MSYS\tmp\ccoRwm6S.debug.temp.o
 .debug_str     0x00000371      0x2df C:\QMK_MSYS\tmp\ccOGnXS9.debug.temp.o
 .debug_str     0x00000371     0x4674 C:\QMK_MSYS\tmp\cc89ZdvN.debug.temp.o
 .debug_str     0x00000371      0x232 C:\QMK_MSYS\tmp\ccQN3Kgr.debug.temp.o
 .debug_str     0x00000371     0x401f C:\QMK_MSYS\tmp\cce3nSW3.debug.temp.o
 .debug_str     0x00000371     0x4079 C:\QMK_MSYS\tmp\cc02LWMG.debug.temp.o
 .debug_str     0x00000371     0x4002 C:\QMK_MSYS\tmp\cc6mrtOj.debug.temp.o
 .debug_str     0x00000371     0x3fb3 C:\QMK_MSYS\tmp\ccSEi4XW.debug.temp.o
 .debug_str     0x00000371      0xa2c C:\QMK_MSYS\tmp\ccufu75y.debug.temp.o
 .debug_str     0x00000371      0x5db C:\QMK_MSYS\tmp\ccKusiob.debug.temp.o
 .debug_str     0x00000371     0x4064 C:\QMK_MSYS\tmp\ccESqcMN.debug.temp.o
 .debug_str     0x00000371      0x394 C:\QMK_MSYS\tmp\ccE5v9jq.debug.temp.o
 .debug_str     0x00000371      0x2bc C:\QMK_MSYS\tmp\cc6j1oED.debug.temp.o
 .debug_str     0x00000371      0x216 C:\QMK_MSYS\tmp\ccUH6w38.debug.temp.o
 .debug_str     0x00000371      0x384 C:\QMK_MSYS\tmp\cc4NFkVO.debug.temp.o
 .debug_str     0x00000371      0x2a6 C:\QMK_MSYS\tmp\ccs7tAUu.debug.temp.o
 .debug_str     0x00000371      0x24d C:\QMK_MSYS\tmp\ccSBvGQa.debug.temp.o
 .debug_str     0x00000371      0xd0d C:\QMK_MSYS\tmp\ccwDgZWQ.debug.temp.o
 .debug_str     0x00000371      0xa6d C:\QMK_MSYS\tmp\ccqJRDYv.debug.temp.o
 .debug_str     0x00000371      0x26d C:\QMK_MSYS\tmp\ccY0GbVQ.debug.temp.o
 .debug_str     0x00000371      0x8cf C:\QMK_MSYS\tmp\ccumWzrv.debug.temp.o
 .debug_str     0x00000371      0x68f C:\QMK_MSYS\tmp\cc4tfeV9.debug.temp.o
 .debug_str     0x00000371      0x5ce C:\QMK_MSYS\tmp\ccoqmQpL.debug.temp.o
 .debug_str     0x00000371      0x64d C:\QMK_MSYS\tmp\ccywZBHp.debug.temp.o
 .debug_str     0x00000371      0xa1e C:\QMK_MSYS\tmp\ccsDHb8L.debug.temp.o
 .debug_str     0x00000371      0x3f4 C:\QMK_MSYS\tmp\ccuvKWDU.debug.temp.o
 .debug_str     0x00000371      0x3a1 C:\QMK_MSYS\tmp\ccmiQL8C.debug.temp.o
 .debug_str     0x00000371     0xb6ce .build/obj_crkbd_rev1_PROYECTO_MEJORAR_CRKBD/i2c_master.a(i2c_master.o)
                                0x334 (size before relaxing)
 .debug_str     0x0000ba3f      0x6f9 .build/obj_crkbd_rev1_PROYECTO_MEJORAR_CRKBD/serial.a(serial.o)

.debug_loc      0x00000000     0xc04c
 *(.debug_loc)
 .debug_loc     0x00000000     0xa858 C:\QMK_MSYS\tmp\ccIg7Orf.ltrans0.ltrans.o
 .debug_loc     0x0000a858      0xd4f .build/obj_crkbd_rev1_PROYECTO_MEJORAR_CRKBD/i2c_master.a(i2c_master.o)
 .debug_loc     0x0000b5a7      0xaa5 .build/obj_crkbd_rev1_PROYECTO_MEJORAR_CRKBD/serial.a(serial.o)

.debug_macinfo
 *(.debug_macinfo)

.debug_weaknames
 *(.debug_weaknames)

.debug_funcnames
 *(.debug_funcnames)

.debug_typenames
 *(.debug_typenames)

.debug_varnames
 *(.debug_varnames)

.debug_pubtypes
 *(.debug_pubtypes)

.debug_ranges   0x00000000     0x1880
 *(.debug_ranges)
 .debug_ranges  0x00000000     0x1650 C:\QMK_MSYS\tmp\ccIg7Orf.ltrans0.ltrans.o
 .debug_ranges  0x00001650      0x128 .build/obj_crkbd_rev1_PROYECTO_MEJORAR_CRKBD/i2c_master.a(i2c_master.o)
 .debug_ranges  0x00001778      0x108 .build/obj_crkbd_rev1_PROYECTO_MEJORAR_CRKBD/serial.a(serial.o)

.debug_addr
 *(.debug_addr)

.debug_line_str
 *(.debug_line_str)

.debug_loclists
 *(.debug_loclists)

.debug_macro
 *(.debug_macro)

.debug_names
 *(.debug_names)

.debug_rnglists
 *(.debug_rnglists)

.debug_str_offsets
 *(.debug_str_offsets)

.debug_sup
 *(.debug_sup)
OUTPUT(.build/crkbd_rev1_PROYECTO_MEJORAR_CRKBD.elf elf32-avr)
LOAD linker stubs

Cross Reference Table

Symbol                                            File
ALPHAS_MODS                                       .build/obj_crkbd_rev1_PROYECTO_MEJORAR_CRKBD/quantum/rgb_matrix/rgb_matrix.o (symbol from plugin)
BAND_SAT                                          .build/obj_crkbd_rev1_PROYECTO_MEJORAR_CRKBD/quantum/rgb_matrix/rgb_matrix.o (symbol from plugin)
CALLBACK_HIDParser_FilterHIDReportItem            .build/obj_crkbd_rev1_PROYECTO_MEJORAR_CRKBD/lib/lufa/LUFA/Drivers/USB/Class/Common/HIDParser.o (symbol from plugin)
CALLBACK_USB_GetDescriptor                        .build/obj_crkbd_rev1_PROYECTO_MEJORAR_CRKBD/lufa.o (symbol from plugin)
                                                  .build/obj_crkbd_rev1_PROYECTO_MEJORAR_CRKBD/lib/lufa/LUFA/Drivers/USB/Core/DeviceStandardReq.o (symbol from plugin)
CIE1931_CURVE                                     .build/obj_crkbd_rev1_PROYECTO_MEJORAR_CRKBD/quantum/led_tables.o (symbol from plugin)
                                                  .build/obj_crkbd_rev1_PROYECTO_MEJORAR_CRKBD/quantum/color.o (symbol from plugin)
ConfigDescriptors.c.81163c54                      C:\QMK_MSYS\tmp\cc4RIt53.debug.temp.o
ConfigurationDescriptor                           .build/obj_crkbd_rev1_PROYECTO_MEJORAR_CRKBD/usb_descriptor.o (symbol from plugin)
DeviceDescriptor                                  .build/obj_crkbd_rev1_PROYECTO_MEJORAR_CRKBD/usb_descriptor.o (symbol from plugin)
DeviceStandardReq.c.a7b2ff1f                      C:\QMK_MSYS\tmp\ccsDHb8L.debug.temp.o
                                                  C:\QMK_MSYS\tmp\ccIg7Orf.ltrans0.ltrans.o
Device_AVR8.c.bd86d85a                            C:\QMK_MSYS\tmp\ccY0GbVQ.debug.temp.o
                                                  C:\QMK_MSYS\tmp\ccIg7Orf.ltrans0.ltrans.o
EVENT_USB_Device_ConfigurationChanged             .build/obj_crkbd_rev1_PROYECTO_MEJORAR_CRKBD/lufa.o (symbol from plugin)
                                                  .build/obj_crkbd_rev1_PROYECTO_MEJORAR_CRKBD/lib/lufa/LUFA/Drivers/USB/Core/DeviceStandardReq.o (symbol from plugin)
EVENT_USB_Device_Connect                          .build/obj_crkbd_rev1_PROYECTO_MEJORAR_CRKBD/lufa.o (symbol from plugin)
                                                  .build/obj_crkbd_rev1_PROYECTO_MEJORAR_CRKBD/lib/lufa/LUFA/Drivers/USB/Core/AVR8/USBInterrupt_AVR8.o (symbol from plugin)
EVENT_USB_Device_ControlRequest                   .build/obj_crkbd_rev1_PROYECTO_MEJORAR_CRKBD/lufa.o (symbol from plugin)
                                                  .build/obj_crkbd_rev1_PROYECTO_MEJORAR_CRKBD/lib/lufa/LUFA/Drivers/USB/Core/DeviceStandardReq.o (symbol from plugin)
EVENT_USB_Device_Disconnect                       .build/obj_crkbd_rev1_PROYECTO_MEJORAR_CRKBD/lufa.o (symbol from plugin)
                                                  .build/obj_crkbd_rev1_PROYECTO_MEJORAR_CRKBD/lib/lufa/LUFA/Drivers/USB/Core/AVR8/USBInterrupt_AVR8.o (symbol from plugin)
EVENT_USB_Device_Reset                            .build/obj_crkbd_rev1_PROYECTO_MEJORAR_CRKBD/lufa.o (symbol from plugin)
                                                  .build/obj_crkbd_rev1_PROYECTO_MEJORAR_CRKBD/lib/lufa/LUFA/Drivers/USB/Core/AVR8/USBInterrupt_AVR8.o (symbol from plugin)
EVENT_USB_Device_StartOfFrame                     .build/obj_crkbd_rev1_PROYECTO_MEJORAR_CRKBD/lib/lufa/LUFA/Drivers/USB/Core/Events.o (symbol from plugin)
                                                  .build/obj_crkbd_rev1_PROYECTO_MEJORAR_CRKBD/lib/lufa/LUFA/Drivers/USB/Core/AVR8/USBInterrupt_AVR8.o (symbol from plugin)
EVENT_USB_Device_Suspend                          .build/obj_crkbd_rev1_PROYECTO_MEJORAR_CRKBD/lufa.o (symbol from plugin)
                                                  .build/obj_crkbd_rev1_PROYECTO_MEJORAR_CRKBD/lib/lufa/LUFA/Drivers/USB/Core/AVR8/USBInterrupt_AVR8.o (symbol from plugin)
EVENT_USB_Device_WakeUp                           .build/obj_crkbd_rev1_PROYECTO_MEJORAR_CRKBD/lufa.o (symbol from plugin)
                                                  .build/obj_crkbd_rev1_PROYECTO_MEJORAR_CRKBD/lib/lufa/LUFA/Drivers/USB/Core/AVR8/USBInterrupt_AVR8.o (symbol from plugin)
EndpointStream_AVR8.c.c1eb09b0                    C:\QMK_MSYS\tmp\ccumWzrv.debug.temp.o
                                                  C:\QMK_MSYS\tmp\ccIg7Orf.ltrans0.ltrans.o
Endpoint_AVR8.c.14d1bb08                          C:\QMK_MSYS\tmp\cc4tfeV9.debug.temp.o
                                                  C:\QMK_MSYS\tmp\ccIg7Orf.ltrans0.ltrans.o
Endpoint_ClearEndpoints                           .build/obj_crkbd_rev1_PROYECTO_MEJORAR_CRKBD/lib/lufa/LUFA/Drivers/USB/Core/AVR8/Endpoint_AVR8.o (symbol from plugin)
Endpoint_ClearStatusStage                         .build/obj_crkbd_rev1_PROYECTO_MEJORAR_CRKBD/lib/lufa/LUFA/Drivers/USB/Core/AVR8/Endpoint_AVR8.o (symbol from plugin)
                                                  .build/obj_crkbd_rev1_PROYECTO_MEJORAR_CRKBD/lib/lufa/LUFA/Drivers/USB/Core/DeviceStandardReq.o (symbol from plugin)
                                                  .build/obj_crkbd_rev1_PROYECTO_MEJORAR_CRKBD/lufa.o (symbol from plugin)
Endpoint_ConfigureEndpointTable                   .build/obj_crkbd_rev1_PROYECTO_MEJORAR_CRKBD/lib/lufa/LUFA/Drivers/USB/Core/AVR8/Endpoint_AVR8.o (symbol from plugin)
Endpoint_ConfigureEndpoint_Prv                    .build/obj_crkbd_rev1_PROYECTO_MEJORAR_CRKBD/lib/lufa/LUFA/Drivers/USB/Core/AVR8/Endpoint_AVR8.o (symbol from plugin)
                                                  .build/obj_crkbd_rev1_PROYECTO_MEJORAR_CRKBD/lib/lufa/LUFA/Drivers/USB/Core/AVR8/USBInterrupt_AVR8.o (symbol from plugin)
                                                  .build/obj_crkbd_rev1_PROYECTO_MEJORAR_CRKBD/lib/lufa/LUFA/Drivers/USB/Core/AVR8/USBController_AVR8.o (symbol from plugin)
                                                  .build/obj_crkbd_rev1_PROYECTO_MEJORAR_CRKBD/lufa.o (symbol from plugin)
Endpoint_Discard_Stream                           .build/obj_crkbd_rev1_PROYECTO_MEJORAR_CRKBD/lib/lufa/LUFA/Drivers/USB/Core/AVR8/EndpointStream_AVR8.o (symbol from plugin)
Endpoint_Null_Stream                              .build/obj_crkbd_rev1_PROYECTO_MEJORAR_CRKBD/lib/lufa/LUFA/Drivers/USB/Core/AVR8/EndpointStream_AVR8.o (symbol from plugin)
Endpoint_Read_Control_EStream_BE                  .build/obj_crkbd_rev1_PROYECTO_MEJORAR_CRKBD/lib/lufa/LUFA/Drivers/USB/Core/AVR8/EndpointStream_AVR8.o (symbol from plugin)
Endpoint_Read_Control_EStream_LE                  .build/obj_crkbd_rev1_PROYECTO_MEJORAR_CRKBD/lib/lufa/LUFA/Drivers/USB/Core/AVR8/EndpointStream_AVR8.o (symbol from plugin)
Endpoint_Read_Control_Stream_BE                   .build/obj_crkbd_rev1_PROYECTO_MEJORAR_CRKBD/lib/lufa/LUFA/Drivers/USB/Core/AVR8/EndpointStream_AVR8.o (symbol from plugin)
Endpoint_Read_Control_Stream_LE                   .build/obj_crkbd_rev1_PROYECTO_MEJORAR_CRKBD/lib/lufa/LUFA/Drivers/USB/Core/AVR8/EndpointStream_AVR8.o (symbol from plugin)
Endpoint_Read_EStream_BE                          .build/obj_crkbd_rev1_PROYECTO_MEJORAR_CRKBD/lib/lufa/LUFA/Drivers/USB/Core/AVR8/EndpointStream_AVR8.o (symbol from plugin)
Endpoint_Read_EStream_LE                          .build/obj_crkbd_rev1_PROYECTO_MEJORAR_CRKBD/lib/lufa/LUFA/Drivers/USB/Core/AVR8/EndpointStream_AVR8.o (symbol from plugin)
Endpoint_Read_Stream_BE                           .build/obj_crkbd_rev1_PROYECTO_MEJORAR_CRKBD/lib/lufa/LUFA/Drivers/USB/Core/AVR8/EndpointStream_AVR8.o (symbol from plugin)
Endpoint_Read_Stream_LE                           .build/obj_crkbd_rev1_PROYECTO_MEJORAR_CRKBD/lib/lufa/LUFA/Drivers/USB/Core/AVR8/EndpointStream_AVR8.o (symbol from plugin)
Endpoint_WaitUntilReady                           .build/obj_crkbd_rev1_PROYECTO_MEJORAR_CRKBD/lib/lufa/LUFA/Drivers/USB/Core/AVR8/Endpoint_AVR8.o (symbol from plugin)
                                                  .build/obj_crkbd_rev1_PROYECTO_MEJORAR_CRKBD/lib/lufa/LUFA/Drivers/USB/Core/AVR8/EndpointStream_AVR8.o (symbol from plugin)
Endpoint_Write_Control_EStream_BE                 .build/obj_crkbd_rev1_PROYECTO_MEJORAR_CRKBD/lib/lufa/LUFA/Drivers/USB/Core/AVR8/EndpointStream_AVR8.o (symbol from plugin)